MPLINK 5.00, LINKER
Linker Map File - Created Wed Jan 04 21:39:37 2017

                                 Section Info
                  Section       Type    Address   Location Size(Bytes)
                ---------  ---------  ---------  ---------  ---------
               _entry_scn       code   0x000000    program   0x000006
    HIGH_INTERRUPT_VECTOR       code   0x000008    program   0x000006
     LOW_INTERRUPT_VECTOR       code   0x000018    program   0x000006
    REMAPPED_RESET_VECTOR       code   0x001000    program   0x000006
           .code___init.o       code   0x001006    program   0x000002
REMAPPED_HIGH_INTERRUPT_VECTOR       code   0x001008    program   0x000006
REMAPPED_LOW_INTERRUPT_VECTOR       code   0x001018    program   0x000006
                   .cinit    romdata   0x00101e    program   0x00000e
             .code_main.o       code   0x00102c    program   0x001664
       .code_usb_device.o       code   0x002690    program   0x000cf4
.romdata_usb_descriptors.o    romdata   0x003384    program   0x0001af
      .idata_fxd0808u.o_i    romdata   0x003533    program   0x000000
        .romdata_eeprom.o    romdata   0x003533    program   0x000000
      .romdata_fxd0808u.o    romdata   0x003533    program   0x000000
      .idata_fxd1616u.o_i    romdata   0x003533    program   0x000000
      .romdata_fxd1616u.o    romdata   0x003533    program   0x000000
        .idata___init.o_i    romdata   0x003533    program   0x000000
        .romdata___init.o    romdata   0x003533    program   0x000000
        .idata_eeprom.o_i    romdata   0x003533    program   0x000000
.romdata_usb_function_hid.o    romdata   0x003533    program   0x000000
.idata_usb_function_hid.o_i    romdata   0x003533    program   0x000000
    .romdata_usb_device.o    romdata   0x003533    program   0x000000
    .idata_usb_device.o_i    romdata   0x003533    program   0x000000
         .idata_c018i.o_i    romdata   0x003533    program   0x000000
         .romdata_c018i.o    romdata   0x003533    program   0x000000
.idata_usb_descriptors.o_i    romdata   0x003533    program   0x000000
          .romdata_main.o    romdata   0x003533    program   0x000000
             .stringtable    romdata   0x003533    program   0x000000
  .code_usb_descriptors.o       code   0x003534    program   0x000000
           .code_eeprom.o       code   0x003534    program   0x000178
            .code_c018i.o       code   0x003534    program   0x000000
 .code_usb_function_hid.o       code   0x0036ac    program   0x000122
                     PROG       code   0x0037ce    program   0x0000da
               _cinit_scn       code   0x0038a8    program   0x00009e
                   STRING       code   0x003946    program   0x000050
         .code_fxd1616u.o       code   0x003996    program   0x00002c
                    .code       code   0x0039c2    program   0x000020
             _startup_scn       code   0x0039e2    program   0x00001c
         .code_fxd0808u.o       code   0x0039fe    program   0x00001c
          .idata_main.o_i    romdata   0x003a1a    program   0x000046
    .config_300000_main.o    romdata   0x300000    program   0x000001
    .config_300001_main.o    romdata   0x300001    program   0x000001
    .config_300002_main.o    romdata   0x300002    program   0x000001
    .config_300003_main.o    romdata   0x300003    program   0x000001
    .config_300005_main.o    romdata   0x300005    program   0x000001
    .config_300006_main.o    romdata   0x300006    program   0x000001
    .config_300008_main.o    romdata   0x300008    program   0x000001
    .config_300009_main.o    romdata   0x300009    program   0x000001
    .config_30000a_main.o    romdata   0x30000a    program   0x000001
    .config_30000b_main.o    romdata   0x30000b    program   0x000001
    .config_30000c_main.o    romdata   0x30000c    program   0x000001
    .config_30000d_main.o    romdata   0x30000d    program   0x000001
                MATH_DATA      udata   0x000000       data   0x000014
YourLowPriorityISRCode_tmp      udata   0x000014       data   0x00000b
                 .tmpdata      udata   0x00001f       data   0x00000b
            .idata_main.o      idata   0x000060       data   0x000046
      .udata_usb_device.o      udata   0x0000a6       data   0x000040
           .udata_c018i.o      udata   0x0000e6       data   0x00000a
.udata_usb_function_hid.o      udata   0x0000f0       data   0x000002
          .idata___init.o      idata   0x0000f2       data   0x000000
 .idata_usb_descriptors.o      idata   0x0000f2       data   0x000000
 .udata_usb_descriptors.o      udata   0x0000f2       data   0x000000
      .idata_usb_device.o      idata   0x0000f2       data   0x000000
          .udata___init.o      udata   0x0000f2       data   0x000000
           .idata_c018i.o      idata   0x0000f2       data   0x000000
.idata_usb_function_hid.o      idata   0x0000f2       data   0x000000
          .udata_eeprom.o      udata   0x0000f2       data   0x000000
          .idata_eeprom.o      idata   0x0000f2       data   0x000000
        .idata_fxd1616u.o      idata   0x0000f2       data   0x000000
        .udata_fxd1616u.o      udata   0x0000f2       data   0x000000
        .udata_fxd0808u.o      udata   0x0000f2       data   0x000000
        .idata_fxd0808u.o      idata   0x0000f2       data   0x000000
                   .stack      udata   0x000100       data   0x000040
            .udata_main.o      udata   0x000140       data   0x00003e
                  USB_BDT      udata   0x000200       data   0x000069
                  usbram2      udata   0x000269       data   0x000090
              SFR_BANKED0      udata   0x000f53       data   0x00000d
            SFR_UNBANKED0      udata   0x000f60       data   0x0000a0



                              Program Memory Usage 
                               Start         End      
                           ---------   ---------      
                            0x000000    0x000005      
                            0x000008    0x00000d      
                            0x000018    0x00001d      
                            0x001000    0x00100d      
                            0x001018    0x003532      
                            0x003534    0x003a5f      
                            0x300000    0x300003      
                            0x300005    0x300006      
                            0x300008    0x30000d      
            10867 out of 16408 program addresses used, program memory utilization is 66%



                              Symbols - Sorted by Name
                     Name    Address   Location    Storage File                     
                ---------  ---------  ---------  --------- ---------                
                   D0808S   0x0037e4    program     static E:\3.46\pic18-lt\cxx-framework\src\traditional\math\fxd0808s.asm
                D0808SNEG   0x0037f2    program     static E:\3.46\pic18-lt\cxx-framework\src\traditional\math\fxd0808s.asm
                 D0808SOK   0x0037ee    program     static E:\3.46\pic18-lt\cxx-framework\src\traditional\math\fxd0808s.asm
                  D0808SX   0x0037f8    program     static E:\3.46\pic18-lt\cxx-framework\src\traditional\math\fxd0808s.asm
                   D1616S   0x003824    program     static E:\3.46\pic18-lt\cxx-framework\src\traditional\math\fxd1616s.asm
                D1616SNEG   0x003832    program     static E:\3.46\pic18-lt\cxx-framework\src\traditional\math\fxd1616s.asm
                 D1616SOK   0x00382e    program     static E:\3.46\pic18-lt\cxx-framework\src\traditional\math\fxd1616s.asm
                  D1616SX   0x003844    program     static E:\3.46\pic18-lt\cxx-framework\src\traditional\math\fxd1616s.asm
                  DA0808S   0x0037da    program     static E:\3.46\pic18-lt\cxx-framework\src\traditional\math\fxd0808s.asm
                  DA1616S   0x003814    program     static E:\3.46\pic18-lt\cxx-framework\src\traditional\math\fxd1616s.asm
                 FXD0808S   0x0037ce    program     extern E:\3.46\pic18-lt\cxx-framework\src\traditional\math\fxd0808s.asm
                 FXD0808U   0x0039fe    program     extern E:\3.46\pic18-lt\cxx-framework\src\traditional\math\fxd0808u.c
                 FXD1616S   0x003802    program     extern E:\3.46\pic18-lt\cxx-framework\src\traditional\math\fxd1616s.asm
                 FXD1616U   0x003996    program     extern E:\3.46\pic18-lt\cxx-framework\src\traditional\math\fxd1616u.c
                 FXM1616S   0x00384e    program     extern E:\3.46\pic18-lt\cxx-framework\src\traditional\math\fxm1616s.asm
                 High_ISR   0x000008    program     extern D:\GitHub\REVIVE_USB_RENC_Debounce\REVIVE_USB_RENC_Debounce_FW\main.c
         InitializeSystem   0x001876    program     static D:\GitHub\REVIVE_USB_RENC_Debounce\REVIVE_USB_RENC_Debounce_FW\main.c
                  Low_ISR   0x000018    program     extern D:\GitHub\REVIVE_USB_RENC_Debounce\REVIVE_USB_RENC_Debounce_FW\main.c
                ProcessIO   0x001b4c    program     extern D:\GitHub\REVIVE_USB_RENC_Debounce\REVIVE_USB_RENC_Debounce_FW\main.c
               ReadEEPROM   0x003534    program     extern D:\GitHub\REVIVE_USB_RENC_Debounce\REVIVE_USB_RENC_Debounce_FW\eeprom.c
         ReadEEPROM_Agree   0x003578    program     extern D:\GitHub\REVIVE_USB_RENC_Debounce\REVIVE_USB_RENC_Debounce_FW\eeprom.c
        Remapped_High_ISR   0x001008    program     extern D:\GitHub\REVIVE_USB_RENC_Debounce\REVIVE_USB_RENC_Debounce_FW\main.c
         Remapped_Low_ISR   0x001018    program     extern D:\GitHub\REVIVE_USB_RENC_Debounce\REVIVE_USB_RENC_Debounce_FW\main.c
               TSIGN1616A   0x00389a    program     static E:\3.46\pic18-lt\cxx-framework\src\traditional\math\fxm1616s.asm
       USBCBCheckOtherReq   0x0023d8    program     extern D:\GitHub\REVIVE_USB_RENC_Debounce\REVIVE_USB_RENC_Debounce_FW\main.c
        USBCBErrorHandler   0x0023d6    program     extern D:\GitHub\REVIVE_USB_RENC_Debounce\REVIVE_USB_RENC_Debounce_FW\main.c
              USBCBInitEP   0x0023de    program     extern D:\GitHub\REVIVE_USB_RENC_Debounce\REVIVE_USB_RENC_Debounce_FW\main.c
          USBCBSendResume   0x0023fc    program     extern D:\GitHub\REVIVE_USB_RENC_Debounce\REVIVE_USB_RENC_Debounce_FW\main.c
    USBCBStdSetDscHandler   0x0023dc    program     extern D:\GitHub\REVIVE_USB_RENC_Debounce\REVIVE_USB_RENC_Debounce_FW\main.c
             USBCBSuspend   0x0023d0    program     extern D:\GitHub\REVIVE_USB_RENC_Debounce\REVIVE_USB_RENC_Debounce_FW\main.c
     USBCBWakeFromSuspend   0x0023d2    program     extern D:\GitHub\REVIVE_USB_RENC_Debounce\REVIVE_USB_RENC_Debounce_FW\main.c
        USBCB_SOF_Handler   0x0023d4    program     extern D:\GitHub\REVIVE_USB_RENC_Debounce\REVIVE_USB_RENC_Debounce_FW\main.c
              USBCancelIO   0x002988    program     extern D:\GitHub\REVIVE_USB_RENC_Debounce\REVIVE_USB_RENC_Debounce_FW\Microchip\USB\usb_device.c
       USBCheckHIDRequest   0x0036ac    program     extern D:\GitHub\REVIVE_USB_RENC_Debounce\REVIVE_USB_RENC_Debounce_FW\Microchip\USB\HID Device Driver\usb_function_hid.c
       USBCheckStdRequest   0x002f52    program     static D:\GitHub\REVIVE_USB_RENC_Debounce\REVIVE_USB_RENC_Debounce_FW\Microchip\USB\usb_device.c
     USBConfigureEndpoint   0x002a46    program     static D:\GitHub\REVIVE_USB_RENC_Debounce\REVIVE_USB_RENC_Debounce_FW\Microchip\USB\usb_device.c
  USBCtrlEPAllowDataStage   0x002a08    program     extern D:\GitHub\REVIVE_USB_RENC_Debounce\REVIVE_USB_RENC_Debounce_FW\Microchip\USB\usb_device.c
USBCtrlEPAllowStatusStage   0x0029bc    program     extern D:\GitHub\REVIVE_USB_RENC_Debounce\REVIVE_USB_RENC_Debounce_FW\Microchip\USB\usb_device.c
         USBCtrlEPService   0x002dfa    program     static D:\GitHub\REVIVE_USB_RENC_Debounce\REVIVE_USB_RENC_Debounce_FW\Microchip\USB\usb_device.c
 USBCtrlEPServiceComplete   0x002aa2    program     static D:\GitHub\REVIVE_USB_RENC_Debounce\REVIVE_USB_RENC_Debounce_FW\Microchip\USB\usb_device.c
      USBCtrlTrfInHandler   0x002ed8    program     static D:\GitHub\REVIVE_USB_RENC_Debounce\REVIVE_USB_RENC_Debounce_FW\Microchip\USB\usb_device.c
     USBCtrlTrfOutHandler   0x002eba    program     static D:\GitHub\REVIVE_USB_RENC_Debounce\REVIVE_USB_RENC_Debounce_FW\Microchip\USB\usb_device.c
      USBCtrlTrfRxService   0x002b7c    program     static D:\GitHub\REVIVE_USB_RENC_Debounce\REVIVE_USB_RENC_Debounce_FW\Microchip\USB\usb_device.c
   USBCtrlTrfSetupHandler   0x002e84    program     static D:\GitHub\REVIVE_USB_RENC_Debounce\REVIVE_USB_RENC_Debounce_FW\Microchip\USB\usb_device.c
      USBCtrlTrfTxService   0x002afc    program     static D:\GitHub\REVIVE_USB_RENC_Debounce\REVIVE_USB_RENC_Debounce_FW\Microchip\USB\usb_device.c
            USBDeviceInit   0x002690    program     extern D:\GitHub\REVIVE_USB_RENC_Debounce\REVIVE_USB_RENC_Debounce_FW\Microchip\USB\usb_device.c
           USBDeviceTasks   0x00275a    program     extern D:\GitHub\REVIVE_USB_RENC_Debounce\REVIVE_USB_RENC_Debounce_FW\Microchip\USB\usb_device.c
        USBEnableEndpoint   0x002884    program     extern D:\GitHub\REVIVE_USB_RENC_Debounce\REVIVE_USB_RENC_Debounce_FW\Microchip\USB\usb_device.c
         USBStallEndpoint   0x002958    program     extern D:\GitHub\REVIVE_USB_RENC_Debounce\REVIVE_USB_RENC_Debounce_FW\Microchip\USB\usb_device.c
          USBStallHandler   0x002dac    program     static D:\GitHub\REVIVE_USB_RENC_Debounce\REVIVE_USB_RENC_Debounce_FW\Microchip\USB\usb_device.c
  USBStdFeatureReqHandler   0x002ffa    program     static D:\GitHub\REVIVE_USB_RENC_Debounce\REVIVE_USB_RENC_Debounce_FW\Microchip\USB\usb_device.c
      USBStdGetDscHandler   0x002cbc    program     static D:\GitHub\REVIVE_USB_RENC_Debounce\REVIVE_USB_RENC_Debounce_FW\Microchip\USB\usb_device.c
   USBStdGetStatusHandler   0x002d36    program     static D:\GitHub\REVIVE_USB_RENC_Debounce\REVIVE_USB_RENC_Debounce_FW\Microchip\USB\usb_device.c
      USBStdSetCfgHandler   0x002c44    program     static D:\GitHub\REVIVE_USB_RENC_Debounce\REVIVE_USB_RENC_Debounce_FW\Microchip\USB\usb_device.c
               USBSuspend   0x002dce    program     static D:\GitHub\REVIVE_USB_RENC_Debounce\REVIVE_USB_RENC_Debounce_FW\Microchip\USB\usb_device.c
     USBTransferOnePacket   0x0028cc    program     extern D:\GitHub\REVIVE_USB_RENC_Debounce\REVIVE_USB_RENC_Debounce_FW\Microchip\USB\usb_device.c
       USBWakeFromSuspend   0x002de2    program     static D:\GitHub\REVIVE_USB_RENC_Debounce\REVIVE_USB_RENC_Debounce_FW\Microchip\USB\usb_device.c
               USB_CD_Ptr   0x00352b    program     extern D:\GitHub\REVIVE_USB_RENC_Debounce\REVIVE_USB_RENC_Debounce_FW\usb_descriptors.c
               USB_SD_Ptr   0x00352d    program     extern D:\GitHub\REVIVE_USB_RENC_Debounce\REVIVE_USB_RENC_Debounce_FW\usb_descriptors.c
USER_USB_CALLBACK_EVENT_HANDLER   0x002418    program     extern D:\GitHub\REVIVE_USB_RENC_Debounce\REVIVE_USB_RENC_Debounce_FW\main.c
                 UserInit   0x001880    program     extern D:\GitHub\REVIVE_USB_RENC_Debounce\REVIVE_USB_RENC_Debounce_FW\main.c
              WriteEEPROM   0x003544    program     extern D:\GitHub\REVIVE_USB_RENC_Debounce\REVIVE_USB_RENC_Debounce_FW\eeprom.c
        WriteEEPROM_Agree   0x00360a    program     extern D:\GitHub\REVIVE_USB_RENC_Debounce\REVIVE_USB_RENC_Debounce_FW\eeprom.c
  YourHighPriorityISRCode   0x00102c    program     extern D:\GitHub\REVIVE_USB_RENC_Debounce\REVIVE_USB_RENC_Debounce_FW\main.c
   YourLowPriorityISRCode   0x00103a    program     extern D:\GitHub\REVIVE_USB_RENC_Debounce\REVIVE_USB_RENC_Debounce_FW\main.c
              _2jContinue   0x003966    program     static E:\3.46\pic18-lt\cxx-framework\src\traditional\stdclib\memset.asm
                   _3jEnd   0x003970    program     static E:\3.46\pic18-lt\cxx-framework\src\traditional\stdclib\memset.asm
           ___?:_lbl00009   0x0012a6    program     static                          
           ___?:_lbl00010   0x0012a4    program     static                          
           ___?:_lbl00012   0x0013aa    program     static                          
           ___?:_lbl00013   0x0013a8    program     static                          
           ___?:_lbl00014   0x0013aa    program     static                          
           ___?:_lbl00015   0x001392    program     static                          
           ___?:_lbl00016   0x0013aa    program     static                          
           ___?:_lbl00017   0x00137c    program     static                          
           ___?:_lbl00019   0x0013f4    program     static                          
           ___?:_lbl00020   0x0013f2    program     static                          
           ___?:_lbl00021   0x0013f4    program     static                          
           ___?:_lbl00022   0x0013dc    program     static                          
           ___?:_lbl00023   0x0013f4    program     static                          
           ___?:_lbl00024   0x0013c6    program     static                          
           ___?:_lbl00026   0x00143e    program     static                          
           ___?:_lbl00027   0x00143c    program     static                          
           ___?:_lbl00028   0x00143e    program     static                          
           ___?:_lbl00029   0x001426    program     static                          
           ___?:_lbl00030   0x00143e    program     static                          
           ___?:_lbl00031   0x001410    program     static                          
           ___?:_lbl00033   0x001488    program     static                          
           ___?:_lbl00034   0x001486    program     static                          
           ___?:_lbl00035   0x001488    program     static                          
           ___?:_lbl00036   0x001470    program     static                          
           ___?:_lbl00037   0x001488    program     static                          
           ___?:_lbl00038   0x00145a    program     static                          
           ___?:_lbl00047   0x0016dc    program     static                          
           ___?:_lbl00048   0x0016da    program     static                          
      ___case_-1_lbl00043   0x001588    program     static                          
      ___case_-2_lbl00044   0x00160a    program     static                          
       ___case_0_lbl00018   0x00136a    program     static                          
       ___case_0_lbl00041   0x0014da    program     static                          
     ___case_114_lbl00203   0x00249c    program     static                          
     ___case_115_lbl00199   0x00248c    program     static                          
     ___case_116_lbl00201   0x002494    program     static                          
     ___case_117_lbl00200   0x002490    program     static                          
       ___case_1_lbl00025   0x0013b4    program     static                          
       ___case_1_lbl00042   0x001506    program     static                          
       ___case_1_lbl00196   0x002480    program     static                          
       ___case_2_lbl00032   0x0013fe    program     static                          
       ___case_2_lbl00197   0x002484    program     static                          
   ___case_32767_lbl00202   0x002498    program     static                          
       ___case_3_lbl00039   0x001448    program     static                          
       ___case_3_lbl00198   0x002488    program     static                          
      ___default_lbl00204   0x0024a0    program     static                          
         ___else_lbl00054   0x00177c    program     static                          
          ___for_lbl00007   0x0017fa    program     static                          
          ___for_lbl00008   0x001800    program     static                          
          ___for_lbl00055   0x001242    program     static                          
           ___if_lbl00045   0x0016a4    program     static                          
           ___if_lbl00046   0x0016a4    program     static                          
           ___if_lbl00049   0x001732    program     static                          
           ___if_lbl00050   0x00177a    program     static                          
           ___if_lbl00051   0x0017b8    program     static                          
           ___if_lbl00052   0x0017fa    program     static                          
           ___if_lbl00053   0x0017fa    program     static                          
           ___if_lbl00056   0x00181c    program     static                          
       ___return_lbl00000   0x000004    program     static                          
       ___return_lbl00000   0x0039c0    program     static                          
       ___return_lbl00000   0x003a18    program     static                          
       ___return_lbl00000   0x001004    program     static                          
       ___return_lbl00001   0x0039fc    program     static                          
       ___return_lbl00001   0x00100c    program     static                          
       ___return_lbl00002   0x003944    program     static                          
       ___return_lbl00002   0x00101c    program     static                          
       ___return_lbl00003   0x00000c    program     static                          
       ___return_lbl00004   0x00001c    program     static                          
       ___return_lbl00006   0x00181c    program     static                          
       ___return_lbl00194   0x0024a6    program     static                          
   ___switchexit_lbl00011   0x001492    program     static                          
   ___switchexit_lbl00040   0x00164e    program     static                          
   ___switchexit_lbl00195   0x0024a2    program     static                          
               __config_0   0x300000    program     static D:\GitHub\REVIVE_USB_RENC_Debounce\REVIVE_USB_RENC_Debounce_FW\main.c
               __config_1   0x300001    program     static D:\GitHub\REVIVE_USB_RENC_Debounce\REVIVE_USB_RENC_Debounce_FW\main.c
              __config_10   0x30000c    program     static D:\GitHub\REVIVE_USB_RENC_Debounce\REVIVE_USB_RENC_Debounce_FW\main.c
              __config_11   0x30000d    program     static D:\GitHub\REVIVE_USB_RENC_Debounce\REVIVE_USB_RENC_Debounce_FW\main.c
               __config_2   0x300002    program     static D:\GitHub\REVIVE_USB_RENC_Debounce\REVIVE_USB_RENC_Debounce_FW\main.c
               __config_3   0x300003    program     static D:\GitHub\REVIVE_USB_RENC_Debounce\REVIVE_USB_RENC_Debounce_FW\main.c
               __config_4   0x300005    program     static D:\GitHub\REVIVE_USB_RENC_Debounce\REVIVE_USB_RENC_Debounce_FW\main.c
               __config_5   0x300006    program     static D:\GitHub\REVIVE_USB_RENC_Debounce\REVIVE_USB_RENC_Debounce_FW\main.c
               __config_6   0x300008    program     static D:\GitHub\REVIVE_USB_RENC_Debounce\REVIVE_USB_RENC_Debounce_FW\main.c
               __config_7   0x300009    program     static D:\GitHub\REVIVE_USB_RENC_Debounce\REVIVE_USB_RENC_Debounce_FW\main.c
               __config_8   0x30000a    program     static D:\GitHub\REVIVE_USB_RENC_Debounce\REVIVE_USB_RENC_Debounce_FW\main.c
               __config_9   0x30000b    program     static D:\GitHub\REVIVE_USB_RENC_Debounce\REVIVE_USB_RENC_Debounce_FW\main.c
                   __init   0x001006    program     extern E:\3.46\pic18-lt\cxx-framework\src\traditional\stdclib\__init.c
                   __pa_0   0x003124    program     static D:\GitHub\REVIVE_USB_RENC_Debounce\REVIVE_USB_RENC_Debounce_FW\Microchip\USB\usb_device.c
                   __pa_0   0x0024ae    program     static D:\GitHub\REVIVE_USB_RENC_Debounce\REVIVE_USB_RENC_Debounce_FW\main.c
                   __pa_0   0x003656    program     static D:\GitHub\REVIVE_USB_RENC_Debounce\REVIVE_USB_RENC_Debounce_FW\eeprom.c
                   __pa_1   0x0024ca    program     static D:\GitHub\REVIVE_USB_RENC_Debounce\REVIVE_USB_RENC_Debounce_FW\main.c
                   __pa_1   0x00312c    program     static D:\GitHub\REVIVE_USB_RENC_Debounce\REVIVE_USB_RENC_Debounce_FW\Microchip\USB\usb_device.c
                   __pa_1   0x003678    program     static D:\GitHub\REVIVE_USB_RENC_Debounce\REVIVE_USB_RENC_Debounce_FW\eeprom.c
                  __pa_10   0x00255e    program     static D:\GitHub\REVIVE_USB_RENC_Debounce\REVIVE_USB_RENC_Debounce_FW\main.c
                  __pa_10   0x00318a    program     static D:\GitHub\REVIVE_USB_RENC_Debounce\REVIVE_USB_RENC_Debounce_FW\Microchip\USB\usb_device.c
                  __pa_11   0x00256c    program     static D:\GitHub\REVIVE_USB_RENC_Debounce\REVIVE_USB_RENC_Debounce_FW\main.c
                  __pa_11   0x00319a    program     static D:\GitHub\REVIVE_USB_RENC_Debounce\REVIVE_USB_RENC_Debounce_FW\Microchip\USB\usb_device.c
                  __pa_12   0x0031a4    program     static D:\GitHub\REVIVE_USB_RENC_Debounce\REVIVE_USB_RENC_Debounce_FW\Microchip\USB\usb_device.c
                  __pa_12   0x00257a    program     static D:\GitHub\REVIVE_USB_RENC_Debounce\REVIVE_USB_RENC_Debounce_FW\main.c
                  __pa_13   0x0031b8    program     static D:\GitHub\REVIVE_USB_RENC_Debounce\REVIVE_USB_RENC_Debounce_FW\Microchip\USB\usb_device.c
                  __pa_13   0x002586    program     static D:\GitHub\REVIVE_USB_RENC_Debounce\REVIVE_USB_RENC_Debounce_FW\main.c
                  __pa_14   0x002596    program     static D:\GitHub\REVIVE_USB_RENC_Debounce\REVIVE_USB_RENC_Debounce_FW\main.c
                  __pa_14   0x0031cc    program     static D:\GitHub\REVIVE_USB_RENC_Debounce\REVIVE_USB_RENC_Debounce_FW\Microchip\USB\usb_device.c
                  __pa_15   0x0025a6    program     static D:\GitHub\REVIVE_USB_RENC_Debounce\REVIVE_USB_RENC_Debounce_FW\main.c
                  __pa_15   0x0031d8    program     static D:\GitHub\REVIVE_USB_RENC_Debounce\REVIVE_USB_RENC_Debounce_FW\Microchip\USB\usb_device.c
                  __pa_16   0x0025be    program     static D:\GitHub\REVIVE_USB_RENC_Debounce\REVIVE_USB_RENC_Debounce_FW\main.c
                  __pa_16   0x0031f2    program     static D:\GitHub\REVIVE_USB_RENC_Debounce\REVIVE_USB_RENC_Debounce_FW\Microchip\USB\usb_device.c
                  __pa_17   0x0031fe    program     static D:\GitHub\REVIVE_USB_RENC_Debounce\REVIVE_USB_RENC_Debounce_FW\Microchip\USB\usb_device.c
                  __pa_17   0x0025ca    program     static D:\GitHub\REVIVE_USB_RENC_Debounce\REVIVE_USB_RENC_Debounce_FW\main.c
                  __pa_18   0x00320a    program     static D:\GitHub\REVIVE_USB_RENC_Debounce\REVIVE_USB_RENC_Debounce_FW\Microchip\USB\usb_device.c
                  __pa_18   0x0025d6    program     static D:\GitHub\REVIVE_USB_RENC_Debounce\REVIVE_USB_RENC_Debounce_FW\main.c
                  __pa_19   0x003212    program     static D:\GitHub\REVIVE_USB_RENC_Debounce\REVIVE_USB_RENC_Debounce_FW\Microchip\USB\usb_device.c
                  __pa_19   0x0025e0    program     static D:\GitHub\REVIVE_USB_RENC_Debounce\REVIVE_USB_RENC_Debounce_FW\main.c
                   __pa_2   0x0024ee    program     static D:\GitHub\REVIVE_USB_RENC_Debounce\REVIVE_USB_RENC_Debounce_FW\main.c
                   __pa_2   0x003136    program     static D:\GitHub\REVIVE_USB_RENC_Debounce\REVIVE_USB_RENC_Debounce_FW\Microchip\USB\usb_device.c
                   __pa_2   0x003682    program     static D:\GitHub\REVIVE_USB_RENC_Debounce\REVIVE_USB_RENC_Debounce_FW\eeprom.c
                  __pa_20   0x0025f0    program     static D:\GitHub\REVIVE_USB_RENC_Debounce\REVIVE_USB_RENC_Debounce_FW\main.c
                  __pa_20   0x00321a    program     static D:\GitHub\REVIVE_USB_RENC_Debounce\REVIVE_USB_RENC_Debounce_FW\Microchip\USB\usb_device.c
                  __pa_21   0x0025f8    program     static D:\GitHub\REVIVE_USB_RENC_Debounce\REVIVE_USB_RENC_Debounce_FW\main.c
                  __pa_21   0x003226    program     static D:\GitHub\REVIVE_USB_RENC_Debounce\REVIVE_USB_RENC_Debounce_FW\Microchip\USB\usb_device.c
                  __pa_22   0x002600    program     static D:\GitHub\REVIVE_USB_RENC_Debounce\REVIVE_USB_RENC_Debounce_FW\main.c
                  __pa_22   0x003236    program     static D:\GitHub\REVIVE_USB_RENC_Debounce\REVIVE_USB_RENC_Debounce_FW\Microchip\USB\usb_device.c
                  __pa_23   0x003246    program     static D:\GitHub\REVIVE_USB_RENC_Debounce\REVIVE_USB_RENC_Debounce_FW\Microchip\USB\usb_device.c
                  __pa_23   0x00260e    program     static D:\GitHub\REVIVE_USB_RENC_Debounce\REVIVE_USB_RENC_Debounce_FW\main.c
                  __pa_24   0x003256    program     static D:\GitHub\REVIVE_USB_RENC_Debounce\REVIVE_USB_RENC_Debounce_FW\Microchip\USB\usb_device.c
                  __pa_24   0x002618    program     static D:\GitHub\REVIVE_USB_RENC_Debounce\REVIVE_USB_RENC_Debounce_FW\main.c
                  __pa_25   0x003264    program     static D:\GitHub\REVIVE_USB_RENC_Debounce\REVIVE_USB_RENC_Debounce_FW\Microchip\USB\usb_device.c
                  __pa_25   0x00261e    program     static D:\GitHub\REVIVE_USB_RENC_Debounce\REVIVE_USB_RENC_Debounce_FW\main.c
                  __pa_26   0x003272    program     static D:\GitHub\REVIVE_USB_RENC_Debounce\REVIVE_USB_RENC_Debounce_FW\Microchip\USB\usb_device.c
                  __pa_26   0x002624    program     static D:\GitHub\REVIVE_USB_RENC_Debounce\REVIVE_USB_RENC_Debounce_FW\main.c
                  __pa_27   0x002632    program     static D:\GitHub\REVIVE_USB_RENC_Debounce\REVIVE_USB_RENC_Debounce_FW\main.c
                  __pa_27   0x003280    program     static D:\GitHub\REVIVE_USB_RENC_Debounce\REVIVE_USB_RENC_Debounce_FW\Microchip\USB\usb_device.c
                  __pa_28   0x00263e    program     static D:\GitHub\REVIVE_USB_RENC_Debounce\REVIVE_USB_RENC_Debounce_FW\main.c
                  __pa_28   0x00328e    program     static D:\GitHub\REVIVE_USB_RENC_Debounce\REVIVE_USB_RENC_Debounce_FW\Microchip\USB\usb_device.c
                  __pa_29   0x003298    program     static D:\GitHub\REVIVE_USB_RENC_Debounce\REVIVE_USB_RENC_Debounce_FW\Microchip\USB\usb_device.c
                  __pa_29   0x00264a    program     static D:\GitHub\REVIVE_USB_RENC_Debounce\REVIVE_USB_RENC_Debounce_FW\main.c
                   __pa_3   0x00313e    program     static D:\GitHub\REVIVE_USB_RENC_Debounce\REVIVE_USB_RENC_Debounce_FW\Microchip\USB\usb_device.c
                   __pa_3   0x0024f8    program     static D:\GitHub\REVIVE_USB_RENC_Debounce\REVIVE_USB_RENC_Debounce_FW\main.c
                   __pa_3   0x00368a    program     static D:\GitHub\REVIVE_USB_RENC_Debounce\REVIVE_USB_RENC_Debounce_FW\eeprom.c
                  __pa_30   0x0032b0    program     static D:\GitHub\REVIVE_USB_RENC_Debounce\REVIVE_USB_RENC_Debounce_FW\Microchip\USB\usb_device.c
                  __pa_30   0x002656    program     static D:\GitHub\REVIVE_USB_RENC_Debounce\REVIVE_USB_RENC_Debounce_FW\main.c
                  __pa_31   0x002662    program     static D:\GitHub\REVIVE_USB_RENC_Debounce\REVIVE_USB_RENC_Debounce_FW\main.c
                  __pa_31   0x0032bc    program     static D:\GitHub\REVIVE_USB_RENC_Debounce\REVIVE_USB_RENC_Debounce_FW\Microchip\USB\usb_device.c
                  __pa_32   0x00266e    program     static D:\GitHub\REVIVE_USB_RENC_Debounce\REVIVE_USB_RENC_Debounce_FW\main.c
                  __pa_32   0x0032c4    program     static D:\GitHub\REVIVE_USB_RENC_Debounce\REVIVE_USB_RENC_Debounce_FW\Microchip\USB\usb_device.c
                  __pa_33   0x00267c    program     static D:\GitHub\REVIVE_USB_RENC_Debounce\REVIVE_USB_RENC_Debounce_FW\main.c
                  __pa_33   0x0032d8    program     static D:\GitHub\REVIVE_USB_RENC_Debounce\REVIVE_USB_RENC_Debounce_FW\Microchip\USB\usb_device.c
                  __pa_34   0x0032ea    program     static D:\GitHub\REVIVE_USB_RENC_Debounce\REVIVE_USB_RENC_Debounce_FW\Microchip\USB\usb_device.c
                  __pa_34   0x002686    program     static D:\GitHub\REVIVE_USB_RENC_Debounce\REVIVE_USB_RENC_Debounce_FW\main.c
                  __pa_35   0x0032f8    program     static D:\GitHub\REVIVE_USB_RENC_Debounce\REVIVE_USB_RENC_Debounce_FW\Microchip\USB\usb_device.c
                  __pa_36   0x003302    program     static D:\GitHub\REVIVE_USB_RENC_Debounce\REVIVE_USB_RENC_Debounce_FW\Microchip\USB\usb_device.c
                  __pa_37   0x00330c    program     static D:\GitHub\REVIVE_USB_RENC_Debounce\REVIVE_USB_RENC_Debounce_FW\Microchip\USB\usb_device.c
                  __pa_38   0x003312    program     static D:\GitHub\REVIVE_USB_RENC_Debounce\REVIVE_USB_RENC_Debounce_FW\Microchip\USB\usb_device.c
                  __pa_39   0x00331a    program     static D:\GitHub\REVIVE_USB_RENC_Debounce\REVIVE_USB_RENC_Debounce_FW\Microchip\USB\usb_device.c
                   __pa_4   0x002514    program     static D:\GitHub\REVIVE_USB_RENC_Debounce\REVIVE_USB_RENC_Debounce_FW\main.c
                   __pa_4   0x003694    program     static D:\GitHub\REVIVE_USB_RENC_Debounce\REVIVE_USB_RENC_Debounce_FW\eeprom.c
                   __pa_4   0x003148    program     static D:\GitHub\REVIVE_USB_RENC_Debounce\REVIVE_USB_RENC_Debounce_FW\Microchip\USB\usb_device.c
                  __pa_40   0x003320    program     static D:\GitHub\REVIVE_USB_RENC_Debounce\REVIVE_USB_RENC_Debounce_FW\Microchip\USB\usb_device.c
                  __pa_41   0x00332e    program     static D:\GitHub\REVIVE_USB_RENC_Debounce\REVIVE_USB_RENC_Debounce_FW\Microchip\USB\usb_device.c
                  __pa_42   0x00333c    program     static D:\GitHub\REVIVE_USB_RENC_Debounce\REVIVE_USB_RENC_Debounce_FW\Microchip\USB\usb_device.c
                  __pa_43   0x00334a    program     static D:\GitHub\REVIVE_USB_RENC_Debounce\REVIVE_USB_RENC_Debounce_FW\Microchip\USB\usb_device.c
                  __pa_44   0x003354    program     static D:\GitHub\REVIVE_USB_RENC_Debounce\REVIVE_USB_RENC_Debounce_FW\Microchip\USB\usb_device.c
                  __pa_45   0x00335e    program     static D:\GitHub\REVIVE_USB_RENC_Debounce\REVIVE_USB_RENC_Debounce_FW\Microchip\USB\usb_device.c
                  __pa_46   0x003366    program     static D:\GitHub\REVIVE_USB_RENC_Debounce\REVIVE_USB_RENC_Debounce_FW\Microchip\USB\usb_device.c
                  __pa_47   0x003372    program     static D:\GitHub\REVIVE_USB_RENC_Debounce\REVIVE_USB_RENC_Debounce_FW\Microchip\USB\usb_device.c
                  __pa_48   0x00337c    program     static D:\GitHub\REVIVE_USB_RENC_Debounce\REVIVE_USB_RENC_Debounce_FW\Microchip\USB\usb_device.c
                   __pa_5   0x0036a2    program     static D:\GitHub\REVIVE_USB_RENC_Debounce\REVIVE_USB_RENC_Debounce_FW\eeprom.c
                   __pa_5   0x003152    program     static D:\GitHub\REVIVE_USB_RENC_Debounce\REVIVE_USB_RENC_Debounce_FW\Microchip\USB\usb_device.c
                   __pa_5   0x00251c    program     static D:\GitHub\REVIVE_USB_RENC_Debounce\REVIVE_USB_RENC_Debounce_FW\main.c
                   __pa_6   0x00315c    program     static D:\GitHub\REVIVE_USB_RENC_Debounce\REVIVE_USB_RENC_Debounce_FW\Microchip\USB\usb_device.c
                   __pa_6   0x002536    program     static D:\GitHub\REVIVE_USB_RENC_Debounce\REVIVE_USB_RENC_Debounce_FW\main.c
                   __pa_7   0x003164    program     static D:\GitHub\REVIVE_USB_RENC_Debounce\REVIVE_USB_RENC_Debounce_FW\Microchip\USB\usb_device.c
                   __pa_7   0x002546    program     static D:\GitHub\REVIVE_USB_RENC_Debounce\REVIVE_USB_RENC_Debounce_FW\main.c
                   __pa_8   0x003174    program     static D:\GitHub\REVIVE_USB_RENC_Debounce\REVIVE_USB_RENC_Debounce_FW\Microchip\USB\usb_device.c
                   __pa_8   0x002550    program     static D:\GitHub\REVIVE_USB_RENC_Debounce\REVIVE_USB_RENC_Debounce_FW\main.c
                   __pa_9   0x00317e    program     static D:\GitHub\REVIVE_USB_RENC_Debounce\REVIVE_USB_RENC_Debounce_FW\Microchip\USB\usb_device.c
                   __pa_9   0x002558    program     static D:\GitHub\REVIVE_USB_RENC_Debounce\REVIVE_USB_RENC_Debounce_FW\main.c
               __tmplbl_0   0x001348    program     static                          
               __tmplbl_1   0x001354    program     static                          
              __tmplbl_17   0x002434    program     static                          
              __tmplbl_18   0x002440    program     static                          
              __tmplbl_19   0x00244a    program     static                          
               __tmplbl_2   0x00135e    program     static                          
              __tmplbl_20   0x002454    program     static                          
              __tmplbl_21   0x00245e    program     static                          
              __tmplbl_22   0x002468    program     static                          
              __tmplbl_23   0x002472    program     static                          
              __tmplbl_24   0x00315c    program     static                          
              __tmplbl_24   0x00247c    program     static                          
              __tmplbl_25   0x001256    program     static                          
               __tmplbl_3   0x001366    program     static                          
              __tmplbl_31   0x0023bc    program     static                          
              __tmplbl_32   0x0023bc    program     static                          
              __tmplbl_34   0x00315c    program     static                          
              __tmplbl_37   0x00315c    program     static                          
              __tmplbl_38   0x00315c    program     static                          
            __zero_memory   0x0039c2    program     extern E:\3.46\pic18-lt\cxx-framework\src\traditional\proc\p18f14k50.asm
                _do_cinit   0x0038a8    program     extern E:\3.46\pic18-lt\cxx-framework\src\traditional\startup\c018i.c
                   _entry   0x000000    program     extern E:\3.46\pic18-lt\cxx-framework\src\traditional\startup\c018i.c
                   _reset   0x001000    program     extern D:\GitHub\REVIVE_USB_RENC_Debounce\REVIVE_USB_RENC_Debounce_FW\main.c
                 _startup   0x0039e2    program     extern E:\3.46\pic18-lt\cxx-framework\src\traditional\startup\c018i.c
                compare_l   0x0039d8    program     static E:\3.46\pic18-lt\cxx-framework\src\traditional\proc\p18f14k50.asm
        configDescriptor1   0x003396    program     extern D:\GitHub\REVIVE_USB_RENC_Debounce\REVIVE_USB_RENC_Debounce_FW\usb_descriptors.c
                copy_loop   0x00391a    program     static                          
            copy_one_byte   0x003920    program     static                          
               device_dsc   0x003384    program     extern D:\GitHub\REVIVE_USB_RENC_Debounce\REVIVE_USB_RENC_Debounce_FW\usb_descriptors.c
                     done   0x003944    program     static                          
             done_copying   0x00392e    program     static                          
                  endloop   0x003a14    program     static                          
                  endloop   0x0039bc    program     static                          
                hid_rpt01   0x003418    program     extern D:\GitHub\REVIVE_USB_RENC_Debounce\REVIVE_USB_RENC_Debounce_FW\usb_descriptors.c
                hid_rpt02   0x00344c    program     extern D:\GitHub\REVIVE_USB_RENC_Debounce\REVIVE_USB_RENC_Debounce_FW\usb_descriptors.c
                hid_rpt03   0x00347d    program     extern D:\GitHub\REVIVE_USB_RENC_Debounce\REVIVE_USB_RENC_Debounce_FW\usb_descriptors.c
                hid_rpt04   0x0034bc    program     extern D:\GitHub\REVIVE_USB_RENC_Debounce\REVIVE_USB_RENC_Debounce_FW\usb_descriptors.c
                     jEnd   0x003994    program     static E:\3.46\pic18-lt\cxx-framework\src\traditional\stdclib\strlen.asm
                     jEnd   0x003978    program     static E:\3.46\pic18-lt\cxx-framework\src\traditional\stdclib\memset.asm
                    jLoop   0x00395a    program     static E:\3.46\pic18-lt\cxx-framework\src\traditional\stdclib\memset.asm
                    jLoop   0x00398a    program     static E:\3.46\pic18-lt\cxx-framework\src\traditional\stdclib\strlen.asm
                     loop   0x0039a0    program     static                          
                     loop   0x0039f2    program     static                          
                     loop   0x003a06    program     static                          
                   loop_h   0x0039d0    program     static E:\3.46\pic18-lt\cxx-framework\src\traditional\proc\p18f14k50.asm
                   loop_l   0x0039da    program     static E:\3.46\pic18-lt\cxx-framework\src\traditional\proc\p18f14k50.asm
                     main   0x00186c    program     extern D:\GitHub\REVIVE_USB_RENC_Debounce\REVIVE_USB_RENC_Debounce_FW\main.c
                   memset   0x003946    program     extern E:\3.46\pic18-lt\cxx-framework\src\traditional\stdclib\memset.asm
                    sd000   0x0034d9    program     extern D:\GitHub\REVIVE_USB_RENC_Debounce\REVIVE_USB_RENC_Debounce_FW\usb_descriptors.c
                    sd001   0x0034dd    program     extern D:\GitHub\REVIVE_USB_RENC_Debounce\REVIVE_USB_RENC_Debounce_FW\usb_descriptors.c
                    sd002   0x003503    program     extern D:\GitHub\REVIVE_USB_RENC_Debounce\REVIVE_USB_RENC_Debounce_FW\usb_descriptors.c
                   strlen   0x00397a    program     extern E:\3.46\pic18-lt\cxx-framework\src\traditional\stdclib\strlen.asm
                     test   0x0038c2    program     static                          
               zero_block   0x0039d0    program     static E:\3.46\pic18-lt\cxx-framework\src\traditional\proc\p18f14k50.asm
                   ADCON0   0x000fc2       data     extern E:\3.46\pic18-lt\cxx-framework\src\traditional\proc\p18f14k50.asm
               ADCON0bits   0x000fc2       data     extern E:\3.46\pic18-lt\cxx-framework\src\traditional\proc\p18f14k50.asm
                   ADCON1   0x000fc1       data     extern E:\3.46\pic18-lt\cxx-framework\src\traditional\proc\p18f14k50.asm
               ADCON1bits   0x000fc1       data     extern E:\3.46\pic18-lt\cxx-framework\src\traditional\proc\p18f14k50.asm
                   ADCON2   0x000fc0       data     extern E:\3.46\pic18-lt\cxx-framework\src\traditional\proc\p18f14k50.asm
               ADCON2bits   0x000fc0       data     extern E:\3.46\pic18-lt\cxx-framework\src\traditional\proc\p18f14k50.asm
                    ADRES   0x000fc3       data     extern E:\3.46\pic18-lt\cxx-framework\src\traditional\proc\p18f14k50.asm
                   ADRESH   0x000fc4       data     extern E:\3.46\pic18-lt\cxx-framework\src\traditional\proc\p18f14k50.asm
                   ADRESL   0x000fc3       data     extern E:\3.46\pic18-lt\cxx-framework\src\traditional\proc\p18f14k50.asm
                    ANSEL   0x000f7e       data     extern E:\3.46\pic18-lt\cxx-framework\src\traditional\proc\p18f14k50.asm
                   ANSELH   0x000f7f       data     extern E:\3.46\pic18-lt\cxx-framework\src\traditional\proc\p18f14k50.asm
               ANSELHbits   0x000f7f       data     extern E:\3.46\pic18-lt\cxx-framework\src\traditional\proc\p18f14k50.asm
                ANSELbits   0x000f7e       data     extern E:\3.46\pic18-lt\cxx-framework\src\traditional\proc\p18f14k50.asm
                  BAUDCON   0x000fb8       data     extern E:\3.46\pic18-lt\cxx-framework\src\traditional\proc\p18f14k50.asm
              BAUDCONbits   0x000fb8       data     extern E:\3.46\pic18-lt\cxx-framework\src\traditional\proc\p18f14k50.asm
                  BAUDCTL   0x000fb8       data     extern E:\3.46\pic18-lt\cxx-framework\src\traditional\proc\p18f14k50.asm
              BAUDCTLbits   0x000fb8       data     extern E:\3.46\pic18-lt\cxx-framework\src\traditional\proc\p18f14k50.asm
                      BDT   0x000200       data     extern D:\GitHub\REVIVE_USB_RENC_Debounce\REVIVE_USB_RENC_Debounce_FW\Microchip\USB\usb_device.c
                      BSR   0x000fe0       data     extern E:\3.46\pic18-lt\cxx-framework\src\traditional\proc\p18f14k50.asm
       BothEP0OutUOWNsSet   0x0000d5       data     extern D:\GitHub\REVIVE_USB_RENC_Debounce\REVIVE_USB_RENC_Debounce_FW\Microchip\USB\usb_device.c
                  CCP1CON   0x000fbd       data     extern E:\3.46\pic18-lt\cxx-framework\src\traditional\proc\p18f14k50.asm
              CCP1CONbits   0x000fbd       data     extern E:\3.46\pic18-lt\cxx-framework\src\traditional\proc\p18f14k50.asm
                    CCPR1   0x000fbe       data     extern E:\3.46\pic18-lt\cxx-framework\src\traditional\proc\p18f14k50.asm
                   CCPR1H   0x000fbf       data     extern E:\3.46\pic18-lt\cxx-framework\src\traditional\proc\p18f14k50.asm
                   CCPR1L   0x000fbe       data     extern E:\3.46\pic18-lt\cxx-framework\src\traditional\proc\p18f14k50.asm
                  CM1CON0   0x000f6d       data     extern E:\3.46\pic18-lt\cxx-framework\src\traditional\proc\p18f14k50.asm
              CM1CON0bits   0x000f6d       data     extern E:\3.46\pic18-lt\cxx-framework\src\traditional\proc\p18f14k50.asm
                  CM2CON0   0x000f6b       data     extern E:\3.46\pic18-lt\cxx-framework\src\traditional\proc\p18f14k50.asm
              CM2CON0bits   0x000f6b       data     extern E:\3.46\pic18-lt\cxx-framework\src\traditional\proc\p18f14k50.asm
                  CM2CON1   0x000f6c       data     extern E:\3.46\pic18-lt\cxx-framework\src\traditional\proc\p18f14k50.asm
              CM2CON1bits   0x000f6c       data     extern E:\3.46\pic18-lt\cxx-framework\src\traditional\proc\p18f14k50.asm
              CtrlTrfData   0x000258       data     extern D:\GitHub\REVIVE_USB_RENC_Debounce\REVIVE_USB_RENC_Debounce_FW\Microchip\USB\usb_device.c
                     DDRA   0x000f92       data     extern E:\3.46\pic18-lt\cxx-framework\src\traditional\proc\p18f14k50.asm
                 DDRAbits   0x000f92       data     extern E:\3.46\pic18-lt\cxx-framework\src\traditional\proc\p18f14k50.asm
                     DDRB   0x000f93       data     extern E:\3.46\pic18-lt\cxx-framework\src\traditional\proc\p18f14k50.asm
                 DDRBbits   0x000f93       data     extern E:\3.46\pic18-lt\cxx-framework\src\traditional\proc\p18f14k50.asm
                     DDRC   0x000f94       data     extern E:\3.46\pic18-lt\cxx-framework\src\traditional\proc\p18f14k50.asm
                 DDRCbits   0x000f94       data     extern E:\3.46\pic18-lt\cxx-framework\src\traditional\proc\p18f14k50.asm
                  ECCP1AS   0x000fb6       data     extern E:\3.46\pic18-lt\cxx-framework\src\traditional\proc\p18f14k50.asm
              ECCP1ASbits   0x000fb6       data     extern E:\3.46\pic18-lt\cxx-framework\src\traditional\proc\p18f14k50.asm
                    EEADR   0x000fa9       data     extern E:\3.46\pic18-lt\cxx-framework\src\traditional\proc\p18f14k50.asm
                EEADRbits   0x000fa9       data     extern E:\3.46\pic18-lt\cxx-framework\src\traditional\proc\p18f14k50.asm
                   EECON1   0x000fa6       data     extern E:\3.46\pic18-lt\cxx-framework\src\traditional\proc\p18f14k50.asm
               EECON1bits   0x000fa6       data     extern E:\3.46\pic18-lt\cxx-framework\src\traditional\proc\p18f14k50.asm
                   EECON2   0x000fa7       data     extern E:\3.46\pic18-lt\cxx-framework\src\traditional\proc\p18f14k50.asm
                   EEDATA   0x000fa8       data     extern E:\3.46\pic18-lt\cxx-framework\src\traditional\proc\p18f14k50.asm
                     FSR0   0x000fe9       data     extern E:\3.46\pic18-lt\cxx-framework\src\traditional\proc\p18f14k50.asm
                    FSR0H   0x000fea       data     extern E:\3.46\pic18-lt\cxx-framework\src\traditional\proc\p18f14k50.asm
                    FSR0L   0x000fe9       data     extern E:\3.46\pic18-lt\cxx-framework\src\traditional\proc\p18f14k50.asm
                     FSR1   0x000fe1       data     extern E:\3.46\pic18-lt\cxx-framework\src\traditional\proc\p18f14k50.asm
                    FSR1H   0x000fe2       data     extern E:\3.46\pic18-lt\cxx-framework\src\traditional\proc\p18f14k50.asm
                    FSR1L   0x000fe1       data     extern E:\3.46\pic18-lt\cxx-framework\src\traditional\proc\p18f14k50.asm
                     FSR2   0x000fd9       data     extern E:\3.46\pic18-lt\cxx-framework\src\traditional\proc\p18f14k50.asm
                    FSR2H   0x000fda       data     extern E:\3.46\pic18-lt\cxx-framework\src\traditional\proc\p18f14k50.asm
                    FSR2L   0x000fd9       data     extern E:\3.46\pic18-lt\cxx-framework\src\traditional\proc\p18f14k50.asm
                    INDF0   0x000fef       data     extern E:\3.46\pic18-lt\cxx-framework\src\traditional\proc\p18f14k50.asm
                    INDF1   0x000fe7       data     extern E:\3.46\pic18-lt\cxx-framework\src\traditional\proc\p18f14k50.asm
                    INDF2   0x000fdf       data     extern E:\3.46\pic18-lt\cxx-framework\src\traditional\proc\p18f14k50.asm
                   INTCON   0x000ff2       data     extern E:\3.46\pic18-lt\cxx-framework\src\traditional\proc\p18f14k50.asm
                  INTCON2   0x000ff1       data     extern E:\3.46\pic18-lt\cxx-framework\src\traditional\proc\p18f14k50.asm
              INTCON2bits   0x000ff1       data     extern E:\3.46\pic18-lt\cxx-framework\src\traditional\proc\p18f14k50.asm
                  INTCON3   0x000ff0       data     extern E:\3.46\pic18-lt\cxx-framework\src\traditional\proc\p18f14k50.asm
              INTCON3bits   0x000ff0       data     extern E:\3.46\pic18-lt\cxx-framework\src\traditional\proc\p18f14k50.asm
               INTCONbits   0x000ff2       data     extern E:\3.46\pic18-lt\cxx-framework\src\traditional\proc\p18f14k50.asm
                     IOCA   0x000f79       data     extern E:\3.46\pic18-lt\cxx-framework\src\traditional\proc\p18f14k50.asm
                 IOCAbits   0x000f79       data     extern E:\3.46\pic18-lt\cxx-framework\src\traditional\proc\p18f14k50.asm
                     IOCB   0x000f7a       data     extern E:\3.46\pic18-lt\cxx-framework\src\traditional\proc\p18f14k50.asm
                 IOCBbits   0x000f7a       data     extern E:\3.46\pic18-lt\cxx-framework\src\traditional\proc\p18f14k50.asm
                     IPR1   0x000f9f       data     extern E:\3.46\pic18-lt\cxx-framework\src\traditional\proc\p18f14k50.asm
                 IPR1bits   0x000f9f       data     extern E:\3.46\pic18-lt\cxx-framework\src\traditional\proc\p18f14k50.asm
                     IPR2   0x000fa2       data     extern E:\3.46\pic18-lt\cxx-framework\src\traditional\proc\p18f14k50.asm
                 IPR2bits   0x000fa2       data     extern E:\3.46\pic18-lt\cxx-framework\src\traditional\proc\p18f14k50.asm
                     LATA   0x000f89       data     extern E:\3.46\pic18-lt\cxx-framework\src\traditional\proc\p18f14k50.asm
                 LATAbits   0x000f89       data     extern E:\3.46\pic18-lt\cxx-framework\src\traditional\proc\p18f14k50.asm
                     LATB   0x000f8a       data     extern E:\3.46\pic18-lt\cxx-framework\src\traditional\proc\p18f14k50.asm
                 LATBbits   0x000f8a       data     extern E:\3.46\pic18-lt\cxx-framework\src\traditional\proc\p18f14k50.asm
                     LATC   0x000f8b       data     extern E:\3.46\pic18-lt\cxx-framework\src\traditional\proc\p18f14k50.asm
                 LATCbits   0x000f8b       data     extern E:\3.46\pic18-lt\cxx-framework\src\traditional\proc\p18f14k50.asm
                   OSCCON   0x000fd3       data     extern E:\3.46\pic18-lt\cxx-framework\src\traditional\proc\p18f14k50.asm
                  OSCCON2   0x000fd2       data     extern E:\3.46\pic18-lt\cxx-framework\src\traditional\proc\p18f14k50.asm
              OSCCON2bits   0x000fd2       data     extern E:\3.46\pic18-lt\cxx-framework\src\traditional\proc\p18f14k50.asm
               OSCCONbits   0x000fd3       data     extern E:\3.46\pic18-lt\cxx-framework\src\traditional\proc\p18f14k50.asm
                  OSCTUNE   0x000f9b       data     extern E:\3.46\pic18-lt\cxx-framework\src\traditional\proc\p18f14k50.asm
              OSCTUNEbits   0x000f9b       data     extern E:\3.46\pic18-lt\cxx-framework\src\traditional\proc\p18f14k50.asm
                       PC   0x000ff9       data     extern E:\3.46\pic18-lt\cxx-framework\src\traditional\proc\p18f14k50.asm
                      PCL   0x000ff9       data     extern E:\3.46\pic18-lt\cxx-framework\src\traditional\proc\p18f14k50.asm
                   PCLATH   0x000ffa       data     extern E:\3.46\pic18-lt\cxx-framework\src\traditional\proc\p18f14k50.asm
                   PCLATU   0x000ffb       data     extern E:\3.46\pic18-lt\cxx-framework\src\traditional\proc\p18f14k50.asm
                     PIE1   0x000f9d       data     extern E:\3.46\pic18-lt\cxx-framework\src\traditional\proc\p18f14k50.asm
                 PIE1bits   0x000f9d       data     extern E:\3.46\pic18-lt\cxx-framework\src\traditional\proc\p18f14k50.asm
                     PIE2   0x000fa0       data     extern E:\3.46\pic18-lt\cxx-framework\src\traditional\proc\p18f14k50.asm
                 PIE2bits   0x000fa0       data     extern E:\3.46\pic18-lt\cxx-framework\src\traditional\proc\p18f14k50.asm
                     PIR1   0x000f9e       data     extern E:\3.46\pic18-lt\cxx-framework\src\traditional\proc\p18f14k50.asm
                 PIR1bits   0x000f9e       data     extern E:\3.46\pic18-lt\cxx-framework\src\traditional\proc\p18f14k50.asm
                     PIR2   0x000fa1       data     extern E:\3.46\pic18-lt\cxx-framework\src\traditional\proc\p18f14k50.asm
                 PIR2bits   0x000fa1       data     extern E:\3.46\pic18-lt\cxx-framework\src\traditional\proc\p18f14k50.asm
                   PLUSW0   0x000feb       data     extern E:\3.46\pic18-lt\cxx-framework\src\traditional\proc\p18f14k50.asm
                   PLUSW1   0x000fe3       data     extern E:\3.46\pic18-lt\cxx-framework\src\traditional\proc\p18f14k50.asm
                   PLUSW2   0x000fdb       data     extern E:\3.46\pic18-lt\cxx-framework\src\traditional\proc\p18f14k50.asm
                    PORTA   0x000f80       data     extern E:\3.46\pic18-lt\cxx-framework\src\traditional\proc\p18f14k50.asm
                PORTAbits   0x000f80       data     extern E:\3.46\pic18-lt\cxx-framework\src\traditional\proc\p18f14k50.asm
                    PORTB   0x000f81       data     extern E:\3.46\pic18-lt\cxx-framework\src\traditional\proc\p18f14k50.asm
                PORTBbits   0x000f81       data     extern E:\3.46\pic18-lt\cxx-framework\src\traditional\proc\p18f14k50.asm
                    PORTC   0x000f82       data     extern E:\3.46\pic18-lt\cxx-framework\src\traditional\proc\p18f14k50.asm
                PORTCbits   0x000f82       data     extern E:\3.46\pic18-lt\cxx-framework\src\traditional\proc\p18f14k50.asm
                 POSTDEC0   0x000fed       data     extern E:\3.46\pic18-lt\cxx-framework\src\traditional\proc\p18f14k50.asm
                 POSTDEC1   0x000fe5       data     extern E:\3.46\pic18-lt\cxx-framework\src\traditional\proc\p18f14k50.asm
                 POSTDEC2   0x000fdd       data     extern E:\3.46\pic18-lt\cxx-framework\src\traditional\proc\p18f14k50.asm
                 POSTINC0   0x000fee       data     extern E:\3.46\pic18-lt\cxx-framework\src\traditional\proc\p18f14k50.asm
                 POSTINC1   0x000fe6       data     extern E:\3.46\pic18-lt\cxx-framework\src\traditional\proc\p18f14k50.asm
                 POSTINC2   0x000fde       data     extern E:\3.46\pic18-lt\cxx-framework\src\traditional\proc\p18f14k50.asm
                      PR2   0x000fcb       data     extern E:\3.46\pic18-lt\cxx-framework\src\traditional\proc\p18f14k50.asm
                  PREINC0   0x000fec       data     extern E:\3.46\pic18-lt\cxx-framework\src\traditional\proc\p18f14k50.asm
                  PREINC1   0x000fe4       data     extern E:\3.46\pic18-lt\cxx-framework\src\traditional\proc\p18f14k50.asm
                  PREINC2   0x000fdc       data     extern E:\3.46\pic18-lt\cxx-framework\src\traditional\proc\p18f14k50.asm
                     PROD   0x000ff3       data     extern E:\3.46\pic18-lt\cxx-framework\src\traditional\proc\p18f14k50.asm
                    PRODH   0x000ff4       data     extern E:\3.46\pic18-lt\cxx-framework\src\traditional\proc\p18f14k50.asm
                    PRODL   0x000ff3       data     extern E:\3.46\pic18-lt\cxx-framework\src\traditional\proc\p18f14k50.asm
                  PSTRCON   0x000fb9       data     extern E:\3.46\pic18-lt\cxx-framework\src\traditional\proc\p18f14k50.asm
              PSTRCONbits   0x000fb9       data     extern E:\3.46\pic18-lt\cxx-framework\src\traditional\proc\p18f14k50.asm
                  PWM1CON   0x000fb7       data     extern E:\3.46\pic18-lt\cxx-framework\src\traditional\proc\p18f14k50.asm
              PWM1CONbits   0x000fb7       data     extern E:\3.46\pic18-lt\cxx-framework\src\traditional\proc\p18f14k50.asm
                     RCON   0x000fd0       data     extern E:\3.46\pic18-lt\cxx-framework\src\traditional\proc\p18f14k50.asm
                 RCONbits   0x000fd0       data     extern E:\3.46\pic18-lt\cxx-framework\src\traditional\proc\p18f14k50.asm
                    RCREG   0x000fae       data     extern E:\3.46\pic18-lt\cxx-framework\src\traditional\proc\p18f14k50.asm
                    RCSTA   0x000fab       data     extern E:\3.46\pic18-lt\cxx-framework\src\traditional\proc\p18f14k50.asm
                RCSTAbits   0x000fab       data     extern E:\3.46\pic18-lt\cxx-framework\src\traditional\proc\p18f14k50.asm
                  REFCON0   0x000fba       data     extern E:\3.46\pic18-lt\cxx-framework\src\traditional\proc\p18f14k50.asm
              REFCON0bits   0x000fba       data     extern E:\3.46\pic18-lt\cxx-framework\src\traditional\proc\p18f14k50.asm
                  REFCON1   0x000fbb       data     extern E:\3.46\pic18-lt\cxx-framework\src\traditional\proc\p18f14k50.asm
              REFCON1bits   0x000fbb       data     extern E:\3.46\pic18-lt\cxx-framework\src\traditional\proc\p18f14k50.asm
                  REFCON2   0x000fbc       data     extern E:\3.46\pic18-lt\cxx-framework\src\traditional\proc\p18f14k50.asm
              REFCON2bits   0x000fbc       data     extern E:\3.46\pic18-lt\cxx-framework\src\traditional\proc\p18f14k50.asm
       ReceivedDataBuffer   0x000279       data     extern D:\GitHub\REVIVE_USB_RENC_Debounce\REVIVE_USB_RENC_Debounce_FW\main.c
             RemoteWakeup   0x0000d1       data     extern D:\GitHub\REVIVE_USB_RENC_Debounce\REVIVE_USB_RENC_Debounce_FW\Microchip\USB\usb_device.c
                     SIGN   0x000000       data     extern E:\3.46\pic18-lt\cxx-framework\src\traditional\math\cmath18.asm
                   SLRCON   0x000f76       data     extern E:\3.46\pic18-lt\cxx-framework\src\traditional\proc\p18f14k50.asm
               SLRCONbits   0x000f76       data     extern E:\3.46\pic18-lt\cxx-framework\src\traditional\proc\p18f14k50.asm
                    SPBRG   0x000faf       data     extern E:\3.46\pic18-lt\cxx-framework\src\traditional\proc\p18f14k50.asm
                   SPBRGH   0x000fb0       data     extern E:\3.46\pic18-lt\cxx-framework\src\traditional\proc\p18f14k50.asm
                   SRCON0   0x000f68       data     extern E:\3.46\pic18-lt\cxx-framework\src\traditional\proc\p18f14k50.asm
               SRCON0bits   0x000f68       data     extern E:\3.46\pic18-lt\cxx-framework\src\traditional\proc\p18f14k50.asm
                   SRCON1   0x000f69       data     extern E:\3.46\pic18-lt\cxx-framework\src\traditional\proc\p18f14k50.asm
               SRCON1bits   0x000f69       data     extern E:\3.46\pic18-lt\cxx-framework\src\traditional\proc\p18f14k50.asm
                   SSPADD   0x000fc8       data     extern E:\3.46\pic18-lt\cxx-framework\src\traditional\proc\p18f14k50.asm
                   SSPBUF   0x000fc9       data     extern E:\3.46\pic18-lt\cxx-framework\src\traditional\proc\p18f14k50.asm
                  SSPCON1   0x000fc6       data     extern E:\3.46\pic18-lt\cxx-framework\src\traditional\proc\p18f14k50.asm
              SSPCON1bits   0x000fc6       data     extern E:\3.46\pic18-lt\cxx-framework\src\traditional\proc\p18f14k50.asm
                  SSPCON2   0x000fc5       data     extern E:\3.46\pic18-lt\cxx-framework\src\traditional\proc\p18f14k50.asm
              SSPCON2bits   0x000fc5       data     extern E:\3.46\pic18-lt\cxx-framework\src\traditional\proc\p18f14k50.asm
                   SSPMSK   0x000f6f       data     extern E:\3.46\pic18-lt\cxx-framework\src\traditional\proc\p18f14k50.asm
               SSPMSKbits   0x000f6f       data     extern E:\3.46\pic18-lt\cxx-framework\src\traditional\proc\p18f14k50.asm
                  SSPSTAT   0x000fc7       data     extern E:\3.46\pic18-lt\cxx-framework\src\traditional\proc\p18f14k50.asm
              SSPSTATbits   0x000fc7       data     extern E:\3.46\pic18-lt\cxx-framework\src\traditional\proc\p18f14k50.asm
                   STATUS   0x000fd8       data     extern E:\3.46\pic18-lt\cxx-framework\src\traditional\proc\p18f14k50.asm
               STATUSbits   0x000fd8       data     extern E:\3.46\pic18-lt\cxx-framework\src\traditional\proc\p18f14k50.asm
                   STKPTR   0x000ffc       data     extern E:\3.46\pic18-lt\cxx-framework\src\traditional\proc\p18f14k50.asm
               STKPTRbits   0x000ffc       data     extern E:\3.46\pic18-lt\cxx-framework\src\traditional\proc\p18f14k50.asm
                 SetupPkt   0x000250       data     extern D:\GitHub\REVIVE_USB_RENC_Debounce\REVIVE_USB_RENC_Debounce_FW\Microchip\USB\usb_device.c
                    T0CON   0x000fd5       data     extern E:\3.46\pic18-lt\cxx-framework\src\traditional\proc\p18f14k50.asm
                T0CONbits   0x000fd5       data     extern E:\3.46\pic18-lt\cxx-framework\src\traditional\proc\p18f14k50.asm
                    T1CON   0x000fcd       data     extern E:\3.46\pic18-lt\cxx-framework\src\traditional\proc\p18f14k50.asm
                T1CONbits   0x000fcd       data     extern E:\3.46\pic18-lt\cxx-framework\src\traditional\proc\p18f14k50.asm
                    T2CON   0x000fca       data     extern E:\3.46\pic18-lt\cxx-framework\src\traditional\proc\p18f14k50.asm
                T2CONbits   0x000fca       data     extern E:\3.46\pic18-lt\cxx-framework\src\traditional\proc\p18f14k50.asm
                    T3CON   0x000fb1       data     extern E:\3.46\pic18-lt\cxx-framework\src\traditional\proc\p18f14k50.asm
                T3CONbits   0x000fb1       data     extern E:\3.46\pic18-lt\cxx-framework\src\traditional\proc\p18f14k50.asm
                   TABLAT   0x000ff5       data     extern E:\3.46\pic18-lt\cxx-framework\src\traditional\proc\p18f14k50.asm
                   TBLPTR   0x000ff6       data     extern E:\3.46\pic18-lt\cxx-framework\src\traditional\proc\p18f14k50.asm
                  TBLPTRH   0x000ff7       data     extern E:\3.46\pic18-lt\cxx-framework\src\traditional\proc\p18f14k50.asm
                  TBLPTRL   0x000ff6       data     extern E:\3.46\pic18-lt\cxx-framework\src\traditional\proc\p18f14k50.asm
                  TBLPTRU   0x000ff8       data     extern E:\3.46\pic18-lt\cxx-framework\src\traditional\proc\p18f14k50.asm
                    TMR0H   0x000fd7       data     extern E:\3.46\pic18-lt\cxx-framework\src\traditional\proc\p18f14k50.asm
                    TMR0L   0x000fd6       data     extern E:\3.46\pic18-lt\cxx-framework\src\traditional\proc\p18f14k50.asm
                    TMR1H   0x000fcf       data     extern E:\3.46\pic18-lt\cxx-framework\src\traditional\proc\p18f14k50.asm
                    TMR1L   0x000fce       data     extern E:\3.46\pic18-lt\cxx-framework\src\traditional\proc\p18f14k50.asm
                     TMR2   0x000fcc       data     extern E:\3.46\pic18-lt\cxx-framework\src\traditional\proc\p18f14k50.asm
                    TMR3H   0x000fb3       data     extern E:\3.46\pic18-lt\cxx-framework\src\traditional\proc\p18f14k50.asm
                    TMR3L   0x000fb2       data     extern E:\3.46\pic18-lt\cxx-framework\src\traditional\proc\p18f14k50.asm
                      TOS   0x000ffd       data     extern E:\3.46\pic18-lt\cxx-framework\src\traditional\proc\p18f14k50.asm
                     TOSH   0x000ffe       data     extern E:\3.46\pic18-lt\cxx-framework\src\traditional\proc\p18f14k50.asm
                     TOSL   0x000ffd       data     extern E:\3.46\pic18-lt\cxx-framework\src\traditional\proc\p18f14k50.asm
                     TOSU   0x000fff       data     extern E:\3.46\pic18-lt\cxx-framework\src\traditional\proc\p18f14k50.asm
                    TRISA   0x000f92       data     extern E:\3.46\pic18-lt\cxx-framework\src\traditional\proc\p18f14k50.asm
                TRISAbits   0x000f92       data     extern E:\3.46\pic18-lt\cxx-framework\src\traditional\proc\p18f14k50.asm
                    TRISB   0x000f93       data     extern E:\3.46\pic18-lt\cxx-framework\src\traditional\proc\p18f14k50.asm
                TRISBbits   0x000f93       data     extern E:\3.46\pic18-lt\cxx-framework\src\traditional\proc\p18f14k50.asm
                    TRISC   0x000f94       data     extern E:\3.46\pic18-lt\cxx-framework\src\traditional\proc\p18f14k50.asm
                TRISCbits   0x000f94       data     extern E:\3.46\pic18-lt\cxx-framework\src\traditional\proc\p18f14k50.asm
                    TXREG   0x000fad       data     extern E:\3.46\pic18-lt\cxx-framework\src\traditional\proc\p18f14k50.asm
                    TXSTA   0x000fac       data     extern E:\3.46\pic18-lt\cxx-framework\src\traditional\proc\p18f14k50.asm
                TXSTAbits   0x000fac       data     extern E:\3.46\pic18-lt\cxx-framework\src\traditional\proc\p18f14k50.asm
         ToSendDataBuffer   0x0002b9       data     extern D:\GitHub\REVIVE_USB_RENC_Debounce\REVIVE_USB_RENC_Debounce_FW\main.c
                    UADDR   0x000f5c       data     extern E:\3.46\pic18-lt\cxx-framework\src\traditional\proc\p18f14k50.asm
                UADDRbits   0x000f5c       data     extern E:\3.46\pic18-lt\cxx-framework\src\traditional\proc\p18f14k50.asm
                     UCFG   0x000f61       data     extern E:\3.46\pic18-lt\cxx-framework\src\traditional\proc\p18f14k50.asm
                 UCFGbits   0x000f61       data     extern E:\3.46\pic18-lt\cxx-framework\src\traditional\proc\p18f14k50.asm
                     UCON   0x000f64       data     extern E:\3.46\pic18-lt\cxx-framework\src\traditional\proc\p18f14k50.asm
                 UCONbits   0x000f64       data     extern E:\3.46\pic18-lt\cxx-framework\src\traditional\proc\p18f14k50.asm
                     UEIE   0x000f5b       data     extern E:\3.46\pic18-lt\cxx-framework\src\traditional\proc\p18f14k50.asm
                 UEIEbits   0x000f5b       data     extern E:\3.46\pic18-lt\cxx-framework\src\traditional\proc\p18f14k50.asm
                     UEIR   0x000f5f       data     extern E:\3.46\pic18-lt\cxx-framework\src\traditional\proc\p18f14k50.asm
                 UEIRbits   0x000f5f       data     extern E:\3.46\pic18-lt\cxx-framework\src\traditional\proc\p18f14k50.asm
                     UEP0   0x000f53       data     extern E:\3.46\pic18-lt\cxx-framework\src\traditional\proc\p18f14k50.asm
                 UEP0bits   0x000f53       data     extern E:\3.46\pic18-lt\cxx-framework\src\traditional\proc\p18f14k50.asm
                     UEP1   0x000f54       data     extern E:\3.46\pic18-lt\cxx-framework\src\traditional\proc\p18f14k50.asm
                 UEP1bits   0x000f54       data     extern E:\3.46\pic18-lt\cxx-framework\src\traditional\proc\p18f14k50.asm
                     UEP2   0x000f55       data     extern E:\3.46\pic18-lt\cxx-framework\src\traditional\proc\p18f14k50.asm
                 UEP2bits   0x000f55       data     extern E:\3.46\pic18-lt\cxx-framework\src\traditional\proc\p18f14k50.asm
                     UEP3   0x000f56       data     extern E:\3.46\pic18-lt\cxx-framework\src\traditional\proc\p18f14k50.asm
                 UEP3bits   0x000f56       data     extern E:\3.46\pic18-lt\cxx-framework\src\traditional\proc\p18f14k50.asm
                     UEP4   0x000f57       data     extern E:\3.46\pic18-lt\cxx-framework\src\traditional\proc\p18f14k50.asm
                 UEP4bits   0x000f57       data     extern E:\3.46\pic18-lt\cxx-framework\src\traditional\proc\p18f14k50.asm
                     UEP5   0x000f58       data     extern E:\3.46\pic18-lt\cxx-framework\src\traditional\proc\p18f14k50.asm
                 UEP5bits   0x000f58       data     extern E:\3.46\pic18-lt\cxx-framework\src\traditional\proc\p18f14k50.asm
                     UEP6   0x000f59       data     extern E:\3.46\pic18-lt\cxx-framework\src\traditional\proc\p18f14k50.asm
                 UEP6bits   0x000f59       data     extern E:\3.46\pic18-lt\cxx-framework\src\traditional\proc\p18f14k50.asm
                     UEP7   0x000f5a       data     extern E:\3.46\pic18-lt\cxx-framework\src\traditional\proc\p18f14k50.asm
                 UEP7bits   0x000f5a       data     extern E:\3.46\pic18-lt\cxx-framework\src\traditional\proc\p18f14k50.asm
                    UFRMH   0x000f5e       data     extern E:\3.46\pic18-lt\cxx-framework\src\traditional\proc\p18f14k50.asm
                UFRMHbits   0x000f5e       data     extern E:\3.46\pic18-lt\cxx-framework\src\traditional\proc\p18f14k50.asm
                    UFRML   0x000f5d       data     extern E:\3.46\pic18-lt\cxx-framework\src\traditional\proc\p18f14k50.asm
                UFRMLbits   0x000f5d       data     extern E:\3.46\pic18-lt\cxx-framework\src\traditional\proc\p18f14k50.asm
                      UIE   0x000f60       data     extern E:\3.46\pic18-lt\cxx-framework\src\traditional\proc\p18f14k50.asm
                  UIEbits   0x000f60       data     extern E:\3.46\pic18-lt\cxx-framework\src\traditional\proc\p18f14k50.asm
                      UIR   0x000f62       data     extern E:\3.46\pic18-lt\cxx-framework\src\traditional\proc\p18f14k50.asm
                  UIRbits   0x000f62       data     extern E:\3.46\pic18-lt\cxx-framework\src\traditional\proc\p18f14k50.asm
   USBActiveConfiguration   0x0000a7       data     extern D:\GitHub\REVIVE_USB_RENC_Debounce\REVIVE_USB_RENC_Debounce_FW\Microchip\USB\usb_device.c
    USBAlternateInterface   0x0000a8       data     extern D:\GitHub\REVIVE_USB_RENC_Debounce\REVIVE_USB_RENC_Debounce_FW\Microchip\USB\usb_device.c
        USBBusIsSuspended   0x0000d2       data     extern D:\GitHub\REVIVE_USB_RENC_Debounce\REVIVE_USB_RENC_Debounce_FW\Microchip\USB\usb_device.c
USBDeferINDataStagePackets   0x0000e4       data     extern D:\GitHub\REVIVE_USB_RENC_Debounce\REVIVE_USB_RENC_Debounce_FW\Microchip\USB\usb_device.c
USBDeferOUTDataStagePackets   0x0000e5       data     extern D:\GitHub\REVIVE_USB_RENC_Debounce\REVIVE_USB_RENC_Debounce_FW\Microchip\USB\usb_device.c
USBDeferStatusStagePacket   0x0000e1       data     extern D:\GitHub\REVIVE_USB_RENC_Debounce\REVIVE_USB_RENC_Debounce_FW\Microchip\USB\usb_device.c
           USBDeviceState   0x0000a6       data     extern D:\GitHub\REVIVE_USB_RENC_Debounce\REVIVE_USB_RENC_Debounce_FW\Microchip\USB\usb_device.c
              USBInHandle   0x000068       data     extern D:\GitHub\REVIVE_USB_RENC_Debounce\REVIVE_USB_RENC_Debounce_FW\main.c
             USBOutHandle   0x000066       data     extern D:\GitHub\REVIVE_USB_RENC_Debounce\REVIVE_USB_RENC_Debounce_FW\main.c
USBStatusStageEnabledFlag1   0x0000e2       data     extern D:\GitHub\REVIVE_USB_RENC_Debounce\REVIVE_USB_RENC_Debounce_FW\Microchip\USB\usb_device.c
USBStatusStageEnabledFlag2   0x0000e3       data     extern D:\GitHub\REVIVE_USB_RENC_Debounce\REVIVE_USB_RENC_Debounce_FW\Microchip\USB\usb_device.c
USBStatusStageTimeoutCounter   0x0000e0       data     extern D:\GitHub\REVIVE_USB_RENC_Debounce\REVIVE_USB_RENC_Debounce_FW\Microchip\USB\usb_device.c
                    USTAT   0x000f63       data     extern E:\3.46\pic18-lt\cxx-framework\src\traditional\proc\p18f14k50.asm
                USTATbits   0x000f63       data     extern E:\3.46\pic18-lt\cxx-framework\src\traditional\proc\p18f14k50.asm
                USTATcopy   0x0000d3       data     extern D:\GitHub\REVIVE_USB_RENC_Debounce\REVIVE_USB_RENC_Debounce_FW\Microchip\USB\usb_device.c
                 VREFCON0   0x000fba       data     extern E:\3.46\pic18-lt\cxx-framework\src\traditional\proc\p18f14k50.asm
             VREFCON0bits   0x000fba       data     extern E:\3.46\pic18-lt\cxx-framework\src\traditional\proc\p18f14k50.asm
                 VREFCON1   0x000fbb       data     extern E:\3.46\pic18-lt\cxx-framework\src\traditional\proc\p18f14k50.asm
             VREFCON1bits   0x000fbb       data     extern E:\3.46\pic18-lt\cxx-framework\src\traditional\proc\p18f14k50.asm
                 VREFCON2   0x000fbc       data     extern E:\3.46\pic18-lt\cxx-framework\src\traditional\proc\p18f14k50.asm
             VREFCON2bits   0x000fbc       data     extern E:\3.46\pic18-lt\cxx-framework\src\traditional\proc\p18f14k50.asm
                        W   0x000fe8       data     extern E:\3.46\pic18-lt\cxx-framework\src\traditional\proc\p18f14k50.asm
                   WDTCON   0x000fd1       data     extern E:\3.46\pic18-lt\cxx-framework\src\traditional\proc\p18f14k50.asm
               WDTCONbits   0x000fd1       data     extern E:\3.46\pic18-lt\cxx-framework\src\traditional\proc\p18f14k50.asm
                     WPUA   0x000f77       data     extern E:\3.46\pic18-lt\cxx-framework\src\traditional\proc\p18f14k50.asm
                 WPUAbits   0x000f77       data     extern E:\3.46\pic18-lt\cxx-framework\src\traditional\proc\p18f14k50.asm
                     WPUB   0x000f78       data     extern E:\3.46\pic18-lt\cxx-framework\src\traditional\proc\p18f14k50.asm
                 WPUBbits   0x000f78       data     extern E:\3.46\pic18-lt\cxx-framework\src\traditional\proc\p18f14k50.asm
                     WREG   0x000fe8       data     extern E:\3.46\pic18-lt\cxx-framework\src\traditional\proc\p18f14k50.asm
                 __AARGB0   0x000009       data     extern E:\3.46\pic18-lt\cxx-framework\src\traditional\math\aarg.asm
                 __AARGB1   0x000008       data     extern E:\3.46\pic18-lt\cxx-framework\src\traditional\math\aarg.asm
                 __AARGB2   0x000007       data     extern E:\3.46\pic18-lt\cxx-framework\src\traditional\math\aarg.asm
                 __AARGB3   0x000006       data     extern E:\3.46\pic18-lt\cxx-framework\src\traditional\math\aarg.asm
                 __AARGB4   0x000005       data     extern E:\3.46\pic18-lt\cxx-framework\src\traditional\math\aarg.asm
                 __AARGB5   0x000004       data     extern E:\3.46\pic18-lt\cxx-framework\src\traditional\math\aarg.asm
                 __AARGB6   0x000003       data     extern E:\3.46\pic18-lt\cxx-framework\src\traditional\math\aarg.asm
                 __AARGB7   0x000002       data     extern E:\3.46\pic18-lt\cxx-framework\src\traditional\math\aarg.asm
                   __AEXP   0x00000a       data     extern E:\3.46\pic18-lt\cxx-framework\src\traditional\math\aarg.asm
                 __BARGB0   0x00000e       data     extern E:\3.46\pic18-lt\cxx-framework\src\traditional\math\barg.asm
                 __BARGB1   0x00000d       data     extern E:\3.46\pic18-lt\cxx-framework\src\traditional\math\barg.asm
                 __BARGB2   0x00000c       data     extern E:\3.46\pic18-lt\cxx-framework\src\traditional\math\barg.asm
                 __BARGB3   0x00000b       data     extern E:\3.46\pic18-lt\cxx-framework\src\traditional\math\barg.asm
                   __BEXP   0x00000f       data     extern E:\3.46\pic18-lt\cxx-framework\src\traditional\math\barg.asm
                __FPFLAGS   0x000001       data     extern E:\3.46\pic18-lt\cxx-framework\src\traditional\math\cmath18.asm
            __FPFLAGSbits   0x000001       data     extern E:\3.46\pic18-lt\cxx-framework\src\traditional\math\cmath18.asm
                  __REMB0   0x000005       data     extern E:\3.46\pic18-lt\cxx-framework\src\traditional\math\aarg.asm
                  __REMB1   0x000004       data     extern E:\3.46\pic18-lt\cxx-framework\src\traditional\math\aarg.asm
                  __REMB2   0x000003       data     extern E:\3.46\pic18-lt\cxx-framework\src\traditional\math\aarg.asm
                  __REMB3   0x000002       data     extern E:\3.46\pic18-lt\cxx-framework\src\traditional\math\aarg.asm
                   __TEMP   0x000013       data     extern E:\3.46\pic18-lt\cxx-framework\src\traditional\math\temparg.asm
                 __TEMPB0   0x000013       data     extern E:\3.46\pic18-lt\cxx-framework\src\traditional\math\temparg.asm
                 __TEMPB1   0x000012       data     extern E:\3.46\pic18-lt\cxx-framework\src\traditional\math\temparg.asm
                 __TEMPB2   0x000011       data     extern E:\3.46\pic18-lt\cxx-framework\src\traditional\math\temparg.asm
                 __TEMPB3   0x000010       data     extern E:\3.46\pic18-lt\cxx-framework\src\traditional\math\temparg.asm
                  __tmp_0   0x00001f       data     static D:\GitHub\REVIVE_USB_RENC_Debounce\REVIVE_USB_RENC_Debounce_FW\eeprom.c
                  __tmp_0   0x00001f       data     static D:\GitHub\REVIVE_USB_RENC_Debounce\REVIVE_USB_RENC_Debounce_FW\Microchip\USB\usb_device.c
                  __tmp_0   0x00001f       data     static D:\GitHub\REVIVE_USB_RENC_Debounce\REVIVE_USB_RENC_Debounce_FW\main.c
                  __tmp_2   0x000014       data     static D:\GitHub\REVIVE_USB_RENC_Debounce\REVIVE_USB_RENC_Debounce_FW\main.c
          active_protocol   0x0000f1       data     extern D:\GitHub\REVIVE_USB_RENC_Debounce\REVIVE_USB_RENC_Debounce_FW\Microchip\USB\HID Device Driver\usb_function_hid.c
    button_pressing_count   0x000158       data     extern D:\GitHub\REVIVE_USB_RENC_Debounce\REVIVE_USB_RENC_Debounce_FW\main.c
        button_state_set1   0x00006a       data     extern D:\GitHub\REVIVE_USB_RENC_Debounce\REVIVE_USB_RENC_Debounce_FW\main.c
        button_state_set2   0x00006b       data     extern D:\GitHub\REVIVE_USB_RENC_Debounce\REVIVE_USB_RENC_Debounce_FW\main.c
                c_version   0x000060       data     extern D:\GitHub\REVIVE_USB_RENC_Debounce\REVIVE_USB_RENC_Debounce_FW\main.c
     controlTransferState   0x0000c2       data     extern D:\GitHub\REVIVE_USB_RENC_Debounce\REVIVE_USB_RENC_Debounce_FW\Microchip\USB\usb_device.c
                curr_byte   0x0000e9       data     static E:\3.46\pic18-lt\cxx-framework\src\traditional\startup\c018i.c
               curr_entry   0x0000eb       data     static E:\3.46\pic18-lt\cxx-framework\src\traditional\startup\c018i.c
                 data_ptr   0x0000ed       data     static E:\3.46\pic18-lt\cxx-framework\src\traditional\startup\c018i.c
              delay_count   0x00017c       data     static D:\GitHub\REVIVE_USB_RENC_Debounce\REVIVE_USB_RENC_Debounce_FW\main.c
       eeprom_check_count   0x0000a1       data     extern D:\GitHub\REVIVE_USB_RENC_Debounce\REVIVE_USB_RENC_Debounce_FW\main.c
     eeprom_conv_for_renc   0x0000a2       data     extern D:\GitHub\REVIVE_USB_RENC_Debounce\REVIVE_USB_RENC_Debounce_FW\main.c
              eeprom_data   0x00007c       data     extern D:\GitHub\REVIVE_USB_RENC_Debounce\REVIVE_USB_RENC_Debounce_FW\main.c
     eeprom_smpl_interval   0x0000a0       data     extern D:\GitHub\REVIVE_USB_RENC_Debounce\REVIVE_USB_RENC_Debounce_FW\main.c
          endpoint_number   0x0000d4       data     extern D:\GitHub\REVIVE_USB_RENC_Debounce\REVIVE_USB_RENC_Debounce_FW\Microchip\USB\usb_device.c
[...]
                 DDRAbits   0x000f92       data     extern E:\3.46\pic18-lt\cxx-framework\src\traditional\proc\p18f14k50.asm
                     DDRA   0x000f92       data     extern E:\3.46\pic18-lt\cxx-framework\src\traditional\proc\p18f14k50.asm
                    TRISB   0x000f93       data     extern E:\3.46\pic18-lt\cxx-framework\src\traditional\proc\p18f14k50.asm
                TRISBbits   0x000f93       data     extern E:\3.46\pic18-lt\cxx-framework\src\traditional\proc\p18f14k50.asm
                 DDRBbits   0x000f93       data     extern E:\3.46\pic18-lt\cxx-framework\src\traditional\proc\p18f14k50.asm
                     DDRB   0x000f93       data     extern E:\3.46\pic18-lt\cxx-framework\src\traditional\proc\p18f14k50.asm
                     DDRC   0x000f94       data     extern E:\3.46\pic18-lt\cxx-framework\src\traditional\proc\p18f14k50.asm
                 DDRCbits   0x000f94       data     extern E:\3.46\pic18-lt\cxx-framework\src\traditional\proc\p18f14k50.asm
                    TRISC   0x000f94       data     extern E:\3.46\pic18-lt\cxx-framework\src\traditional\proc\p18f14k50.asm
                TRISCbits   0x000f94       data     extern E:\3.46\pic18-lt\cxx-framework\src\traditional\proc\p18f14k50.asm
                  OSCTUNE   0x000f9b       data     extern E:\3.46\pic18-lt\cxx-framework\src\traditional\proc\p18f14k50.asm
              OSCTUNEbits   0x000f9b       data     extern E:\3.46\pic18-lt\cxx-framework\src\traditional\proc\p18f14k50.asm
                 PIE1bits   0x000f9d       data     extern E:\3.46\pic18-lt\cxx-framework\src\traditional\proc\p18f14k50.asm
                     PIE1   0x000f9d       data     extern E:\3.46\pic18-lt\cxx-framework\src\traditional\proc\p18f14k50.asm
                     PIR1   0x000f9e       data     extern E:\3.46\pic18-lt\cxx-framework\src\traditional\proc\p18f14k50.asm
                 PIR1bits   0x000f9e       data     extern E:\3.46\pic18-lt\cxx-framework\src\traditional\proc\p18f14k50.asm
                     IPR1   0x000f9f       data     extern E:\3.46\pic18-lt\cxx-framework\src\traditional\proc\p18f14k50.asm
                 IPR1bits   0x000f9f       data     extern E:\3.46\pic18-lt\cxx-framework\src\traditional\proc\p18f14k50.asm
                 PIE2bits   0x000fa0       data     extern E:\3.46\pic18-lt\cxx-framework\src\traditional\proc\p18f14k50.asm
                     PIE2   0x000fa0       data     extern E:\3.46\pic18-lt\cxx-framework\src\traditional\proc\p18f14k50.asm
                     PIR2   0x000fa1       data     extern E:\3.46\pic18-lt\cxx-framework\src\traditional\proc\p18f14k50.asm
                 PIR2bits   0x000fa1       data     extern E:\3.46\pic18-lt\cxx-framework\src\traditional\proc\p18f14k50.asm
                 IPR2bits   0x000fa2       data     extern E:\3.46\pic18-lt\cxx-framework\src\traditional\proc\p18f14k50.asm
                     IPR2   0x000fa2       data     extern E:\3.46\pic18-lt\cxx-framework\src\traditional\proc\p18f14k50.asm
               EECON1bits   0x000fa6       data     extern E:\3.46\pic18-lt\cxx-framework\src\traditional\proc\p18f14k50.asm
                   EECON1   0x000fa6       data     extern E:\3.46\pic18-lt\cxx-framework\src\traditional\proc\p18f14k50.asm
                   EECON2   0x000fa7       data     extern E:\3.46\pic18-lt\cxx-framework\src\traditional\proc\p18f14k50.asm
                   EEDATA   0x000fa8       data     extern E:\3.46\pic18-lt\cxx-framework\src\traditional\proc\p18f14k50.asm
                    EEADR   0x000fa9       data     extern E:\3.46\pic18-lt\cxx-framework\src\traditional\proc\p18f14k50.asm
                EEADRbits   0x000fa9       data     extern E:\3.46\pic18-lt\cxx-framework\src\traditional\proc\p18f14k50.asm
                    RCSTA   0x000fab       data     extern E:\3.46\pic18-lt\cxx-framework\src\traditional\proc\p18f14k50.asm
                RCSTAbits   0x000fab       data     extern E:\3.46\pic18-lt\cxx-framework\src\traditional\proc\p18f14k50.asm
                    TXSTA   0x000fac       data     extern E:\3.46\pic18-lt\cxx-framework\src\traditional\proc\p18f14k50.asm
                TXSTAbits   0x000fac       data     extern E:\3.46\pic18-lt\cxx-framework\src\traditional\proc\p18f14k50.asm
                    TXREG   0x000fad       data     extern E:\3.46\pic18-lt\cxx-framework\src\traditional\proc\p18f14k50.asm
                    RCREG   0x000fae       data     extern E:\3.46\pic18-lt\cxx-framework\src\traditional\proc\p18f14k50.asm
                    SPBRG   0x000faf       data     extern E:\3.46\pic18-lt\cxx-framework\src\traditional\proc\p18f14k50.asm
                   SPBRGH   0x000fb0       data     extern E:\3.46\pic18-lt\cxx-framework\src\traditional\proc\p18f14k50.asm
                    T3CON   0x000fb1       data     extern E:\3.46\pic18-lt\cxx-framework\src\traditional\proc\p18f14k50.asm
                T3CONbits   0x000fb1       data     extern E:\3.46\pic18-lt\cxx-framework\src\traditional\proc\p18f14k50.asm
                    TMR3L   0x000fb2       data     extern E:\3.46\pic18-lt\cxx-framework\src\traditional\proc\p18f14k50.asm
                    TMR3H   0x000fb3       data     extern E:\3.46\pic18-lt\cxx-framework\src\traditional\proc\p18f14k50.asm
                  ECCP1AS   0x000fb6       data     extern E:\3.46\pic18-lt\cxx-framework\src\traditional\proc\p18f14k50.asm
              ECCP1ASbits   0x000fb6       data     extern E:\3.46\pic18-lt\cxx-framework\src\traditional\proc\p18f14k50.asm
                  PWM1CON   0x000fb7       data     extern E:\3.46\pic18-lt\cxx-framework\src\traditional\proc\p18f14k50.asm
              PWM1CONbits   0x000fb7       data     extern E:\3.46\pic18-lt\cxx-framework\src\traditional\proc\p18f14k50.asm
              BAUDCONbits   0x000fb8       data     extern E:\3.46\pic18-lt\cxx-framework\src\traditional\proc\p18f14k50.asm
                  BAUDCTL   0x000fb8       data     extern E:\3.46\pic18-lt\cxx-framework\src\traditional\proc\p18f14k50.asm
              BAUDCTLbits   0x000fb8       data     extern E:\3.46\pic18-lt\cxx-framework\src\traditional\proc\p18f14k50.asm
                  BAUDCON   0x000fb8       data     extern E:\3.46\pic18-lt\cxx-framework\src\traditional\proc\p18f14k50.asm
              PSTRCONbits   0x000fb9       data     extern E:\3.46\pic18-lt\cxx-framework\src\traditional\proc\p18f14k50.asm
                  PSTRCON   0x000fb9       data     extern E:\3.46\pic18-lt\cxx-framework\src\traditional\proc\p18f14k50.asm
                  REFCON0   0x000fba       data     extern E:\3.46\pic18-lt\cxx-framework\src\traditional\proc\p18f14k50.asm
              REFCON0bits   0x000fba       data     extern E:\3.46\pic18-lt\cxx-framework\src\traditional\proc\p18f14k50.asm
                 VREFCON0   0x000fba       data     extern E:\3.46\pic18-lt\cxx-framework\src\traditional\proc\p18f14k50.asm
             VREFCON0bits   0x000fba       data     extern E:\3.46\pic18-lt\cxx-framework\src\traditional\proc\p18f14k50.asm
                 VREFCON1   0x000fbb       data     extern E:\3.46\pic18-lt\cxx-framework\src\traditional\proc\p18f14k50.asm
             VREFCON1bits   0x000fbb       data     extern E:\3.46\pic18-lt\cxx-framework\src\traditional\proc\p18f14k50.asm
              REFCON1bits   0x000fbb       data     extern E:\3.46\pic18-lt\cxx-framework\src\traditional\proc\p18f14k50.asm
                  REFCON1   0x000fbb       data     extern E:\3.46\pic18-lt\cxx-framework\src\traditional\proc\p18f14k50.asm
              REFCON2bits   0x000fbc       data     extern E:\3.46\pic18-lt\cxx-framework\src\traditional\proc\p18f14k50.asm
                 VREFCON2   0x000fbc       data     extern E:\3.46\pic18-lt\cxx-framework\src\traditional\proc\p18f14k50.asm
             VREFCON2bits   0x000fbc       data     extern E:\3.46\pic18-lt\cxx-framework\src\traditional\proc\p18f14k50.asm
                  REFCON2   0x000fbc       data     extern E:\3.46\pic18-lt\cxx-framework\src\traditional\proc\p18f14k50.asm
                  CCP1CON   0x000fbd       data     extern E:\3.46\pic18-lt\cxx-framework\src\traditional\proc\p18f14k50.asm
              CCP1CONbits   0x000fbd       data     extern E:\3.46\pic18-lt\cxx-framework\src\traditional\proc\p18f14k50.asm
                   CCPR1L   0x000fbe       data     extern E:\3.46\pic18-lt\cxx-framework\src\traditional\proc\p18f14k50.asm
                    CCPR1   0x000fbe       data     extern E:\3.46\pic18-lt\cxx-framework\src\traditional\proc\p18f14k50.asm
                   CCPR1H   0x000fbf       data     extern E:\3.46\pic18-lt\cxx-framework\src\traditional\proc\p18f14k50.asm
               ADCON2bits   0x000fc0       data     extern E:\3.46\pic18-lt\cxx-framework\src\traditional\proc\p18f14k50.asm
                   ADCON2   0x000fc0       data     extern E:\3.46\pic18-lt\cxx-framework\src\traditional\proc\p18f14k50.asm
               ADCON1bits   0x000fc1       data     extern E:\3.46\pic18-lt\cxx-framework\src\traditional\proc\p18f14k50.asm
                   ADCON1   0x000fc1       data     extern E:\3.46\pic18-lt\cxx-framework\src\traditional\proc\p18f14k50.asm
                   ADCON0   0x000fc2       data     extern E:\3.46\pic18-lt\cxx-framework\src\traditional\proc\p18f14k50.asm
               ADCON0bits   0x000fc2       data     extern E:\3.46\pic18-lt\cxx-framework\src\traditional\proc\p18f14k50.asm
                    ADRES   0x000fc3       data     extern E:\3.46\pic18-lt\cxx-framework\src\traditional\proc\p18f14k50.asm
                   ADRESL   0x000fc3       data     extern E:\3.46\pic18-lt\cxx-framework\src\traditional\proc\p18f14k50.asm
                   ADRESH   0x000fc4       data     extern E:\3.46\pic18-lt\cxx-framework\src\traditional\proc\p18f14k50.asm
                  SSPCON2   0x000fc5       data     extern E:\3.46\pic18-lt\cxx-framework\src\traditional\proc\p18f14k50.asm
              SSPCON2bits   0x000fc5       data     extern E:\3.46\pic18-lt\cxx-framework\src\traditional\proc\p18f14k50.asm
              SSPCON1bits   0x000fc6       data     extern E:\3.46\pic18-lt\cxx-framework\src\traditional\proc\p18f14k50.asm
                  SSPCON1   0x000fc6       data     extern E:\3.46\pic18-lt\cxx-framework\src\traditional\proc\p18f14k50.asm
                  SSPSTAT   0x000fc7       data     extern E:\3.46\pic18-lt\cxx-framework\src\traditional\proc\p18f14k50.asm
              SSPSTATbits   0x000fc7       data     extern E:\3.46\pic18-lt\cxx-framework\src\traditional\proc\p18f14k50.asm
                   SSPADD   0x000fc8       data     extern E:\3.46\pic18-lt\cxx-framework\src\traditional\proc\p18f14k50.asm
                   SSPBUF   0x000fc9       data     extern E:\3.46\pic18-lt\cxx-framework\src\traditional\proc\p18f14k50.asm
                    T2CON   0x000fca       data     extern E:\3.46\pic18-lt\cxx-framework\src\traditional\proc\p18f14k50.asm
                T2CONbits   0x000fca       data     extern E:\3.46\pic18-lt\cxx-framework\src\traditional\proc\p18f14k50.asm
                      PR2   0x000fcb       data     extern E:\3.46\pic18-lt\cxx-framework\src\traditional\proc\p18f14k50.asm
                     TMR2   0x000fcc       data     extern E:\3.46\pic18-lt\cxx-framework\src\traditional\proc\p18f14k50.asm
                    T1CON   0x000fcd       data     extern E:\3.46\pic18-lt\cxx-framework\src\traditional\proc\p18f14k50.asm
                T1CONbits   0x000fcd       data     extern E:\3.46\pic18-lt\cxx-framework\src\traditional\proc\p18f14k50.asm
                    TMR1L   0x000fce       data     extern E:\3.46\pic18-lt\cxx-framework\src\traditional\proc\p18f14k50.asm
                    TMR1H   0x000fcf       data     extern E:\3.46\pic18-lt\cxx-framework\src\traditional\proc\p18f14k50.asm
                     RCON   0x000fd0       data     extern E:\3.46\pic18-lt\cxx-framework\src\traditional\proc\p18f14k50.asm
                 RCONbits   0x000fd0       data     extern E:\3.46\pic18-lt\cxx-framework\src\traditional\proc\p18f14k50.asm
                   WDTCON   0x000fd1       data     extern E:\3.46\pic18-lt\cxx-framework\src\traditional\proc\p18f14k50.asm
               WDTCONbits   0x000fd1       data     extern E:\3.46\pic18-lt\cxx-framework\src\traditional\proc\p18f14k50.asm
                  OSCCON2   0x000fd2       data     extern E:\3.46\pic18-lt\cxx-framework\src\traditional\proc\p18f14k50.asm
              OSCCON2bits   0x000fd2       data     extern E:\3.46\pic18-lt\cxx-framework\src\traditional\proc\p18f14k50.asm
                   OSCCON   0x000fd3       data     extern E:\3.46\pic18-lt\cxx-framework\src\traditional\proc\p18f14k50.asm
               OSCCONbits   0x000fd3       data     extern E:\3.46\pic18-lt\cxx-framework\src\traditional\proc\p18f14k50.asm
                T0CONbits   0x000fd5       data     extern E:\3.46\pic18-lt\cxx-framework\src\traditional\proc\p18f14k50.asm
                    T0CON   0x000fd5       data     extern E:\3.46\pic18-lt\cxx-framework\src\traditional\proc\p18f14k50.asm
                    TMR0L   0x000fd6       data     extern E:\3.46\pic18-lt\cxx-framework\src\traditional\proc\p18f14k50.asm
                    TMR0H   0x000fd7       data     extern E:\3.46\pic18-lt\cxx-framework\src\traditional\proc\p18f14k50.asm
                   STATUS   0x000fd8       data     extern E:\3.46\pic18-lt\cxx-framework\src\traditional\proc\p18f14k50.asm
               STATUSbits   0x000fd8       data     extern E:\3.46\pic18-lt\cxx-framework\src\traditional\proc\p18f14k50.asm
                    FSR2L   0x000fd9       data     extern E:\3.46\pic18-lt\cxx-framework\src\traditional\proc\p18f14k50.asm
                     FSR2   0x000fd9       data     extern E:\3.46\pic18-lt\cxx-framework\src\traditional\proc\p18f14k50.asm
                    FSR2H   0x000fda       data     extern E:\3.46\pic18-lt\cxx-framework\src\traditional\proc\p18f14k50.asm
                   PLUSW2   0x000fdb       data     extern E:\3.46\pic18-lt\cxx-framework\src\traditional\proc\p18f14k50.asm
                  PREINC2   0x000fdc       data     extern E:\3.46\pic18-lt\cxx-framework\src\traditional\proc\p18f14k50.asm
                 POSTDEC2   0x000fdd       data     extern E:\3.46\pic18-lt\cxx-framework\src\traditional\proc\p18f14k50.asm
                 POSTINC2   0x000fde       data     extern E:\3.46\pic18-lt\cxx-framework\src\traditional\proc\p18f14k50.asm
                    INDF2   0x000fdf       data     extern E:\3.46\pic18-lt\cxx-framework\src\traditional\proc\p18f14k50.asm
                      BSR   0x000fe0       data     extern E:\3.46\pic18-lt\cxx-framework\src\traditional\proc\p18f14k50.asm
                    FSR1L   0x000fe1       data     extern E:\3.46\pic18-lt\cxx-framework\src\traditional\proc\p18f14k50.asm
                     FSR1   0x000fe1       data     extern E:\3.46\pic18-lt\cxx-framework\src\traditional\proc\p18f14k50.asm
                    FSR1H   0x000fe2       data     extern E:\3.46\pic18-lt\cxx-framework\src\traditional\proc\p18f14k50.asm
                   PLUSW1   0x000fe3       data     extern E:\3.46\pic18-lt\cxx-framework\src\traditional\proc\p18f14k50.asm
                  PREINC1   0x000fe4       data     extern E:\3.46\pic18-lt\cxx-framework\src\traditional\proc\p18f14k50.asm
                 POSTDEC1   0x000fe5       data     extern E:\3.46\pic18-lt\cxx-framework\src\traditional\proc\p18f14k50.asm
                 POSTINC1   0x000fe6       data     extern E:\3.46\pic18-lt\cxx-framework\src\traditional\proc\p18f14k50.asm
                    INDF1   0x000fe7       data     extern E:\3.46\pic18-lt\cxx-framework\src\traditional\proc\p18f14k50.asm
                     WREG   0x000fe8       data     extern E:\3.46\pic18-lt\cxx-framework\src\traditional\proc\p18f14k50.asm
                        W   0x000fe8       data     extern E:\3.46\pic18-lt\cxx-framework\src\traditional\proc\p18f14k50.asm
                     FSR0   0x000fe9       data     extern E:\3.46\pic18-lt\cxx-framework\src\traditional\proc\p18f14k50.asm
                    FSR0L   0x000fe9       data     extern E:\3.46\pic18-lt\cxx-framework\src\traditional\proc\p18f14k50.asm
                    FSR0H   0x000fea       data     extern E:\3.46\pic18-lt\cxx-framework\src\traditional\proc\p18f14k50.asm
                   PLUSW0   0x000feb       data     extern E:\3.46\pic18-lt\cxx-framework\src\traditional\proc\p18f14k50.asm
                  PREINC0   0x000fec       data     extern E:\3.46\pic18-lt\cxx-framework\src\traditional\proc\p18f14k50.asm
                 POSTDEC0   0x000fed       data     extern E:\3.46\pic18-lt\cxx-framework\src\traditional\proc\p18f14k50.asm
                 POSTINC0   0x000fee       data     extern E:\3.46\pic18-lt\cxx-framework\src\traditional\proc\p18f14k50.asm
                    INDF0   0x000fef       data     extern E:\3.46\pic18-lt\cxx-framework\src\traditional\proc\p18f14k50.asm
              INTCON3bits   0x000ff0       data     extern E:\3.46\pic18-lt\cxx-framework\src\traditional\proc\p18f14k50.asm
                  INTCON3   0x000ff0       data     extern E:\3.46\pic18-lt\cxx-framework\src\traditional\proc\p18f14k50.asm
              INTCON2bits   0x000ff1       data     extern E:\3.46\pic18-lt\cxx-framework\src\traditional\proc\p18f14k50.asm
                  INTCON2   0x000ff1       data     extern E:\3.46\pic18-lt\cxx-framework\src\traditional\proc\p18f14k50.asm
               INTCONbits   0x000ff2       data     extern E:\3.46\pic18-lt\cxx-framework\src\traditional\proc\p18f14k50.asm
                   INTCON   0x000ff2       data     extern E:\3.46\pic18-lt\cxx-framework\src\traditional\proc\p18f14k50.asm
                     PROD   0x000ff3       data     extern E:\3.46\pic18-lt\cxx-framework\src\traditional\proc\p18f14k50.asm
                    PRODL   0x000ff3       data     extern E:\3.46\pic18-lt\cxx-framework\src\traditional\proc\p18f14k50.asm
                    PRODH   0x000ff4       data     extern E:\3.46\pic18-lt\cxx-framework\src\traditional\proc\p18f14k50.asm
                   TABLAT   0x000ff5       data     extern E:\3.46\pic18-lt\cxx-framework\src\traditional\proc\p18f14k50.asm
                   TBLPTR   0x000ff6       data     extern E:\3.46\pic18-lt\cxx-framework\src\traditional\proc\p18f14k50.asm
                  TBLPTRL   0x000ff6       data     extern E:\3.46\pic18-lt\cxx-framework\src\traditional\proc\p18f14k50.asm
                  TBLPTRH   0x000ff7       data     extern E:\3.46\pic18-lt\cxx-framework\src\traditional\proc\p18f14k50.asm
                  TBLPTRU   0x000ff8       data     extern E:\3.46\pic18-lt\cxx-framework\src\traditional\proc\p18f14k50.asm
                      PCL   0x000ff9       data     extern E:\3.46\pic18-lt\cxx-framework\src\traditional\proc\p18f14k50.asm
                       PC   0x000ff9       data     extern E:\3.46\pic18-lt\cxx-framework\src\traditional\proc\p18f14k50.asm
                   PCLATH   0x000ffa       data     extern E:\3.46\pic18-lt\cxx-framework\src\traditional\proc\p18f14k50.asm
                   PCLATU   0x000ffb       data     extern E:\3.46\pic18-lt\cxx-framework\src\traditional\proc\p18f14k50.asm
               STKPTRbits   0x000ffc       data     extern E:\3.46\pic18-lt\cxx-framework\src\traditional\proc\p18f14k50.asm
                   STKPTR   0x000ffc       data     extern E:\3.46\pic18-lt\cxx-framework\src\traditional\proc\p18f14k50.asm
                      TOS   0x000ffd       data     extern E:\3.46\pic18-lt\cxx-framework\src\traditional\proc\p18f14k50.asm
                     TOSL   0x000ffd       data     extern E:\3.46\pic18-lt\cxx-framework\src\traditional\proc\p18f14k50.asm
                     TOSH   0x000ffe       data     extern E:\3.46\pic18-lt\cxx-framework\src\traditional\proc\p18f14k50.asm
                     TOSU   0x000fff       data     extern E:\3.46\pic18-lt\cxx-framework\src\traditional\proc\p18f14k50.asm


