MPLINK 5.00, LINKER
Linker Map File - Created Mon Oct 26 00:35:36 2020

                                 Section Info
                  Section       Type    Address   Location Size(Bytes)
                ---------  ---------  ---------  ---------  ---------
               _entry_scn       code   0x000000    program   0x000006
    HIGH_INTERRUPT_VECTOR       code   0x000008    program   0x000006
     LOW_INTERRUPT_VECTOR       code   0x000018    program   0x000006
    REMAPPED_RESET_VECTOR       code   0x001000    program   0x000006
           .code___init.o       code   0x001006    program   0x000002
REMAPPED_HIGH_INTERRUPT_VECTOR       code   0x001008    program   0x000006
REMAPPED_LOW_INTERRUPT_VECTOR       code   0x001018    program   0x000006
                   .cinit    romdata   0x00101e    program   0x00000e
             .code_main.o       code   0x00102c    program   0x00171a
       .code_usb_device.o       code   0x002746    program   0x000cf4
.romdata_usb_descriptors.o    romdata   0x00343a    program   0x0001af
      .romdata_fxd0808u.o    romdata   0x0035e9    program   0x000000
      .idata_fxd1616u.o_i    romdata   0x0035e9    program   0x000000
        .idata___init.o_i    romdata   0x0035e9    program   0x000000
        .romdata___init.o    romdata   0x0035e9    program   0x000000
       .idata_pow2x16.o_i    romdata   0x0035e9    program   0x000000
       .romdata_pow2x16.o    romdata   0x0035e9    program   0x000000
      .romdata_fxd1616u.o    romdata   0x0035e9    program   0x000000
      .idata_fxd0808u.o_i    romdata   0x0035e9    program   0x000000
        .romdata_eeprom.o    romdata   0x0035e9    program   0x000000
        .idata_eeprom.o_i    romdata   0x0035e9    program   0x000000
.romdata_usb_function_hid.o    romdata   0x0035e9    program   0x000000
.idata_usb_function_hid.o_i    romdata   0x0035e9    program   0x000000
    .romdata_usb_device.o    romdata   0x0035e9    program   0x000000
    .idata_usb_device.o_i    romdata   0x0035e9    program   0x000000
         .idata_c018i.o_i    romdata   0x0035e9    program   0x000000
         .romdata_c018i.o    romdata   0x0035e9    program   0x000000
.idata_usb_descriptors.o_i    romdata   0x0035e9    program   0x000000
          .romdata_main.o    romdata   0x0035e9    program   0x000000
             .stringtable    romdata   0x0035e9    program   0x000000
            .code_c018i.o       code   0x0035ea    program   0x000000
  .code_usb_descriptors.o       code   0x0035ea    program   0x000000
           .code_eeprom.o       code   0x0035ea    program   0x000178
 .code_usb_function_hid.o       code   0x003762    program   0x000122
                     PROG       code   0x003884    program   0x0000da
               _cinit_scn       code   0x00395e    program   0x00009e
                   STRING       code   0x0039fc    program   0x000050
         .code_fxd1616u.o       code   0x003a4c    program   0x00002c
                    .code       code   0x003a78    program   0x000020
             _startup_scn       code   0x003a98    program   0x00001c
         .code_fxd0808u.o       code   0x003ab4    program   0x00001c
          .code_pow2x16.o       code   0x003ad0    program   0x000016
          .idata_main.o_i    romdata   0x003ae6    program   0x000047
    .config_300000_main.o    romdata   0x300000    program   0x000001
    .config_300001_main.o    romdata   0x300001    program   0x000001
    .config_300002_main.o    romdata   0x300002    program   0x000001
    .config_300003_main.o    romdata   0x300003    program   0x000001
    .config_300005_main.o    romdata   0x300005    program   0x000001
    .config_300006_main.o    romdata   0x300006    program   0x000001
    .config_300008_main.o    romdata   0x300008    program   0x000001
    .config_300009_main.o    romdata   0x300009    program   0x000001
    .config_30000a_main.o    romdata   0x30000a    program   0x000001
    .config_30000b_main.o    romdata   0x30000b    program   0x000001
    .config_30000c_main.o    romdata   0x30000c    program   0x000001
    .config_30000d_main.o    romdata   0x30000d    program   0x000001
                MATH_DATA      udata   0x000000       data   0x000014
YourLowPriorityISRCode_tmp      udata   0x000014       data   0x00000b
                 .tmpdata      udata   0x00001f       data   0x00000b
            .idata_main.o      idata   0x000060       data   0x000047
      .udata_usb_device.o      udata   0x0000a7       data   0x000040
           .udata_c018i.o      udata   0x0000e7       data   0x00000a
.udata_usb_function_hid.o      udata   0x0000f1       data   0x000002
         .idata_pow2x16.o      idata   0x0000f3       data   0x000000
         .udata_pow2x16.o      udata   0x0000f3       data   0x000000
          .idata___init.o      idata   0x0000f3       data   0x000000
          .udata___init.o      udata   0x0000f3       data   0x000000
        .idata_fxd1616u.o      idata   0x0000f3       data   0x000000
        .udata_fxd1616u.o      udata   0x0000f3       data   0x000000
        .idata_fxd0808u.o      idata   0x0000f3       data   0x000000
        .udata_fxd0808u.o      udata   0x0000f3       data   0x000000
          .idata_eeprom.o      idata   0x0000f3       data   0x000000
          .udata_eeprom.o      udata   0x0000f3       data   0x000000
.idata_usb_function_hid.o      idata   0x0000f3       data   0x000000
      .idata_usb_device.o      idata   0x0000f3       data   0x000000
 .idata_usb_descriptors.o      idata   0x0000f3       data   0x000000
 .udata_usb_descriptors.o      udata   0x0000f3       data   0x000000
           .idata_c018i.o      idata   0x0000f3       data   0x000000
                   .stack      udata   0x000100       data   0x000040
            .udata_main.o      udata   0x000140       data   0x00003e
                  USB_BDT      udata   0x000200       data   0x000069
                  usbram2      udata   0x000269       data   0x000090
              SFR_BANKED0      udata   0x000f53       data   0x00000d
            SFR_UNBANKED0      udata   0x000f60       data   0x0000a0



                              Program Memory Usage 
                               Start         End      
                           ---------   ---------      
                            0x000000    0x000005      
                            0x000008    0x00000d      
                            0x000018    0x00001d      
                            0x001000    0x00100d      
                            0x001018    0x0035e8      
                            0x0035ea    0x003b2c      
                            0x300000    0x300003      
                            0x300005    0x300006      
                            0x300008    0x30000d      
            11072 out of 16408 program addresses used, program memory utilization is 67%



                              Symbols - Sorted by Name
                     Name    Address   Location    Storage File                     
                ---------  ---------  ---------  --------- ---------                
                   D0808S   0x00389a    program     static E:\3.46\pic18-lt\cxx-framework\src\traditional\math\fxd0808s.asm
                D0808SNEG   0x0038a8    program     static E:\3.46\pic18-lt\cxx-framework\src\traditional\math\fxd0808s.asm
                 D0808SOK   0x0038a4    program     static E:\3.46\pic18-lt\cxx-framework\src\traditional\math\fxd0808s.asm
                  D0808SX   0x0038ae    program     static E:\3.46\pic18-lt\cxx-framework\src\traditional\math\fxd0808s.asm
                   D1616S   0x0038da    program     static E:\3.46\pic18-lt\cxx-framework\src\traditional\math\fxd1616s.asm
                D1616SNEG   0x0038e8    program     static E:\3.46\pic18-lt\cxx-framework\src\traditional\math\fxd1616s.asm
                 D1616SOK   0x0038e4    program     static E:\3.46\pic18-lt\cxx-framework\src\traditional\math\fxd1616s.asm
                  D1616SX   0x0038fa    program     static E:\3.46\pic18-lt\cxx-framework\src\traditional\math\fxd1616s.asm
                  DA0808S   0x003890    program     static E:\3.46\pic18-lt\cxx-framework\src\traditional\math\fxd0808s.asm
                  DA1616S   0x0038ca    program     static E:\3.46\pic18-lt\cxx-framework\src\traditional\math\fxd1616s.asm
                 FXD0808S   0x003884    program     extern E:\3.46\pic18-lt\cxx-framework\src\traditional\math\fxd0808s.asm
                 FXD0808U   0x003ab4    program     extern E:\3.46\pic18-lt\cxx-framework\src\traditional\math\fxd0808u.c
                 FXD1616S   0x0038b8    program     extern E:\3.46\pic18-lt\cxx-framework\src\traditional\math\fxd1616s.asm
                 FXD1616U   0x003a4c    program     extern E:\3.46\pic18-lt\cxx-framework\src\traditional\math\fxd1616u.c
                 FXM1616S   0x003904    program     extern E:\3.46\pic18-lt\cxx-framework\src\traditional\math\fxm1616s.asm
                 High_ISR   0x000008    program     extern C:\Users\guroc\Desktop\REVIVE_USB_RENC_Debounce\REVIVE_USB_RENC_Debounce_FW\main.c
         InitializeSystem   0x00186a    program     static C:\Users\guroc\Desktop\REVIVE_USB_RENC_Debounce\REVIVE_USB_RENC_Debounce_FW\main.c
                  Low_ISR   0x000018    program     extern C:\Users\guroc\Desktop\REVIVE_USB_RENC_Debounce\REVIVE_USB_RENC_Debounce_FW\main.c
                ProcessIO   0x001b5e    program     extern C:\Users\guroc\Desktop\REVIVE_USB_RENC_Debounce\REVIVE_USB_RENC_Debounce_FW\main.c
               ReadEEPROM   0x0035ea    program     extern C:\Users\guroc\Desktop\REVIVE_USB_RENC_Debounce\REVIVE_USB_RENC_Debounce_FW\eeprom.c
         ReadEEPROM_Agree   0x00362e    program     extern C:\Users\guroc\Desktop\REVIVE_USB_RENC_Debounce\REVIVE_USB_RENC_Debounce_FW\eeprom.c
        Remapped_High_ISR   0x001008    program     extern C:\Users\guroc\Desktop\REVIVE_USB_RENC_Debounce\REVIVE_USB_RENC_Debounce_FW\main.c
         Remapped_Low_ISR   0x001018    program     extern C:\Users\guroc\Desktop\REVIVE_USB_RENC_Debounce\REVIVE_USB_RENC_Debounce_FW\main.c
               TSIGN1616A   0x003950    program     static E:\3.46\pic18-lt\cxx-framework\src\traditional\math\fxm1616s.asm
       USBCBCheckOtherReq   0x00248c    program     extern C:\Users\guroc\Desktop\REVIVE_USB_RENC_Debounce\REVIVE_USB_RENC_Debounce_FW\main.c
        USBCBErrorHandler   0x00248a    program     extern C:\Users\guroc\Desktop\REVIVE_USB_RENC_Debounce\REVIVE_USB_RENC_Debounce_FW\main.c
              USBCBInitEP   0x002492    program     extern C:\Users\guroc\Desktop\REVIVE_USB_RENC_Debounce\REVIVE_USB_RENC_Debounce_FW\main.c
          USBCBSendResume   0x0024b0    program     extern C:\Users\guroc\Desktop\REVIVE_USB_RENC_Debounce\REVIVE_USB_RENC_Debounce_FW\main.c
    USBCBStdSetDscHandler   0x002490    program     extern C:\Users\guroc\Desktop\REVIVE_USB_RENC_Debounce\REVIVE_USB_RENC_Debounce_FW\main.c
             USBCBSuspend   0x002484    program     extern C:\Users\guroc\Desktop\REVIVE_USB_RENC_Debounce\REVIVE_USB_RENC_Debounce_FW\main.c
     USBCBWakeFromSuspend   0x002486    program     extern C:\Users\guroc\Desktop\REVIVE_USB_RENC_Debounce\REVIVE_USB_RENC_Debounce_FW\main.c
        USBCB_SOF_Handler   0x002488    program     extern C:\Users\guroc\Desktop\REVIVE_USB_RENC_Debounce\REVIVE_USB_RENC_Debounce_FW\main.c
              USBCancelIO   0x002a3e    program     extern C:\Users\guroc\Desktop\REVIVE_USB_RENC_Debounce\REVIVE_USB_RENC_Debounce_FW\Microchip\USB\usb_device.c
       USBCheckHIDRequest   0x003762    program     extern C:\Users\guroc\Desktop\REVIVE_USB_RENC_Debounce\REVIVE_USB_RENC_Debounce_FW\Microchip\USB\HID Device Driver\usb_function_hid.c
       USBCheckStdRequest   0x003008    program     static C:\Users\guroc\Desktop\REVIVE_USB_RENC_Debounce\REVIVE_USB_RENC_Debounce_FW\Microchip\USB\usb_device.c
     USBConfigureEndpoint   0x002afc    program     static C:\Users\guroc\Desktop\REVIVE_USB_RENC_Debounce\REVIVE_USB_RENC_Debounce_FW\Microchip\USB\usb_device.c
  USBCtrlEPAllowDataStage   0x002abe    program     extern C:\Users\guroc\Desktop\REVIVE_USB_RENC_Debounce\REVIVE_USB_RENC_Debounce_FW\Microchip\USB\usb_device.c
USBCtrlEPAllowStatusStage   0x002a72    program     extern C:\Users\guroc\Desktop\REVIVE_USB_RENC_Debounce\REVIVE_USB_RENC_Debounce_FW\Microchip\USB\usb_device.c
         USBCtrlEPService   0x002eb0    program     static C:\Users\guroc\Desktop\REVIVE_USB_RENC_Debounce\REVIVE_USB_RENC_Debounce_FW\Microchip\USB\usb_device.c
 USBCtrlEPServiceComplete   0x002b58    program     static C:\Users\guroc\Desktop\REVIVE_USB_RENC_Debounce\REVIVE_USB_RENC_Debounce_FW\Microchip\USB\usb_device.c
      USBCtrlTrfInHandler   0x002f8e    program     static C:\Users\guroc\Desktop\REVIVE_USB_RENC_Debounce\REVIVE_USB_RENC_Debounce_FW\Microchip\USB\usb_device.c
     USBCtrlTrfOutHandler   0x002f70    program     static C:\Users\guroc\Desktop\REVIVE_USB_RENC_Debounce\REVIVE_USB_RENC_Debounce_FW\Microchip\USB\usb_device.c
      USBCtrlTrfRxService   0x002c32    program     static C:\Users\guroc\Desktop\REVIVE_USB_RENC_Debounce\REVIVE_USB_RENC_Debounce_FW\Microchip\USB\usb_device.c
   USBCtrlTrfSetupHandler   0x002f3a    program     static C:\Users\guroc\Desktop\REVIVE_USB_RENC_Debounce\REVIVE_USB_RENC_Debounce_FW\Microchip\USB\usb_device.c
      USBCtrlTrfTxService   0x002bb2    program     static C:\Users\guroc\Desktop\REVIVE_USB_RENC_Debounce\REVIVE_USB_RENC_Debounce_FW\Microchip\USB\usb_device.c
            USBDeviceInit   0x002746    program     extern C:\Users\guroc\Desktop\REVIVE_USB_RENC_Debounce\REVIVE_USB_RENC_Debounce_FW\Microchip\USB\usb_device.c
           USBDeviceTasks   0x002810    program     extern C:\Users\guroc\Desktop\REVIVE_USB_RENC_Debounce\REVIVE_USB_RENC_Debounce_FW\Microchip\USB\usb_device.c
        USBEnableEndpoint   0x00293a    program     extern C:\Users\guroc\Desktop\REVIVE_USB_RENC_Debounce\REVIVE_USB_RENC_Debounce_FW\Microchip\USB\usb_device.c
         USBStallEndpoint   0x002a0e    program     extern C:\Users\guroc\Desktop\REVIVE_USB_RENC_Debounce\REVIVE_USB_RENC_Debounce_FW\Microchip\USB\usb_device.c
          USBStallHandler   0x002e62    program     static C:\Users\guroc\Desktop\REVIVE_USB_RENC_Debounce\REVIVE_USB_RENC_Debounce_FW\Microchip\USB\usb_device.c
  USBStdFeatureReqHandler   0x0030b0    program     static C:\Users\guroc\Desktop\REVIVE_USB_RENC_Debounce\REVIVE_USB_RENC_Debounce_FW\Microchip\USB\usb_device.c
      USBStdGetDscHandler   0x002d72    program     static C:\Users\guroc\Desktop\REVIVE_USB_RENC_Debounce\REVIVE_USB_RENC_Debounce_FW\Microchip\USB\usb_device.c
   USBStdGetStatusHandler   0x002dec    program     static C:\Users\guroc\Desktop\REVIVE_USB_RENC_Debounce\REVIVE_USB_RENC_Debounce_FW\Microchip\USB\usb_device.c
      USBStdSetCfgHandler   0x002cfa    program     static C:\Users\guroc\Desktop\REVIVE_USB_RENC_Debounce\REVIVE_USB_RENC_Debounce_FW\Microchip\USB\usb_device.c
               USBSuspend   0x002e84    program     static C:\Users\guroc\Desktop\REVIVE_USB_RENC_Debounce\REVIVE_USB_RENC_Debounce_FW\Microchip\USB\usb_device.c
     USBTransferOnePacket   0x002982    program     extern C:\Users\guroc\Desktop\REVIVE_USB_RENC_Debounce\REVIVE_USB_RENC_Debounce_FW\Microchip\USB\usb_device.c
       USBWakeFromSuspend   0x002e98    program     static C:\Users\guroc\Desktop\REVIVE_USB_RENC_Debounce\REVIVE_USB_RENC_Debounce_FW\Microchip\USB\usb_device.c
               USB_CD_Ptr   0x0035e1    program     extern C:\Users\guroc\Desktop\REVIVE_USB_RENC_Debounce\REVIVE_USB_RENC_Debounce_FW\usb_descriptors.c
               USB_SD_Ptr   0x0035e3    program     extern C:\Users\guroc\Desktop\REVIVE_USB_RENC_Debounce\REVIVE_USB_RENC_Debounce_FW\usb_descriptors.c
USER_USB_CALLBACK_EVENT_HANDLER   0x0024cc    program     extern C:\Users\guroc\Desktop\REVIVE_USB_RENC_Debounce\REVIVE_USB_RENC_Debounce_FW\main.c
                 UserInit   0x001874    program     extern C:\Users\guroc\Desktop\REVIVE_USB_RENC_Debounce\REVIVE_USB_RENC_Debounce_FW\main.c
              WriteEEPROM   0x0035fa    program     extern C:\Users\guroc\Desktop\REVIVE_USB_RENC_Debounce\REVIVE_USB_RENC_Debounce_FW\eeprom.c
        WriteEEPROM_Agree   0x0036c0    program     extern C:\Users\guroc\Desktop\REVIVE_USB_RENC_Debounce\REVIVE_USB_RENC_Debounce_FW\eeprom.c
  YourHighPriorityISRCode   0x00102c    program     extern C:\Users\guroc\Desktop\REVIVE_USB_RENC_Debounce\REVIVE_USB_RENC_Debounce_FW\main.c
   YourLowPriorityISRCode   0x00103a    program     extern C:\Users\guroc\Desktop\REVIVE_USB_RENC_Debounce\REVIVE_USB_RENC_Debounce_FW\main.c
              _2jContinue   0x003a1c    program     static E:\3.46\pic18-lt\cxx-framework\src\traditional\stdclib\memset.asm
                   _3jEnd   0x003a26    program     static E:\3.46\pic18-lt\cxx-framework\src\traditional\stdclib\memset.asm
           ___?:_lbl00009   0x001280    program     static                          
           ___?:_lbl00010   0x00127e    program     static                          
           ___?:_lbl00012   0x00139c    program     static                          
           ___?:_lbl00013   0x00139a    program     static                          
           ___?:_lbl00014   0x00139c    program     static                          
           ___?:_lbl00015   0x001384    program     static                          
           ___?:_lbl00016   0x00139c    program     static                          
           ___?:_lbl00017   0x00136e    program     static                          
           ___?:_lbl00019   0x0013e6    program     static                          
           ___?:_lbl00020   0x0013e4    program     static                          
           ___?:_lbl00021   0x0013e6    program     static                          
           ___?:_lbl00022   0x0013ce    program     static                          
           ___?:_lbl00023   0x0013e6    program     static                          
           ___?:_lbl00024   0x0013b8    program     static                          
           ___?:_lbl00026   0x001430    program     static                          
           ___?:_lbl00027   0x00142e    program     static                          
           ___?:_lbl00028   0x001430    program     static                          
           ___?:_lbl00029   0x001418    program     static                          
           ___?:_lbl00030   0x001430    program     static                          
           ___?:_lbl00031   0x001402    program     static                          
           ___?:_lbl00033   0x00147a    program     static                          
           ___?:_lbl00034   0x001478    program     static                          
           ___?:_lbl00035   0x00147a    program     static                          
           ___?:_lbl00036   0x001462    program     static                          
           ___?:_lbl00037   0x00147a    program     static                          
           ___?:_lbl00038   0x00144c    program     static                          
           ___?:_lbl00048   0x0016ca    program     static                          
           ___?:_lbl00049   0x0016c8    program     static                          
      ___case_-1_lbl00043   0x001566    program     static                          
      ___case_-2_lbl00044   0x0015f0    program     static                          
       ___case_0_lbl00018   0x00135c    program     static                          
       ___case_0_lbl00041   0x0014d0    program     static                          
     ___case_114_lbl00211   0x002550    program     static                          
     ___case_115_lbl00207   0x002540    program     static                          
     ___case_116_lbl00209   0x002548    program     static                          
     ___case_117_lbl00208   0x002544    program     static                          
       ___case_1_lbl00025   0x0013a6    program     static                          
       ___case_1_lbl00042   0x001500    program     static                          
       ___case_1_lbl00204   0x002534    program     static                          
       ___case_2_lbl00032   0x0013f0    program     static                          
       ___case_2_lbl00205   0x002538    program     static                          
   ___case_32767_lbl00210   0x00254c    program     static                          
       ___case_3_lbl00039   0x00143a    program     static                          
       ___case_3_lbl00206   0x00253c    program     static                          
      ___default_lbl00212   0x002554    program     static                          
         ___else_lbl00047   0x001698    program     static                          
         ___else_lbl00055   0x001770    program     static                          
          ___for_lbl00007   0x0017ee    program     static                          
          ___for_lbl00008   0x0017f4    program     static                          
          ___for_lbl00056   0x001234    program     static                          
           ___if_lbl00045   0x001690    program     static                          
           ___if_lbl00046   0x00169e    program     static                          
           ___if_lbl00050   0x001720    program     static                          
           ___if_lbl00051   0x00176e    program     static                          
           ___if_lbl00052   0x0017ac    program     static                          
           ___if_lbl00053   0x0017ee    program     static                          
           ___if_lbl00054   0x0017ee    program     static                          
           ___if_lbl00057   0x001810    program     static                          
       ___return_lbl00000   0x003a76    program     static                          
       ___return_lbl00000   0x003ace    program     static                          
       ___return_lbl00000   0x001004    program     static                          
       ___return_lbl00000   0x003ae4    program     static                          
       ___return_lbl00000   0x000004    program     static                          
       ___return_lbl00001   0x003ab2    program     static                          
       ___return_lbl00001   0x00100c    program     static                          
       ___return_lbl00002   0x0039fa    program     static                          
       ___return_lbl00002   0x00101c    program     static                          
       ___return_lbl00003   0x00000c    program     static                          
       ___return_lbl00004   0x00001c    program     static                          
       ___return_lbl00006   0x001810    program     static                          
       ___return_lbl00202   0x00255a    program     static                          
   ___switchexit_lbl00011   0x001484    program     static                          
   ___switchexit_lbl00040   0x001636    program     static                          
   ___switchexit_lbl00203   0x002556    program     static                          
               __config_0   0x300000    program     static C:\Users\guroc\Desktop\REVIVE_USB_RENC_Debounce\REVIVE_USB_RENC_Debounce_FW\main.c
               __config_1   0x300001    program     static C:\Users\guroc\Desktop\REVIVE_USB_RENC_Debounce\REVIVE_USB_RENC_Debounce_FW\main.c
              __config_10   0x30000c    program     static C:\Users\guroc\Desktop\REVIVE_USB_RENC_Debounce\REVIVE_USB_RENC_Debounce_FW\main.c
              __config_11   0x30000d    program     static C:\Users\guroc\Desktop\REVIVE_USB_RENC_Debounce\REVIVE_USB_RENC_Debounce_FW\main.c
               __config_2   0x300002    program     static C:\Users\guroc\Desktop\REVIVE_USB_RENC_Debounce\REVIVE_USB_RENC_Debounce_FW\main.c
               __config_3   0x300003    program     static C:\Users\guroc\Desktop\REVIVE_USB_RENC_Debounce\REVIVE_USB_RENC_Debounce_FW\main.c
               __config_4   0x300005    program     static C:\Users\guroc\Desktop\REVIVE_USB_RENC_Debounce\REVIVE_USB_RENC_Debounce_FW\main.c
               __config_5   0x300006    program     static C:\Users\guroc\Desktop\REVIVE_USB_RENC_Debounce\REVIVE_USB_RENC_Debounce_FW\main.c
               __config_6   0x300008    program     static C:\Users\guroc\Desktop\REVIVE_USB_RENC_Debounce\REVIVE_USB_RENC_Debounce_FW\main.c
               __config_7   0x300009    program     static C:\Users\guroc\Desktop\REVIVE_USB_RENC_Debounce\REVIVE_USB_RENC_Debounce_FW\main.c
               __config_8   0x30000a    program     static C:\Users\guroc\Desktop\REVIVE_USB_RENC_Debounce\REVIVE_USB_RENC_Debounce_FW\main.c
               __config_9   0x30000b    program     static C:\Users\guroc\Desktop\REVIVE_USB_RENC_Debounce\REVIVE_USB_RENC_Debounce_FW\main.c
                   __init   0x001006    program     extern E:\3.46\pic18-lt\cxx-framework\src\traditional\stdclib\__init.c
                   __pa_0   0x00370c    program     static C:\Users\guroc\Desktop\REVIVE_USB_RENC_Debounce\REVIVE_USB_RENC_Debounce_FW\eeprom.c
                   __pa_0   0x0031da    program     static C:\Users\guroc\Desktop\REVIVE_USB_RENC_Debounce\REVIVE_USB_RENC_Debounce_FW\Microchip\USB\usb_device.c
                   __pa_0   0x002562    program     static C:\Users\guroc\Desktop\REVIVE_USB_RENC_Debounce\REVIVE_USB_RENC_Debounce_FW\main.c
                   __pa_1   0x0031e2    program     static C:\Users\guroc\Desktop\REVIVE_USB_RENC_Debounce\REVIVE_USB_RENC_Debounce_FW\Microchip\USB\usb_device.c
                   __pa_1   0x00257e    program     static C:\Users\guroc\Desktop\REVIVE_USB_RENC_Debounce\REVIVE_USB_RENC_Debounce_FW\main.c
                   __pa_1   0x00372e    program     static C:\Users\guroc\Desktop\REVIVE_USB_RENC_Debounce\REVIVE_USB_RENC_Debounce_FW\eeprom.c
                  __pa_10   0x003240    program     static C:\Users\guroc\Desktop\REVIVE_USB_RENC_Debounce\REVIVE_USB_RENC_Debounce_FW\Microchip\USB\usb_device.c
                  __pa_10   0x002616    program     static C:\Users\guroc\Desktop\REVIVE_USB_RENC_Debounce\REVIVE_USB_RENC_Debounce_FW\main.c
                  __pa_11   0x002624    program     static C:\Users\guroc\Desktop\REVIVE_USB_RENC_Debounce\REVIVE_USB_RENC_Debounce_FW\main.c
                  __pa_11   0x003250    program     static C:\Users\guroc\Desktop\REVIVE_USB_RENC_Debounce\REVIVE_USB_RENC_Debounce_FW\Microchip\USB\usb_device.c
                  __pa_12   0x002632    program     static C:\Users\guroc\Desktop\REVIVE_USB_RENC_Debounce\REVIVE_USB_RENC_Debounce_FW\main.c
                  __pa_12   0x00325a    program     static C:\Users\guroc\Desktop\REVIVE_USB_RENC_Debounce\REVIVE_USB_RENC_Debounce_FW\Microchip\USB\usb_device.c
                  __pa_13   0x00263e    program     static C:\Users\guroc\Desktop\REVIVE_USB_RENC_Debounce\REVIVE_USB_RENC_Debounce_FW\main.c
                  __pa_13   0x00326e    program     static C:\Users\guroc\Desktop\REVIVE_USB_RENC_Debounce\REVIVE_USB_RENC_Debounce_FW\Microchip\USB\usb_device.c
                  __pa_14   0x00264a    program     static C:\Users\guroc\Desktop\REVIVE_USB_RENC_Debounce\REVIVE_USB_RENC_Debounce_FW\main.c
                  __pa_14   0x003282    program     static C:\Users\guroc\Desktop\REVIVE_USB_RENC_Debounce\REVIVE_USB_RENC_Debounce_FW\Microchip\USB\usb_device.c
                  __pa_15   0x00328e    program     static C:\Users\guroc\Desktop\REVIVE_USB_RENC_Debounce\REVIVE_USB_RENC_Debounce_FW\Microchip\USB\usb_device.c
                  __pa_15   0x00265a    program     static C:\Users\guroc\Desktop\REVIVE_USB_RENC_Debounce\REVIVE_USB_RENC_Debounce_FW\main.c
                  __pa_16   0x00266a    program     static C:\Users\guroc\Desktop\REVIVE_USB_RENC_Debounce\REVIVE_USB_RENC_Debounce_FW\main.c
                  __pa_16   0x0032a8    program     static C:\Users\guroc\Desktop\REVIVE_USB_RENC_Debounce\REVIVE_USB_RENC_Debounce_FW\Microchip\USB\usb_device.c
                  __pa_17   0x002674    program     static C:\Users\guroc\Desktop\REVIVE_USB_RENC_Debounce\REVIVE_USB_RENC_Debounce_FW\main.c
                  __pa_17   0x0032b4    program     static C:\Users\guroc\Desktop\REVIVE_USB_RENC_Debounce\REVIVE_USB_RENC_Debounce_FW\Microchip\USB\usb_device.c
                  __pa_18   0x0032c0    program     static C:\Users\guroc\Desktop\REVIVE_USB_RENC_Debounce\REVIVE_USB_RENC_Debounce_FW\Microchip\USB\usb_device.c
                  __pa_18   0x00268c    program     static C:\Users\guroc\Desktop\REVIVE_USB_RENC_Debounce\REVIVE_USB_RENC_Debounce_FW\main.c
                  __pa_19   0x0032c8    program     static C:\Users\guroc\Desktop\REVIVE_USB_RENC_Debounce\REVIVE_USB_RENC_Debounce_FW\Microchip\USB\usb_device.c
                  __pa_19   0x002698    program     static C:\Users\guroc\Desktop\REVIVE_USB_RENC_Debounce\REVIVE_USB_RENC_Debounce_FW\main.c
                   __pa_2   0x002588    program     static C:\Users\guroc\Desktop\REVIVE_USB_RENC_Debounce\REVIVE_USB_RENC_Debounce_FW\main.c
                   __pa_2   0x0031ec    program     static C:\Users\guroc\Desktop\REVIVE_USB_RENC_Debounce\REVIVE_USB_RENC_Debounce_FW\Microchip\USB\usb_device.c
                   __pa_2   0x003738    program     static C:\Users\guroc\Desktop\REVIVE_USB_RENC_Debounce\REVIVE_USB_RENC_Debounce_FW\eeprom.c
                  __pa_20   0x0032d0    program     static C:\Users\guroc\Desktop\REVIVE_USB_RENC_Debounce\REVIVE_USB_RENC_Debounce_FW\Microchip\USB\usb_device.c
                  __pa_20   0x0026a8    program     static C:\Users\guroc\Desktop\REVIVE_USB_RENC_Debounce\REVIVE_USB_RENC_Debounce_FW\main.c
                  __pa_21   0x0026b0    program     static C:\Users\guroc\Desktop\REVIVE_USB_RENC_Debounce\REVIVE_USB_RENC_Debounce_FW\main.c
                  __pa_21   0x0032dc    program     static C:\Users\guroc\Desktop\REVIVE_USB_RENC_Debounce\REVIVE_USB_RENC_Debounce_FW\Microchip\USB\usb_device.c
                  __pa_22   0x0026b8    program     static C:\Users\guroc\Desktop\REVIVE_USB_RENC_Debounce\REVIVE_USB_RENC_Debounce_FW\main.c
                  __pa_22   0x0032ec    program     static C:\Users\guroc\Desktop\REVIVE_USB_RENC_Debounce\REVIVE_USB_RENC_Debounce_FW\Microchip\USB\usb_device.c
                  __pa_23   0x0032fc    program     static C:\Users\guroc\Desktop\REVIVE_USB_RENC_Debounce\REVIVE_USB_RENC_Debounce_FW\Microchip\USB\usb_device.c
                  __pa_23   0x0026c6    program     static C:\Users\guroc\Desktop\REVIVE_USB_RENC_Debounce\REVIVE_USB_RENC_Debounce_FW\main.c
                  __pa_24   0x00330c    program     static C:\Users\guroc\Desktop\REVIVE_USB_RENC_Debounce\REVIVE_USB_RENC_Debounce_FW\Microchip\USB\usb_device.c
                  __pa_24   0x0026d4    program     static C:\Users\guroc\Desktop\REVIVE_USB_RENC_Debounce\REVIVE_USB_RENC_Debounce_FW\main.c
                  __pa_25   0x00331a    program     static C:\Users\guroc\Desktop\REVIVE_USB_RENC_Debounce\REVIVE_USB_RENC_Debounce_FW\Microchip\USB\usb_device.c
                  __pa_25   0x0026de    program     static C:\Users\guroc\Desktop\REVIVE_USB_RENC_Debounce\REVIVE_USB_RENC_Debounce_FW\main.c
                  __pa_26   0x003328    program     static C:\Users\guroc\Desktop\REVIVE_USB_RENC_Debounce\REVIVE_USB_RENC_Debounce_FW\Microchip\USB\usb_device.c
                  __pa_26   0x0026e4    program     static C:\Users\guroc\Desktop\REVIVE_USB_RENC_Debounce\REVIVE_USB_RENC_Debounce_FW\main.c
                  __pa_27   0x0026ec    program     static C:\Users\guroc\Desktop\REVIVE_USB_RENC_Debounce\REVIVE_USB_RENC_Debounce_FW\main.c
                  __pa_27   0x003336    program     static C:\Users\guroc\Desktop\REVIVE_USB_RENC_Debounce\REVIVE_USB_RENC_Debounce_FW\Microchip\USB\usb_device.c
                  __pa_28   0x0026fa    program     static C:\Users\guroc\Desktop\REVIVE_USB_RENC_Debounce\REVIVE_USB_RENC_Debounce_FW\main.c
                  __pa_28   0x003344    program     static C:\Users\guroc\Desktop\REVIVE_USB_RENC_Debounce\REVIVE_USB_RENC_Debounce_FW\Microchip\USB\usb_device.c
                  __pa_29   0x00334e    program     static C:\Users\guroc\Desktop\REVIVE_USB_RENC_Debounce\REVIVE_USB_RENC_Debounce_FW\Microchip\USB\usb_device.c
                  __pa_29   0x002702    program     static C:\Users\guroc\Desktop\REVIVE_USB_RENC_Debounce\REVIVE_USB_RENC_Debounce_FW\main.c
                   __pa_3   0x0025ac    program     static C:\Users\guroc\Desktop\REVIVE_USB_RENC_Debounce\REVIVE_USB_RENC_Debounce_FW\main.c
                   __pa_3   0x0031f4    program     static C:\Users\guroc\Desktop\REVIVE_USB_RENC_Debounce\REVIVE_USB_RENC_Debounce_FW\Microchip\USB\usb_device.c
                   __pa_3   0x003740    program     static C:\Users\guroc\Desktop\REVIVE_USB_RENC_Debounce\REVIVE_USB_RENC_Debounce_FW\eeprom.c
                  __pa_30   0x003366    program     static C:\Users\guroc\Desktop\REVIVE_USB_RENC_Debounce\REVIVE_USB_RENC_Debounce_FW\Microchip\USB\usb_device.c
                  __pa_30   0x00270a    program     static C:\Users\guroc\Desktop\REVIVE_USB_RENC_Debounce\REVIVE_USB_RENC_Debounce_FW\main.c
                  __pa_31   0x003372    program     static C:\Users\guroc\Desktop\REVIVE_USB_RENC_Debounce\REVIVE_USB_RENC_Debounce_FW\Microchip\USB\usb_device.c
                  __pa_31   0x002716    program     static C:\Users\guroc\Desktop\REVIVE_USB_RENC_Debounce\REVIVE_USB_RENC_Debounce_FW\main.c
                  __pa_32   0x002722    program     static C:\Users\guroc\Desktop\REVIVE_USB_RENC_Debounce\REVIVE_USB_RENC_Debounce_FW\main.c
                  __pa_32   0x00337a    program     static C:\Users\guroc\Desktop\REVIVE_USB_RENC_Debounce\REVIVE_USB_RENC_Debounce_FW\Microchip\USB\usb_device.c
                  __pa_33   0x00272e    program     static C:\Users\guroc\Desktop\REVIVE_USB_RENC_Debounce\REVIVE_USB_RENC_Debounce_FW\main.c
                  __pa_33   0x00338e    program     static C:\Users\guroc\Desktop\REVIVE_USB_RENC_Debounce\REVIVE_USB_RENC_Debounce_FW\Microchip\USB\usb_device.c
                  __pa_34   0x00273c    program     static C:\Users\guroc\Desktop\REVIVE_USB_RENC_Debounce\REVIVE_USB_RENC_Debounce_FW\main.c
                  __pa_34   0x0033a0    program     static C:\Users\guroc\Desktop\REVIVE_USB_RENC_Debounce\REVIVE_USB_RENC_Debounce_FW\Microchip\USB\usb_device.c
                  __pa_35   0x0033ae    program     static C:\Users\guroc\Desktop\REVIVE_USB_RENC_Debounce\REVIVE_USB_RENC_Debounce_FW\Microchip\USB\usb_device.c
                  __pa_36   0x0033b8    program     static C:\Users\guroc\Desktop\REVIVE_USB_RENC_Debounce\REVIVE_USB_RENC_Debounce_FW\Microchip\USB\usb_device.c
                  __pa_37   0x0033c2    program     static C:\Users\guroc\Desktop\REVIVE_USB_RENC_Debounce\REVIVE_USB_RENC_Debounce_FW\Microchip\USB\usb_device.c
                  __pa_38   0x0033c8    program     static C:\Users\guroc\Desktop\REVIVE_USB_RENC_Debounce\REVIVE_USB_RENC_Debounce_FW\Microchip\USB\usb_device.c
                  __pa_39   0x0033d0    program     static C:\Users\guroc\Desktop\REVIVE_USB_RENC_Debounce\REVIVE_USB_RENC_Debounce_FW\Microchip\USB\usb_device.c
                   __pa_4   0x0031fe    program     static C:\Users\guroc\Desktop\REVIVE_USB_RENC_Debounce\REVIVE_USB_RENC_Debounce_FW\Microchip\USB\usb_device.c
                   __pa_4   0x0025c6    program     static C:\Users\guroc\Desktop\REVIVE_USB_RENC_Debounce\REVIVE_USB_RENC_Debounce_FW\main.c
                   __pa_4   0x00374a    program     static C:\Users\guroc\Desktop\REVIVE_USB_RENC_Debounce\REVIVE_USB_RENC_Debounce_FW\eeprom.c
                  __pa_40   0x0033d6    program     static C:\Users\guroc\Desktop\REVIVE_USB_RENC_Debounce\REVIVE_USB_RENC_Debounce_FW\Microchip\USB\usb_device.c
                  __pa_41   0x0033e4    program     static C:\Users\guroc\Desktop\REVIVE_USB_RENC_Debounce\REVIVE_USB_RENC_Debounce_FW\Microchip\USB\usb_device.c
                  __pa_42   0x0033f2    program     static C:\Users\guroc\Desktop\REVIVE_USB_RENC_Debounce\REVIVE_USB_RENC_Debounce_FW\Microchip\USB\usb_device.c
                  __pa_43   0x003400    program     static C:\Users\guroc\Desktop\REVIVE_USB_RENC_Debounce\REVIVE_USB_RENC_Debounce_FW\Microchip\USB\usb_device.c
                  __pa_44   0x00340a    program     static C:\Users\guroc\Desktop\REVIVE_USB_RENC_Debounce\REVIVE_USB_RENC_Debounce_FW\Microchip\USB\usb_device.c
                  __pa_45   0x003414    program     static C:\Users\guroc\Desktop\REVIVE_USB_RENC_Debounce\REVIVE_USB_RENC_Debounce_FW\Microchip\USB\usb_device.c
                  __pa_46   0x00341c    program     static C:\Users\guroc\Desktop\REVIVE_USB_RENC_Debounce\REVIVE_USB_RENC_Debounce_FW\Microchip\USB\usb_device.c
                  __pa_47   0x003428    program     static C:\Users\guroc\Desktop\REVIVE_USB_RENC_Debounce\REVIVE_USB_RENC_Debounce_FW\Microchip\USB\usb_device.c
                  __pa_48   0x003432    program     static C:\Users\guroc\Desktop\REVIVE_USB_RENC_Debounce\REVIVE_USB_RENC_Debounce_FW\Microchip\USB\usb_device.c
                   __pa_5   0x003758    program     static C:\Users\guroc\Desktop\REVIVE_USB_RENC_Debounce\REVIVE_USB_RENC_Debounce_FW\eeprom.c
                   __pa_5   0x003208    program     static C:\Users\guroc\Desktop\REVIVE_USB_RENC_Debounce\REVIVE_USB_RENC_Debounce_FW\Microchip\USB\usb_device.c
                   __pa_5   0x0025d6    program     static C:\Users\guroc\Desktop\REVIVE_USB_RENC_Debounce\REVIVE_USB_RENC_Debounce_FW\main.c
                   __pa_6   0x003212    program     static C:\Users\guroc\Desktop\REVIVE_USB_RENC_Debounce\REVIVE_USB_RENC_Debounce_FW\Microchip\USB\usb_device.c
                   __pa_6   0x0025f2    program     static C:\Users\guroc\Desktop\REVIVE_USB_RENC_Debounce\REVIVE_USB_RENC_Debounce_FW\main.c
                   __pa_7   0x00321a    program     static C:\Users\guroc\Desktop\REVIVE_USB_RENC_Debounce\REVIVE_USB_RENC_Debounce_FW\Microchip\USB\usb_device.c
                   __pa_7   0x0025fa    program     static C:\Users\guroc\Desktop\REVIVE_USB_RENC_Debounce\REVIVE_USB_RENC_Debounce_FW\main.c
                   __pa_8   0x00322a    program     static C:\Users\guroc\Desktop\REVIVE_USB_RENC_Debounce\REVIVE_USB_RENC_Debounce_FW\Microchip\USB\usb_device.c
                   __pa_8   0x002604    program     static C:\Users\guroc\Desktop\REVIVE_USB_RENC_Debounce\REVIVE_USB_RENC_Debounce_FW\main.c
                   __pa_9   0x003234    program     static C:\Users\guroc\Desktop\REVIVE_USB_RENC_Debounce\REVIVE_USB_RENC_Debounce_FW\Microchip\USB\usb_device.c
                   __pa_9   0x00260c    program     static C:\Users\guroc\Desktop\REVIVE_USB_RENC_Debounce\REVIVE_USB_RENC_Debounce_FW\main.c
               __tmplbl_0   0x00133a    program     static                          
               __tmplbl_1   0x001346    program     static                          
              __tmplbl_17   0x0024e8    program     static                          
              __tmplbl_18   0x0024f4    program     static                          
              __tmplbl_19   0x0024fe    program     static                          
               __tmplbl_2   0x001350    program     static                          
              __tmplbl_20   0x002508    program     static                          
              __tmplbl_21   0x002512    program     static                          
              __tmplbl_22   0x00251c    program     static                          
              __tmplbl_23   0x002526    program     static                          
              __tmplbl_24   0x003212    program     static                          
              __tmplbl_24   0x002530    program     static                          
              __tmplbl_25   0x001248    program     static                          
               __tmplbl_3   0x001358    program     static                          
              __tmplbl_31   0x002470    program     static                          
              __tmplbl_32   0x002470    program     static                          
              __tmplbl_34   0x003212    program     static                          
              __tmplbl_37   0x003212    program     static                          
              __tmplbl_38   0x003212    program     static                          
            __zero_memory   0x003a78    program     extern E:\3.46\pic18-lt\cxx-framework\src\traditional\proc\p18f14k50.asm
                _do_cinit   0x00395e    program     extern E:\3.46\pic18-lt\cxx-framework\src\traditional\startup\c018i.c
                   _entry   0x000000    program     extern E:\3.46\pic18-lt\cxx-framework\src\traditional\startup\c018i.c
                   _reset   0x001000    program     extern C:\Users\guroc\Desktop\REVIVE_USB_RENC_Debounce\REVIVE_USB_RENC_Debounce_FW\main.c
                 _startup   0x003a98    program     extern E:\3.46\pic18-lt\cxx-framework\src\traditional\startup\c018i.c
                compare_l   0x003a8e    program     static E:\3.46\pic18-lt\cxx-framework\src\traditional\proc\p18f14k50.asm
        configDescriptor1   0x00344c    program     extern C:\Users\guroc\Desktop\REVIVE_USB_RENC_Debounce\REVIVE_USB_RENC_Debounce_FW\usb_descriptors.c
                copy_loop   0x0039d0    program     static                          
            copy_one_byte   0x0039d6    program     static                          
               device_dsc   0x00343a    program     extern C:\Users\guroc\Desktop\REVIVE_USB_RENC_Debounce\REVIVE_USB_RENC_Debounce_FW\usb_descriptors.c
                     done   0x0039fa    program     static                          
             done_copying   0x0039e4    program     static                          
                  endloop   0x003a72    program     static                          
                  endloop   0x003aca    program     static                          
                hid_rpt01   0x0034ce    program     extern C:\Users\guroc\Desktop\REVIVE_USB_RENC_Debounce\REVIVE_USB_RENC_Debounce_FW\usb_descriptors.c
                hid_rpt02   0x003502    program     extern C:\Users\guroc\Desktop\REVIVE_USB_RENC_Debounce\REVIVE_USB_RENC_Debounce_FW\usb_descriptors.c
                hid_rpt03   0x003533    program     extern C:\Users\guroc\Desktop\REVIVE_USB_RENC_Debounce\REVIVE_USB_RENC_Debounce_FW\usb_descriptors.c
                hid_rpt04   0x003572    program     extern C:\Users\guroc\Desktop\REVIVE_USB_RENC_Debounce\REVIVE_USB_RENC_Debounce_FW\usb_descriptors.c
                     jEnd   0x003a2e    program     static E:\3.46\pic18-lt\cxx-framework\src\traditional\stdclib\memset.asm
                     jEnd   0x003a4a    program     static E:\3.46\pic18-lt\cxx-framework\src\traditional\stdclib\strlen.asm
                    jLoop   0x003a10    program     static E:\3.46\pic18-lt\cxx-framework\src\traditional\stdclib\memset.asm
                    jLoop   0x003a40    program     static E:\3.46\pic18-lt\cxx-framework\src\traditional\stdclib\strlen.asm
                     loop   0x003a56    program     static                          
                     loop   0x003abc    program     static                          
                     loop   0x003aa8    program     static                          
                   loop_h   0x003a86    program     static E:\3.46\pic18-lt\cxx-framework\src\traditional\proc\p18f14k50.asm
                   loop_l   0x003a90    program     static E:\3.46\pic18-lt\cxx-framework\src\traditional\proc\p18f14k50.asm
                     main   0x001860    program     extern C:\Users\guroc\Desktop\REVIVE_USB_RENC_Debounce\REVIVE_USB_RENC_Debounce_FW\main.c
                   memset   0x0039fc    program     extern E:\3.46\pic18-lt\cxx-framework\src\traditional\stdclib\memset.asm
                  pow2x16   0x003ad0    program     extern E:\3.46\pic18-lt\cxx-framework\src\traditional\math\pow2x16.c
                    sd000   0x00358f    program     extern C:\Users\guroc\Desktop\REVIVE_USB_RENC_Debounce\REVIVE_USB_RENC_Debounce_FW\usb_descriptors.c
                    sd001   0x003593    program     extern C:\Users\guroc\Desktop\REVIVE_USB_RENC_Debounce\REVIVE_USB_RENC_Debounce_FW\usb_descriptors.c
                    sd002   0x0035b9    program     extern C:\Users\guroc\Desktop\REVIVE_USB_RENC_Debounce\REVIVE_USB_RENC_Debounce_FW\usb_descriptors.c
                   strlen   0x003a30    program     extern E:\3.46\pic18-lt\cxx-framework\src\traditional\stdclib\strlen.asm
                     test   0x003978    program     static                          
               zero_block   0x003a86    program     static E:\3.46\pic18-lt\cxx-framework\src\traditional\proc\p18f14k50.asm
                   ADCON0   0x000fc2       data     extern E:\3.46\pic18-lt\cxx-framework\src\traditional\proc\p18f14k50.asm
               ADCON0bits   0x000fc2       data     extern E:\3.46\pic18-lt\cxx-framework\src\traditional\proc\p18f14k50.asm
                   ADCON1   0x000fc1       data     extern E:\3.46\pic18-lt\cxx-framework\src\traditional\proc\p18f14k50.asm
               ADCON1bits   0x000fc1       data     extern E:\3.46\pic18-lt\cxx-framework\src\traditional\proc\p18f14k50.asm
                   ADCON2   0x000fc0       data     extern E:\3.46\pic18-lt\cxx-framework\src\traditional\proc\p18f14k50.asm
               ADCON2bits   0x000fc0       data     extern E:\3.46\pic18-lt\cxx-framework\src\traditional\proc\p18f14k50.asm
                    ADRES   0x000fc3       data     extern E:\3.46\pic18-lt\cxx-framework\src\traditional\proc\p18f14k50.asm
                   ADRESH   0x000fc4       data     extern E:\3.46\pic18-lt\cxx-framework\src\traditional\proc\p18f14k50.asm
                   ADRESL   0x000fc3       data     extern E:\3.46\pic18-lt\cxx-framework\src\traditional\proc\p18f14k50.asm
                    ANSEL   0x000f7e       data     extern E:\3.46\pic18-lt\cxx-framework\src\traditional\proc\p18f14k50.asm
                   ANSELH   0x000f7f       data     extern E:\3.46\pic18-lt\cxx-framework\src\traditional\proc\p18f14k50.asm
               ANSELHbits   0x000f7f       data     extern E:\3.46\pic18-lt\cxx-framework\src\traditional\proc\p18f14k50.asm
                ANSELbits   0x000f7e       data     extern E:\3.46\pic18-lt\cxx-framework\src\traditional\proc\p18f14k50.asm
                  BAUDCON   0x000fb8       data     extern E:\3.46\pic18-lt\cxx-framework\src\traditional\proc\p18f14k50.asm
              BAUDCONbits   0x000fb8       data     extern E:\3.46\pic18-lt\cxx-framework\src\traditional\proc\p18f14k50.asm
                  BAUDCTL   0x000fb8       data     extern E:\3.46\pic18-lt\cxx-framework\src\traditional\proc\p18f14k50.asm
              BAUDCTLbits   0x000fb8       data     extern E:\3.46\pic18-lt\cxx-framework\src\traditional\proc\p18f14k50.asm
                      BDT   0x000200       data     extern C:\Users\guroc\Desktop\REVIVE_USB_RENC_Debounce\REVIVE_USB_RENC_Debounce_FW\Microchip\USB\usb_device.c
                      BSR   0x000fe0       data     extern E:\3.46\pic18-lt\cxx-framework\src\traditional\proc\p18f14k50.asm
       BothEP0OutUOWNsSet   0x0000d6       data     extern C:\Users\guroc\Desktop\REVIVE_USB_RENC_Debounce\REVIVE_USB_RENC_Debounce_FW\Microchip\USB\usb_device.c
                  CCP1CON   0x000fbd       data     extern E:\3.46\pic18-lt\cxx-framework\src\traditional\proc\p18f14k50.asm
              CCP1CONbits   0x000fbd       data     extern E:\3.46\pic18-lt\cxx-framework\src\traditional\proc\p18f14k50.asm
                    CCPR1   0x000fbe       data     extern E:\3.46\pic18-lt\cxx-framework\src\traditional\proc\p18f14k50.asm
                   CCPR1H   0x000fbf       data     extern E:\3.46\pic18-lt\cxx-framework\src\traditional\proc\p18f14k50.asm
                   CCPR1L   0x000fbe       data     extern E:\3.46\pic18-lt\cxx-framework\src\traditional\proc\p18f14k50.asm
                  CM1CON0   0x000f6d       data     extern E:\3.46\pic18-lt\cxx-framework\src\traditional\proc\p18f14k50.asm
              CM1CON0bits   0x000f6d       data     extern E:\3.46\pic18-lt\cxx-framework\src\traditional\proc\p18f14k50.asm
                  CM2CON0   0x000f6b       data     extern E:\3.46\pic18-lt\cxx-framework\src\traditional\proc\p18f14k50.asm
              CM2CON0bits   0x000f6b       data     extern E:\3.46\pic18-lt\cxx-framework\src\traditional\proc\p18f14k50.asm
                  CM2CON1   0x000f6c       data     extern E:\3.46\pic18-lt\cxx-framework\src\traditional\proc\p18f14k50.asm
              CM2CON1bits   0x000f6c       data     extern E:\3.46\pic18-lt\cxx-framework\src\traditional\proc\p18f14k50.asm
              CtrlTrfData   0x000258       data     extern C:\Users\guroc\Desktop\REVIVE_USB_RENC_Debounce\REVIVE_USB_RENC_Debounce_FW\Microchip\USB\usb_device.c
                     DDRA   0x000f92       data     extern E:\3.46\pic18-lt\cxx-framework\src\traditional\proc\p18f14k50.asm
                 DDRAbits   0x000f92       data     extern E:\3.46\pic18-lt\cxx-framework\src\traditional\proc\p18f14k50.asm
                     DDRB   0x000f93       data     extern E:\3.46\pic18-lt\cxx-framework\src\traditional\proc\p18f14k50.asm
                 DDRBbits   0x000f93       data     extern E:\3.46\pic18-lt\cxx-framework\src\traditional\proc\p18f14k50.asm
                     DDRC   0x000f94       data     extern E:\3.46\pic18-lt\cxx-framework\src\traditional\proc\p18f14k50.asm
                 DDRCbits   0x000f94       data     extern E:\3.46\pic18-lt\cxx-framework\src\traditional\proc\p18f14k50.asm
                  ECCP1AS   0x000fb6       data     extern E:\3.46\pic18-lt\cxx-framework\src\traditional\proc\p18f14k50.asm
              ECCP1ASbits   0x000fb6       data     extern E:\3.46\pic18-lt\cxx-framework\src\traditional\proc\p18f14k50.asm
                    EEADR   0x000fa9       data     extern E:\3.46\pic18-lt\cxx-framework\src\traditional\proc\p18f14k50.asm
                EEADRbits   0x000fa9       data     extern E:\3.46\pic18-lt\cxx-framework\src\traditional\proc\p18f14k50.asm
                   EECON1   0x000fa6       data     extern E:\3.46\pic18-lt\cxx-framework\src\traditional\proc\p18f14k50.asm
               EECON1bits   0x000fa6       data     extern E:\3.46\pic18-lt\cxx-framework\src\traditional\proc\p18f14k50.asm
                   EECON2   0x000fa7       data     extern E:\3.46\pic18-lt\cxx-framework\src\traditional\proc\p18f14k50.asm
                   EEDATA   0x000fa8       data     extern E:\3.46\pic18-lt\cxx-framework\src\traditional\proc\p18f14k50.asm
                     FSR0   0x000fe9       data     extern E:\3.46\pic18-lt\cxx-framework\src\traditional\proc\p18f14k50.asm
                    FSR0H   0x000fea       data     extern E:\3.46\pic18-lt\cxx-framework\src\traditional\proc\p18f14k50.asm
                    FSR0L   0x000fe9       data     extern E:\3.46\pic18-lt\cxx-framework\src\traditional\proc\p18f14k50.asm
                     FSR1   0x000fe1       data     extern E:\3.46\pic18-lt\cxx-framework\src\traditional\proc\p18f14k50.asm
                    FSR1H   0x000fe2       data     extern E:\3.46\pic18-lt\cxx-framework\src\traditional\proc\p18f14k50.asm
                    FSR1L   0x000fe1       data     extern E:\3.46\pic18-lt\cxx-framework\src\traditional\proc\p18f14k50.asm
                     FSR2   0x000fd9       data     extern E:\3.46\pic18-lt\cxx-framework\src\traditional\proc\p18f14k50.asm
                    FSR2H   0x000fda       data     extern E:\3.46\pic18-lt\cxx-framework\src\traditional\proc\p18f14k50.asm
                    FSR2L   0x000fd9       data     extern E:\3.46\pic18-lt\cxx-framework\src\traditional\proc\p18f14k50.asm
                    INDF0   0x000fef       data     extern E:\3.46\pic18-lt\cxx-framework\src\traditional\proc\p18f14k50.asm
                    INDF1   0x000fe7       data     extern E:\3.46\pic18-lt\cxx-framework\src\traditional\proc\p18f14k50.asm
                    INDF2   0x000fdf       data     extern E:\3.46\pic18-lt\cxx-framework\src\traditional\proc\p18f14k50.asm
                   INTCON   0x000ff2       data     extern E:\3.46\pic18-lt\cxx-framework\src\traditional\proc\p18f14k50.asm
                  INTCON2   0x000ff1       data     extern E:\3.46\pic18-lt\cxx-framework\src\traditional\proc\p18f14k50.asm
              INTCON2bits   0x000ff1       data     extern E:\3.46\pic18-lt\cxx-framework\src\traditional\proc\p18f14k50.asm
                  INTCON3   0x000ff0       data     extern E:\3.46\pic18-lt\cxx-framework\src\traditional\proc\p18f14k50.asm
              INTCON3bits   0x000ff0       data     extern E:\3.46\pic18-lt\cxx-framework\src\traditional\proc\p18f14k50.asm
               INTCONbits   0x000ff2       data     extern E:\3.46\pic18-lt\cxx-framework\src\traditional\proc\p18f14k50.asm
                     IOCA   0x000f79       data     extern E:\3.46\pic18-lt\cxx-framework\src\traditional\proc\p18f14k50.asm
                 IOCAbits   0x000f79       data     extern E:\3.46\pic18-lt\cxx-framework\src\traditional\proc\p18f14k50.asm
                     IOCB   0x000f7a       data     extern E:\3.46\pic18-lt\cxx-framework\src\traditional\proc\p18f14k50.asm
                 IOCBbits   0x000f7a       data     extern E:\3.46\pic18-lt\cxx-framework\src\traditional\proc\p18f14k50.asm
                     IPR1   0x000f9f       data     extern E:\3.46\pic18-lt\cxx-framework\src\traditional\proc\p18f14k50.asm
                 IPR1bits   0x000f9f       data     extern E:\3.46\pic18-lt\cxx-framework\src\traditional\proc\p18f14k50.asm
                     IPR2   0x000fa2       data     extern E:\3.46\pic18-lt\cxx-framework\src\traditional\proc\p18f14k50.asm
                 IPR2bits   0x000fa2       data     extern E:\3.46\pic18-lt\cxx-framework\src\traditional\proc\p18f14k50.asm
                     LATA   0x000f89       data     extern E:\3.46\pic18-lt\cxx-framework\src\traditional\proc\p18f14k50.asm
                 LATAbits   0x000f89       data     extern E:\3.46\pic18-lt\cxx-framework\src\traditional\proc\p18f14k50.asm
                     LATB   0x000f8a       data     extern E:\3.46\pic18-lt\cxx-framework\src\traditional\proc\p18f14k50.asm
                 LATBbits   0x000f8a       data     extern E:\3.46\pic18-lt\cxx-framework\src\traditional\proc\p18f14k50.asm
                     LATC   0x000f8b       data     extern E:\3.46\pic18-lt\cxx-framework\src\traditional\proc\p18f14k50.asm
                 LATCbits   0x000f8b       data     extern E:\3.46\pic18-lt\cxx-framework\src\traditional\proc\p18f14k50.asm
                   OSCCON   0x000fd3       data     extern E:\3.46\pic18-lt\cxx-framework\src\traditional\proc\p18f14k50.asm
                  OSCCON2   0x000fd2       data     extern E:\3.46\pic18-lt\cxx-framework\src\traditional\proc\p18f14k50.asm
              OSCCON2bits   0x000fd2       data     extern E:\3.46\pic18-lt\cxx-framework\src\traditional\proc\p18f14k50.asm
               OSCCONbits   0x000fd3       data     extern E:\3.46\pic18-lt\cxx-framework\src\traditional\proc\p18f14k50.asm
                  OSCTUNE   0x000f9b       data     extern E:\3.46\pic18-lt\cxx-framework\src\traditional\proc\p18f14k50.asm
              OSCTUNEbits   0x000f9b       data     extern E:\3.46\pic18-lt\cxx-framework\src\traditional\proc\p18f14k50.asm
                       PC   0x000ff9       data     extern E:\3.46\pic18-lt\cxx-framework\src\traditional\proc\p18f14k50.asm
                      PCL   0x000ff9       data     extern E:\3.46\pic18-lt\cxx-framework\src\traditional\proc\p18f14k50.asm
                   PCLATH   0x000ffa       data     extern E:\3.46\pic18-lt\cxx-framework\src\traditional\proc\p18f14k50.asm
                   PCLATU   0x000ffb       data     extern E:\3.46\pic18-lt\cxx-framework\src\traditional\proc\p18f14k50.asm
                     PIE1   0x000f9d       data     extern E:\3.46\pic18-lt\cxx-framework\src\traditional\proc\p18f14k50.asm
                 PIE1bits   0x000f9d       data     extern E:\3.46\pic18-lt\cxx-framework\src\traditional\proc\p18f14k50.asm
                     PIE2   0x000fa0       data     extern E:\3.46\pic18-lt\cxx-framework\src\traditional\proc\p18f14k50.asm
                 PIE2bits   0x000fa0       data     extern E:\3.46\pic18-lt\cxx-framework\src\traditional\proc\p18f14k50.asm
                     PIR1   0x000f9e       data     extern E:\3.46\pic18-lt\cxx-framework\src\traditional\proc\p18f14k50.asm
                 PIR1bits   0x000f9e       data     extern E:\3.46\pic18-lt\cxx-framework\src\traditional\proc\p18f14k50.asm
                     PIR2   0x000fa1       data     extern E:\3.46\pic18-lt\cxx-framework\src\traditional\proc\p18f14k50.asm
                 PIR2bits   0x000fa1       data     extern E:\3.46\pic18-lt\cxx-framework\src\traditional\proc\p18f14k50.asm
                   PLUSW0   0x000feb       data     extern E:\3.46\pic18-lt\cxx-framework\src\traditional\proc\p18f14k50.asm
                   PLUSW1   0x000fe3       data     extern E:\3.46\pic18-lt\cxx-framework\src\traditional\proc\p18f14k50.asm
                   PLUSW2   0x000fdb       data     extern E:\3.46\pic18-lt\cxx-framework\src\traditional\proc\p18f14k50.asm
                    PORTA   0x000f80       data     extern E:\3.46\pic18-lt\cxx-framework\src\traditional\proc\p18f14k50.asm
                PORTAbits   0x000f80       data     extern E:\3.46\pic18-lt\cxx-framework\src\traditional\proc\p18f14k50.asm
                    PORTB   0x000f81       data     extern E:\3.46\pic18-lt\cxx-framework\src\traditional\proc\p18f14k50.asm
                PORTBbits   0x000f81       data     extern E:\3.46\pic18-lt\cxx-framework\src\traditional\proc\p18f14k50.asm
                    PORTC   0x000f82       data     extern E:\3.46\pic18-lt\cxx-framework\src\traditional\proc\p18f14k50.asm
                PORTCbits   0x000f82       data     extern E:\3.46\pic18-lt\cxx-framework\src\traditional\proc\p18f14k50.asm
                 POSTDEC0   0x000fed       data     extern E:\3.46\pic18-lt\cxx-framework\src\traditional\proc\p18f14k50.asm
                 POSTDEC1   0x000fe5       data     extern E:\3.46\pic18-lt\cxx-framework\src\traditional\proc\p18f14k50.asm
                 POSTDEC2   0x000fdd       data     extern E:\3.46\pic18-lt\cxx-framework\src\traditional\proc\p18f14k50.asm
                 POSTINC0   0x000fee       data     extern E:\3.46\pic18-lt\cxx-framework\src\traditional\proc\p18f14k50.asm
                 POSTINC1   0x000fe6       data     extern E:\3.46\pic18-lt\cxx-framework\src\traditional\proc\p18f14k50.asm
                 POSTINC2   0x000fde       data     extern E:\3.46\pic18-lt\cxx-framework\src\traditional\proc\p18f14k50.asm
                      PR2   0x000fcb       data     extern E:\3.46\pic18-lt\cxx-framework\src\traditional\proc\p18f14k50.asm
                  PREINC0   0x000fec       data     extern E:\3.46\pic18-lt\cxx-framework\src\traditional\proc\p18f14k50.asm
                  PREINC1   0x000fe4       data     extern E:\3.46\pic18-lt\cxx-framework\src\traditional\proc\p18f14k50.asm
                  PREINC2   0x000fdc       data     extern E:\3.46\pic18-lt\cxx-framework\src\traditional\proc\p18f14k50.asm
                     PROD   0x000ff3       data     extern E:\3.46\pic18-lt\cxx-framework\src\traditional\proc\p18f14k50.asm
                    PRODH   0x000ff4       data     extern E:\3.46\pic18-lt\cxx-framework\src\traditional\proc\p18f14k50.asm
                    PRODL   0x000ff3       data     extern E:\3.46\pic18-lt\cxx-framework\src\traditional\proc\p18f14k50.asm
                  PSTRCON   0x000fb9       data     extern E:\3.46\pic18-lt\cxx-framework\src\traditional\proc\p18f14k50.asm
              PSTRCONbits   0x000fb9       data     extern E:\3.46\pic18-lt\cxx-framework\src\traditional\proc\p18f14k50.asm
                  PWM1CON   0x000fb7       data     extern E:\3.46\pic18-lt\cxx-framework\src\traditional\proc\p18f14k50.asm
              PWM1CONbits   0x000fb7       data     extern E:\3.46\pic18-lt\cxx-framework\src\traditional\proc\p18f14k50.asm
                     RCON   0x000fd0       data     extern E:\3.46\pic18-lt\cxx-framework\src\traditional\proc\p18f14k50.asm
                 RCONbits   0x000fd0       data     extern E:\3.46\pic18-lt\cxx-framework\src\traditional\proc\p18f14k50.asm
                    RCREG   0x000fae       data     extern E:\3.46\pic18-lt\cxx-framework\src\traditional\proc\p18f14k50.asm
                    RCSTA   0x000fab       data     extern E:\3.46\pic18-lt\cxx-framework\src\traditional\proc\p18f14k50.asm
                RCSTAbits   0x000fab       data     extern E:\3.46\pic18-lt\cxx-framework\src\traditional\proc\p18f14k50.asm
                  REFCON0   0x000fba       data     extern E:\3.46\pic18-lt\cxx-framework\src\traditional\proc\p18f14k50.asm
              REFCON0bits   0x000fba       data     extern E:\3.46\pic18-lt\cxx-framework\src\traditional\proc\p18f14k50.asm
                  REFCON1   0x000fbb       data     extern E:\3.46\pic18-lt\cxx-framework\src\traditional\proc\p18f14k50.asm
              REFCON1bits   0x000fbb       data     extern E:\3.46\pic18-lt\cxx-framework\src\traditional\proc\p18f14k50.asm
                  REFCON2   0x000fbc       data     extern E:\3.46\pic18-lt\cxx-framework\src\traditional\proc\p18f14k50.asm
              REFCON2bits   0x000fbc       data     extern E:\3.46\pic18-lt\cxx-framework\src\traditional\proc\p18f14k50.asm
       ReceivedDataBuffer   0x000279       data     extern C:\Users\guroc\Desktop\REVIVE_USB_RENC_Debounce\REVIVE_USB_RENC_Debounce_FW\main.c
             RemoteWakeup   0x0000d2       data     extern C:\Users\guroc\Desktop\REVIVE_USB_RENC_Debounce\REVIVE_USB_RENC_Debounce_FW\Microchip\USB\usb_device.c
                     SIGN   0x000000       data     extern E:\3.46\pic18-lt\cxx-framework\src\traditional\math\cmath18.asm
                   SLRCON   0x000f76       data     extern E:\3.46\pic18-lt\cxx-framework\src\traditional\proc\p18f14k50.asm
               SLRCONbits   0x000f76       data     extern E:\3.46\pic18-lt\cxx-framework\src\traditional\proc\p18f14k50.asm
                    SPBRG   0x000faf       data     extern E:\3.46\pic18-lt\cxx-framework\src\traditional\proc\p18f14k50.asm
                   SPBRGH   0x000fb0       data     extern E:\3.46\pic18-lt\cxx-framework\src\traditional\proc\p18f14k50.asm
                   SRCON0   0x000f68       data     extern E:\3.46\pic18-lt\cxx-framework\src\traditional\proc\p18f14k50.asm
               SRCON0bits   0x000f68       data     extern E:\3.46\pic18-lt\cxx-framework\src\traditional\proc\p18f14k50.asm
                   SRCON1   0x000f69       data     extern E:\3.46\pic18-lt\cxx-framework\src\traditional\proc\p18f14k50.asm
               SRCON1bits   0x000f69       data     extern E:\3.46\pic18-lt\cxx-framework\src\traditional\proc\p18f14k50.asm
                   SSPADD   0x000fc8       data     extern E:\3.46\pic18-lt\cxx-framework\src\traditional\proc\p18f14k50.asm
                   SSPBUF   0x000fc9       data     extern E:\3.46\pic18-lt\cxx-framework\src\traditional\proc\p18f14k50.asm
                  SSPCON1   0x000fc6       data     extern E:\3.46\pic18-lt\cxx-framework\src\traditional\proc\p18f14k50.asm
              SSPCON1bits   0x000fc6       data     extern E:\3.46\pic18-lt\cxx-framework\src\traditional\proc\p18f14k50.asm
                  SSPCON2   0x000fc5       data     extern E:\3.46\pic18-lt\cxx-framework\src\traditional\proc\p18f14k50.asm
              SSPCON2bits   0x000fc5       data     extern E:\3.46\pic18-lt\cxx-framework\src\traditional\proc\p18f14k50.asm
                   SSPMSK   0x000f6f       data     extern E:\3.46\pic18-lt\cxx-framework\src\traditional\proc\p18f14k50.asm
               SSPMSKbits   0x000f6f       data     extern E:\3.46\pic18-lt\cxx-framework\src\traditional\proc\p18f14k50.asm
                  SSPSTAT   0x000fc7       data     extern E:\3.46\pic18-lt\cxx-framework\src\traditional\proc\p18f14k50.asm
              SSPSTATbits   0x000fc7       data     extern E:\3.46\pic18-lt\cxx-framework\src\traditional\proc\p18f14k50.asm
                   STATUS   0x000fd8       data     extern E:\3.46\pic18-lt\cxx-framework\src\traditional\proc\p18f14k50.asm
               STATUSbits   0x000fd8       data     extern E:\3.46\pic18-lt\cxx-framework\src\traditional\proc\p18f14k50.asm
                   STKPTR   0x000ffc       data     extern E:\3.46\pic18-lt\cxx-framework\src\traditional\proc\p18f14k50.asm
               STKPTRbits   0x000ffc       data     extern E:\3.46\pic18-lt\cxx-framework\src\traditional\proc\p18f14k50.asm
                 SetupPkt   0x000250       data     extern C:\Users\guroc\Desktop\REVIVE_USB_RENC_Debounce\REVIVE_USB_RENC_Debounce_FW\Microchip\USB\usb_device.c
                    T0CON   0x000fd5       data     extern E:\3.46\pic18-lt\cxx-framework\src\traditional\proc\p18f14k50.asm
                T0CONbits   0x000fd5       data     extern E:\3.46\pic18-lt\cxx-framework\src\traditional\proc\p18f14k50.asm
                    T1CON   0x000fcd       data     extern E:\3.46\pic18-lt\cxx-framework\src\traditional\proc\p18f14k50.asm
                T1CONbits   0x000fcd       data     extern E:\3.46\pic18-lt\cxx-framework\src\traditional\proc\p18f14k50.asm
                    T2CON   0x000fca       data     extern E:\3.46\pic18-lt\cxx-framework\src\traditional\proc\p18f14k50.asm
                T2CONbits   0x000fca       data     extern E:\3.46\pic18-lt\cxx-framework\src\traditional\proc\p18f14k50.asm
                    T3CON   0x000fb1       data     extern E:\3.46\pic18-lt\cxx-framework\src\traditional\proc\p18f14k50.asm
                T3CONbits   0x000fb1       data     extern E:\3.46\pic18-lt\cxx-framework\src\traditional\proc\p18f14k50.asm
                   TABLAT   0x000ff5       data     extern E:\3.46\pic18-lt\cxx-framework\src\traditional\proc\p18f14k50.asm
                   TBLPTR   0x000ff6       data     extern E:\3.46\pic18-lt\cxx-framework\src\traditional\proc\p18f14k50.asm
                  TBLPTRH   0x000ff7       data     extern E:\3.46\pic18-lt\cxx-framework\src\traditional\proc\p18f14k50.asm
                  TBLPTRL   0x000ff6       data     extern E:\3.46\pic18-lt\cxx-framework\src\traditional\proc\p18f14k50.asm
                  TBLPTRU   0x000ff8       data     extern E:\3.46\pic18-lt\cxx-framework\src\traditional\proc\p18f14k50.asm
                    TMR0H   0x000fd7       data     extern E:\3.46\pic18-lt\cxx-framework\src\traditional\proc\p18f14k50.asm
                    TMR0L   0x000fd6       data     extern E:\3.46\pic18-lt\cxx-framework\src\traditional\proc\p18f14k50.asm
                    TMR1H   0x000fcf       data     extern E:\3.46\pic18-lt\cxx-framework\src\traditional\proc\p18f14k50.asm
                    TMR1L   0x000fce       data     extern E:\3.46\pic18-lt\cxx-framework\src\traditional\proc\p18f14k50.asm
                     TMR2   0x000fcc       data     extern E:\3.46\pic18-lt\cxx-framework\src\traditional\proc\p18f14k50.asm
                    TMR3H   0x000fb3       data     extern E:\3.46\pic18-lt\cxx-framework\src\traditional\proc\p18f14k50.asm
                    TMR3L   0x000fb2       data     extern E:\3.46\pic18-lt\cxx-framework\src\traditional\proc\p18f14k50.asm
                      TOS   0x000ffd       data     extern E:\3.46\pic18-lt\cxx-framework\src\traditional\proc\p18f14k50.asm
                     TOSH   0x000ffe       data     extern E:\3.46\pic18-lt\cxx-framework\src\traditional\proc\p18f14k50.asm
                     TOSL   0x000ffd       data     extern E:\3.46\pic18-lt\cxx-framework\src\traditional\proc\p18f14k50.asm
                     TOSU   0x000fff       data     extern E:\3.46\pic18-lt\cxx-framework\src\traditional\proc\p18f14k50.asm
                    TRISA   0x000f92       data     extern E:\3.46\pic18-lt\cxx-framework\src\traditional\proc\p18f14k50.asm
                TRISAbits   0x000f92       data     extern E:\3.46\pic18-lt\cxx-framework\src\traditional\proc\p18f14k50.asm
                    TRISB   0x000f93       data     extern E:\3.46\pic18-lt\cxx-framework\src\traditional\proc\p18f14k50.asm
                TRISBbits   0x000f93       data     extern E:\3.46\pic18-lt\cxx-framework\src\traditional\proc\p18f14k50.asm
                    TRISC   0x000f94       data     extern E:\3.46\pic18-lt\cxx-framework\src\traditional\proc\p18f14k50.asm
                TRISCbits   0x000f94       data     extern E:\3.46\pic18-lt\cxx-framework\src\traditional\proc\p18f14k50.asm
                    TXREG   0x000fad       data     extern E:\3.46\pic18-lt\cxx-framework\src\traditional\proc\p18f14k50.asm
                    TXSTA   0x000fac       data     extern E:\3.46\pic18-lt\cxx-framework\src\traditional\proc\p18f14k50.asm
                TXSTAbits   0x000fac       data     extern E:\3.46\pic18-lt\cxx-framework\src\traditional\proc\p18f14k50.asm
         ToSendDataBuffer   0x0002b9       data     extern C:\Users\guroc\Desktop\REVIVE_USB_RENC_Debounce\REVIVE_USB_RENC_Debounce_FW\main.c
                    UADDR   0x000f5c       data     extern E:\3.46\pic18-lt\cxx-framework\src\traditional\proc\p18f14k50.asm
                UADDRbits   0x000f5c       data     extern E:\3.46\pic18-lt\cxx-framework\src\traditional\proc\p18f14k50.asm
                     UCFG   0x000f61       data     extern E:\3.46\pic18-lt\cxx-framework\src\traditional\proc\p18f14k50.asm
                 UCFGbits   0x000f61       data     extern E:\3.46\pic18-lt\cxx-framework\src\traditional\proc\p18f14k50.asm
                     UCON   0x000f64       data     extern E:\3.46\pic18-lt\cxx-framework\src\traditional\proc\p18f14k50.asm
                 UCONbits   0x000f64       data     extern E:\3.46\pic18-lt\cxx-framework\src\traditional\proc\p18f14k50.asm
                     UEIE   0x000f5b       data     extern E:\3.46\pic18-lt\cxx-framework\src\traditional\proc\p18f14k50.asm
                 UEIEbits   0x000f5b       data     extern E:\3.46\pic18-lt\cxx-framework\src\traditional\proc\p18f14k50.asm
                     UEIR   0x000f5f       data     extern E:\3.46\pic18-lt\cxx-framework\src\traditional\proc\p18f14k50.asm
                 UEIRbits   0x000f5f       data     extern E:\3.46\pic18-lt\cxx-framework\src\traditional\proc\p18f14k50.asm
                     UEP0   0x000f53       data     extern E:\3.46\pic18-lt\cxx-framework\src\traditional\proc\p18f14k50.asm
                 UEP0bits   0x000f53       data     extern E:\3.46\pic18-lt\cxx-framework\src\traditional\proc\p18f14k50.asm
                     UEP1   0x000f54       data     extern E:\3.46\pic18-lt\cxx-framework\src\traditional\proc\p18f14k50.asm
                 UEP1bits   0x000f54       data     extern E:\3.46\pic18-lt\cxx-framework\src\traditional\proc\p18f14k50.asm
                     UEP2   0x000f55       data     extern E:\3.46\pic18-lt\cxx-framework\src\traditional\proc\p18f14k50.asm
                 UEP2bits   0x000f55       data     extern E:\3.46\pic18-lt\cxx-framework\src\traditional\proc\p18f14k50.asm
                     UEP3   0x000f56       data     extern E:\3.46\pic18-lt\cxx-framework\src\traditional\proc\p18f14k50.asm
                 UEP3bits   0x000f56       data     extern E:\3.46\pic18-lt\cxx-framework\src\traditional\proc\p18f14k50.asm
                     UEP4   0x000f57       data     extern E:\3.46\pic18-lt\cxx-framework\src\traditional\proc\p18f14k50.asm
                 UEP4bits   0x000f57       data     extern E:\3.46\pic18-lt\cxx-framework\src\traditional\proc\p18f14k50.asm
                     UEP5   0x000f58       data     extern E:\3.46\pic18-lt\cxx-framework\src\traditional\proc\p18f14k50.asm
                 UEP5bits   0x000f58       data     extern E:\3.46\pic18-lt\cxx-framework\src\traditional\proc\p18f14k50.asm
                     UEP6   0x000f59       data     extern E:\3.46\pic18-lt\cxx-framework\src\traditional\proc\p18f14k50.asm
                 UEP6bits   0x000f59       data     extern E:\3.46\pic18-lt\cxx-framework\src\traditional\proc\p18f14k50.asm
                     UEP7   0x000f5a       data     extern E:\3.46\pic18-lt\cxx-framework\src\traditional\proc\p18f14k50.asm
                 UEP7bits   0x000f5a       data     extern E:\3.46\pic18-lt\cxx-framework\src\traditional\proc\p18f14k50.asm
                    UFRMH   0x000f5e       data     extern E:\3.46\pic18-lt\cxx-framework\src\traditional\proc\p18f14k50.asm
                UFRMHbits   0x000f5e       data     extern E:\3.46\pic18-lt\cxx-framework\src\traditional\proc\p18f14k50.asm
                    UFRML   0x000f5d       data     extern E:\3.46\pic18-lt\cxx-framework\src\traditional\proc\p18f14k50.asm
                UFRMLbits   0x000f5d       data     extern E:\3.46\pic18-lt\cxx-framework\src\traditional\proc\p18f14k50.asm
                      UIE   0x000f60       data     extern E:\3.46\pic18-lt\cxx-framework\src\traditional\proc\p18f14k50.asm
                  UIEbits   0x000f60       data     extern E:\3.46\pic18-lt\cxx-framework\src\traditional\proc\p18f14k50.asm
                      UIR   0x000f62       data     extern E:\3.46\pic18-lt\cxx-framework\src\traditional\proc\p18f14k50.asm
                  UIRbits   0x000f62       data     extern E:\3.46\pic18-lt\cxx-framework\src\traditional\proc\p18f14k50.asm
   USBActiveConfiguration   0x0000a8       data     extern C:\Users\guroc\Desktop\REVIVE_USB_RENC_Debounce\REVIVE_USB_RENC_Debounce_FW\Microchip\USB\usb_device.c
    USBAlternateInterface   0x0000a9       data     extern C:\Users\guroc\Desktop\REVIVE_USB_RENC_Debounce\REVIVE_USB_RENC_Debounce_FW\Microchip\USB\usb_device.c
        USBBusIsSuspended   0x0000d3       data     extern C:\Users\guroc\Desktop\REVIVE_USB_RENC_Debounce\REVIVE_USB_RENC_Debounce_FW\Microchip\USB\usb_device.c
USBDeferINDataStagePackets   0x0000e5       data     extern C:\Users\guroc\Desktop\REVIVE_USB_RENC_Debounce\REVIVE_USB_RENC_Debounce_FW\Microchip\USB\usb_device.c
USBDeferOUTDataStagePackets   0x0000e6       data     extern C:\Users\guroc\Desktop\REVIVE_USB_RENC_Debounce\REVIVE_USB_RENC_Debounce_FW\Microchip\USB\usb_device.c
USBDeferStatusStagePacket   0x0000e2       data     extern C:\Users\guroc\Desktop\REVIVE_USB_RENC_Debounce\REVIVE_USB_RENC_Debounce_FW\Microchip\USB\usb_device.c
           USBDeviceState   0x0000a7       data     extern C:\Users\guroc\Desktop\REVIVE_USB_RENC_Debounce\REVIVE_USB_RENC_Debounce_FW\Microchip\USB\usb_device.c
              USBInHandle   0x000068       data     extern C:\Users\guroc\Desktop\REVIVE_USB_RENC_Debounce\REVIVE_USB_RENC_Debounce_FW\main.c
             USBOutHandle   0x000066       data     extern C:\Users\guroc\Desktop\REVIVE_USB_RENC_Debounce\REVIVE_USB_RENC_Debounce_FW\main.c
USBStatusStageEnabledFlag1   0x0000e3       data     extern C:\Users\guroc\Desktop\REVIVE_USB_RENC_Debounce\REVIVE_USB_RENC_Debounce_FW\Microchip\USB\usb_device.c
USBStatusStageEnabledFlag2   0x0000e4       data     extern C:\Users\guroc\Desktop\REVIVE_USB_RENC_Debounce\REVIVE_USB_RENC_Debounce_FW\Microchip\USB\usb_device.c
USBStatusStageTimeoutCounter   0x0000e1       data     extern C:\Users\guroc\Desktop\REVIVE_USB_RENC_Debounce\REVIVE_USB_RENC_Debounce_FW\Microchip\USB\usb_device.c
                    USTAT   0x000f63       data     extern E:\3.46\pic18-lt\cxx-framework\src\traditional\proc\p18f14k50.asm
                USTATbits   0x000f63       data     extern E:\3.46\pic18-lt\cxx-framework\src\traditional\proc\p18f14k50.asm
                USTATcopy   0x0000d4       data     extern C:\Users\guroc\Desktop\REVIVE_USB_RENC_Debounce\REVIVE_USB_RENC_Debounce_FW\Microchip\USB\usb_device.c
                 VREFCON0   0x000fba       data     extern E:\3.46\pic18-lt\cxx-framework\src\traditional\proc\p18f14k50.asm
             VREFCON0bits   0x000fba       data     extern E:\3.46\pic18-lt\cxx-framework\src\traditional\proc\p18f14k50.asm
                 VREFCON1   0x000fbb       data     extern E:\3.46\pic18-lt\cxx-framework\src\traditional\proc\p18f14k50.asm
             VREFCON1bits   0x000fbb       data     extern E:\3.46\pic18-lt\cxx-framework\src\traditional\proc\p18f14k50.asm
                 VREFCON2   0x000fbc       data     extern E:\3.46\pic18-lt\cxx-framework\src\traditional\proc\p18f14k50.asm
             VREFCON2bits   0x000fbc       data     extern E:\3.46\pic18-lt\cxx-framework\src\traditional\proc\p18f14k50.asm
                        W   0x000fe8       data     extern E:\3.46\pic18-lt\cxx-framework\src\traditional\proc\p18f14k50.asm
                   WDTCON   0x000fd1       data     extern E:\3.46\pic18-lt\cxx-framework\src\traditional\proc\p18f14k50.asm
               WDTCONbits   0x000fd1       data     extern E:\3.46\pic18-lt\cxx-framework\src\traditional\proc\p18f14k50.asm
                     WPUA   0x000f77       data     extern E:\3.46\pic18-lt\cxx-framework\src\traditional\proc\p18f14k50.asm
                 WPUAbits   0x000f77       data     extern E:\3.46\pic18-lt\cxx-framework\src\traditional\proc\p18f14k50.asm
                     WPUB   0x000f78       data     extern E:\3.46\pic18-lt\cxx-framework\src\traditional\proc\p18f14k50.asm
                 WPUBbits   0x000f78       data     extern E:\3.46\pic18-lt\cxx-framework\src\traditional\proc\p18f14k50.asm
                     WREG   0x000fe8       data     extern E:\3.46\pic18-lt\cxx-framework\src\traditional\proc\p18f14k50.asm
                 __AARGB0   0x000009       data     extern E:\3.46\pic18-lt\cxx-framework\src\traditional\math\aarg.asm
                 __AARGB1   0x000008       data     extern E:\3.46\pic18-lt\cxx-framework\src\traditional\math\aarg.asm
                 __AARGB2   0x000007       data     extern E:\3.46\pic18-lt\cxx-framework\src\traditional\math\aarg.asm
                 __AARGB3   0x000006       data     extern E:\3.46\pic18-lt\cxx-framework\src\traditional\math\aarg.asm
                 __AARGB4   0x000005       data     extern E:\3.46\pic18-lt\cxx-framework\src\traditional\math\aarg.asm
                 __AARGB5   0x000004       data     extern E:\3.46\pic18-lt\cxx-framework\src\traditional\math\aarg.asm
                 __AARGB6   0x000003       data     extern E:\3.46\pic18-lt\cxx-framework\src\traditional\math\aarg.asm
                 __AARGB7   0x000002       data     extern E:\3.46\pic18-lt\cxx-framework\src\traditional\math\aarg.asm
                   __AEXP   0x00000a       data     extern E:\3.46\pic18-lt\cxx-framework\src\traditional\math\aarg.asm
                 __BARGB0   0x00000e       data     extern E:\3.46\pic18-lt\cxx-framework\src\traditional\math\barg.asm
                 __BARGB1   0x00000d       data     extern E:\3.46\pic18-lt\cxx-framework\src\traditional\math\barg.asm
                 __BARGB2   0x00000c       data     extern E:\3.46\pic18-lt\cxx-framework\src\traditional\math\barg.asm
                 __BARGB3   0x00000b       data     extern E:\3.46\pic18-lt\cxx-framework\src\traditional\math\barg.asm
                   __BEXP   0x00000f       data     extern E:\3.46\pic18-lt\cxx-framework\src\traditional\math\barg.asm
                __FPFLAGS   0x000001       data     extern E:\3.46\pic18-lt\cxx-framework\src\traditional\math\cmath18.asm
            __FPFLAGSbits   0x000001       data     extern E:\3.46\pic18-lt\cxx-framework\src\traditional\math\cmath18.asm
                  __REMB0   0x000005       data     extern E:\3.46\pic18-lt\cxx-framework\src\traditional\math\aarg.asm
                  __REMB1   0x000004       data     extern E:\3.46\pic18-lt\cxx-framework\src\traditional\math\aarg.asm
                  __REMB2   0x000003       data     extern E:\3.46\pic18-lt\cxx-framework\src\traditional\math\aarg.asm
                  __REMB3   0x000002       data     extern E:\3.46\pic18-lt\cxx-framework\src\traditional\math\aarg.asm
                   __TEMP   0x000013       data     extern E:\3.46\pic18-lt\cxx-framework\src\traditional\math\temparg.asm
[...]
                 DDRAbits   0x000f92       data     extern E:\3.46\pic18-lt\cxx-framework\src\traditional\proc\p18f14k50.asm
                     DDRA   0x000f92       data     extern E:\3.46\pic18-lt\cxx-framework\src\traditional\proc\p18f14k50.asm
                    TRISB   0x000f93       data     extern E:\3.46\pic18-lt\cxx-framework\src\traditional\proc\p18f14k50.asm
                TRISBbits   0x000f93       data     extern E:\3.46\pic18-lt\cxx-framework\src\traditional\proc\p18f14k50.asm
                 DDRBbits   0x000f93       data     extern E:\3.46\pic18-lt\cxx-framework\src\traditional\proc\p18f14k50.asm
                     DDRB   0x000f93       data     extern E:\3.46\pic18-lt\cxx-framework\src\traditional\proc\p18f14k50.asm
                     DDRC   0x000f94       data     extern E:\3.46\pic18-lt\cxx-framework\src\traditional\proc\p18f14k50.asm
                 DDRCbits   0x000f94       data     extern E:\3.46\pic18-lt\cxx-framework\src\traditional\proc\p18f14k50.asm
                    TRISC   0x000f94       data     extern E:\3.46\pic18-lt\cxx-framework\src\traditional\proc\p18f14k50.asm
                TRISCbits   0x000f94       data     extern E:\3.46\pic18-lt\cxx-framework\src\traditional\proc\p18f14k50.asm
              OSCTUNEbits   0x000f9b       data     extern E:\3.46\pic18-lt\cxx-framework\src\traditional\proc\p18f14k50.asm
                  OSCTUNE   0x000f9b       data     extern E:\3.46\pic18-lt\cxx-framework\src\traditional\proc\p18f14k50.asm
                 PIE1bits   0x000f9d       data     extern E:\3.46\pic18-lt\cxx-framework\src\traditional\proc\p18f14k50.asm
                     PIE1   0x000f9d       data     extern E:\3.46\pic18-lt\cxx-framework\src\traditional\proc\p18f14k50.asm
                     PIR1   0x000f9e       data     extern E:\3.46\pic18-lt\cxx-framework\src\traditional\proc\p18f14k50.asm
                 PIR1bits   0x000f9e       data     extern E:\3.46\pic18-lt\cxx-framework\src\traditional\proc\p18f14k50.asm
                     IPR1   0x000f9f       data     extern E:\3.46\pic18-lt\cxx-framework\src\traditional\proc\p18f14k50.asm
                 IPR1bits   0x000f9f       data     extern E:\3.46\pic18-lt\cxx-framework\src\traditional\proc\p18f14k50.asm
                     PIE2   0x000fa0       data     extern E:\3.46\pic18-lt\cxx-framework\src\traditional\proc\p18f14k50.asm
                 PIE2bits   0x000fa0       data     extern E:\3.46\pic18-lt\cxx-framework\src\traditional\proc\p18f14k50.asm
                     PIR2   0x000fa1       data     extern E:\3.46\pic18-lt\cxx-framework\src\traditional\proc\p18f14k50.asm
                 PIR2bits   0x000fa1       data     extern E:\3.46\pic18-lt\cxx-framework\src\traditional\proc\p18f14k50.asm
                 IPR2bits   0x000fa2       data     extern E:\3.46\pic18-lt\cxx-framework\src\traditional\proc\p18f14k50.asm
                     IPR2   0x000fa2       data     extern E:\3.46\pic18-lt\cxx-framework\src\traditional\proc\p18f14k50.asm
               EECON1bits   0x000fa6       data     extern E:\3.46\pic18-lt\cxx-framework\src\traditional\proc\p18f14k50.asm
                   EECON1   0x000fa6       data     extern E:\3.46\pic18-lt\cxx-framework\src\traditional\proc\p18f14k50.asm
                   EECON2   0x000fa7       data     extern E:\3.46\pic18-lt\cxx-framework\src\traditional\proc\p18f14k50.asm
                   EEDATA   0x000fa8       data     extern E:\3.46\pic18-lt\cxx-framework\src\traditional\proc\p18f14k50.asm
                    EEADR   0x000fa9       data     extern E:\3.46\pic18-lt\cxx-framework\src\traditional\proc\p18f14k50.asm
                EEADRbits   0x000fa9       data     extern E:\3.46\pic18-lt\cxx-framework\src\traditional\proc\p18f14k50.asm
                    RCSTA   0x000fab       data     extern E:\3.46\pic18-lt\cxx-framework\src\traditional\proc\p18f14k50.asm
                RCSTAbits   0x000fab       data     extern E:\3.46\pic18-lt\cxx-framework\src\traditional\proc\p18f14k50.asm
                TXSTAbits   0x000fac       data     extern E:\3.46\pic18-lt\cxx-framework\src\traditional\proc\p18f14k50.asm
                    TXSTA   0x000fac       data     extern E:\3.46\pic18-lt\cxx-framework\src\traditional\proc\p18f14k50.asm
                    TXREG   0x000fad       data     extern E:\3.46\pic18-lt\cxx-framework\src\traditional\proc\p18f14k50.asm
                    RCREG   0x000fae       data     extern E:\3.46\pic18-lt\cxx-framework\src\traditional\proc\p18f14k50.asm
                    SPBRG   0x000faf       data     extern E:\3.46\pic18-lt\cxx-framework\src\traditional\proc\p18f14k50.asm
                   SPBRGH   0x000fb0       data     extern E:\3.46\pic18-lt\cxx-framework\src\traditional\proc\p18f14k50.asm
                    T3CON   0x000fb1       data     extern E:\3.46\pic18-lt\cxx-framework\src\traditional\proc\p18f14k50.asm
                T3CONbits   0x000fb1       data     extern E:\3.46\pic18-lt\cxx-framework\src\traditional\proc\p18f14k50.asm
                    TMR3L   0x000fb2       data     extern E:\3.46\pic18-lt\cxx-framework\src\traditional\proc\p18f14k50.asm
                    TMR3H   0x000fb3       data     extern E:\3.46\pic18-lt\cxx-framework\src\traditional\proc\p18f14k50.asm
                  ECCP1AS   0x000fb6       data     extern E:\3.46\pic18-lt\cxx-framework\src\traditional\proc\p18f14k50.asm
              ECCP1ASbits   0x000fb6       data     extern E:\3.46\pic18-lt\cxx-framework\src\traditional\proc\p18f14k50.asm
              PWM1CONbits   0x000fb7       data     extern E:\3.46\pic18-lt\cxx-framework\src\traditional\proc\p18f14k50.asm
                  PWM1CON   0x000fb7       data     extern E:\3.46\pic18-lt\cxx-framework\src\traditional\proc\p18f14k50.asm
                  BAUDCTL   0x000fb8       data     extern E:\3.46\pic18-lt\cxx-framework\src\traditional\proc\p18f14k50.asm
              BAUDCTLbits   0x000fb8       data     extern E:\3.46\pic18-lt\cxx-framework\src\traditional\proc\p18f14k50.asm
                  BAUDCON   0x000fb8       data     extern E:\3.46\pic18-lt\cxx-framework\src\traditional\proc\p18f14k50.asm
              BAUDCONbits   0x000fb8       data     extern E:\3.46\pic18-lt\cxx-framework\src\traditional\proc\p18f14k50.asm
              PSTRCONbits   0x000fb9       data     extern E:\3.46\pic18-lt\cxx-framework\src\traditional\proc\p18f14k50.asm
                  PSTRCON   0x000fb9       data     extern E:\3.46\pic18-lt\cxx-framework\src\traditional\proc\p18f14k50.asm
                  REFCON0   0x000fba       data     extern E:\3.46\pic18-lt\cxx-framework\src\traditional\proc\p18f14k50.asm
                 VREFCON0   0x000fba       data     extern E:\3.46\pic18-lt\cxx-framework\src\traditional\proc\p18f14k50.asm
             VREFCON0bits   0x000fba       data     extern E:\3.46\pic18-lt\cxx-framework\src\traditional\proc\p18f14k50.asm
              REFCON0bits   0x000fba       data     extern E:\3.46\pic18-lt\cxx-framework\src\traditional\proc\p18f14k50.asm
                 VREFCON1   0x000fbb       data     extern E:\3.46\pic18-lt\cxx-framework\src\traditional\proc\p18f14k50.asm
             VREFCON1bits   0x000fbb       data     extern E:\3.46\pic18-lt\cxx-framework\src\traditional\proc\p18f14k50.asm
              REFCON1bits   0x000fbb       data     extern E:\3.46\pic18-lt\cxx-framework\src\traditional\proc\p18f14k50.asm
                  REFCON1   0x000fbb       data     extern E:\3.46\pic18-lt\cxx-framework\src\traditional\proc\p18f14k50.asm
              REFCON2bits   0x000fbc       data     extern E:\3.46\pic18-lt\cxx-framework\src\traditional\proc\p18f14k50.asm
                  REFCON2   0x000fbc       data     extern E:\3.46\pic18-lt\cxx-framework\src\traditional\proc\p18f14k50.asm
                 VREFCON2   0x000fbc       data     extern E:\3.46\pic18-lt\cxx-framework\src\traditional\proc\p18f14k50.asm
             VREFCON2bits   0x000fbc       data     extern E:\3.46\pic18-lt\cxx-framework\src\traditional\proc\p18f14k50.asm
                  CCP1CON   0x000fbd       data     extern E:\3.46\pic18-lt\cxx-framework\src\traditional\proc\p18f14k50.asm
              CCP1CONbits   0x000fbd       data     extern E:\3.46\pic18-lt\cxx-framework\src\traditional\proc\p18f14k50.asm
                   CCPR1L   0x000fbe       data     extern E:\3.46\pic18-lt\cxx-framework\src\traditional\proc\p18f14k50.asm
                    CCPR1   0x000fbe       data     extern E:\3.46\pic18-lt\cxx-framework\src\traditional\proc\p18f14k50.asm
                   CCPR1H   0x000fbf       data     extern E:\3.46\pic18-lt\cxx-framework\src\traditional\proc\p18f14k50.asm
               ADCON2bits   0x000fc0       data     extern E:\3.46\pic18-lt\cxx-framework\src\traditional\proc\p18f14k50.asm
                   ADCON2   0x000fc0       data     extern E:\3.46\pic18-lt\cxx-framework\src\traditional\proc\p18f14k50.asm
               ADCON1bits   0x000fc1       data     extern E:\3.46\pic18-lt\cxx-framework\src\traditional\proc\p18f14k50.asm
                   ADCON1   0x000fc1       data     extern E:\3.46\pic18-lt\cxx-framework\src\traditional\proc\p18f14k50.asm
                   ADCON0   0x000fc2       data     extern E:\3.46\pic18-lt\cxx-framework\src\traditional\proc\p18f14k50.asm
               ADCON0bits   0x000fc2       data     extern E:\3.46\pic18-lt\cxx-framework\src\traditional\proc\p18f14k50.asm
                    ADRES   0x000fc3       data     extern E:\3.46\pic18-lt\cxx-framework\src\traditional\proc\p18f14k50.asm
                   ADRESL   0x000fc3       data     extern E:\3.46\pic18-lt\cxx-framework\src\traditional\proc\p18f14k50.asm
                   ADRESH   0x000fc4       data     extern E:\3.46\pic18-lt\cxx-framework\src\traditional\proc\p18f14k50.asm
                  SSPCON2   0x000fc5       data     extern E:\3.46\pic18-lt\cxx-framework\src\traditional\proc\p18f14k50.asm
              SSPCON2bits   0x000fc5       data     extern E:\3.46\pic18-lt\cxx-framework\src\traditional\proc\p18f14k50.asm
              SSPCON1bits   0x000fc6       data     extern E:\3.46\pic18-lt\cxx-framework\src\traditional\proc\p18f14k50.asm
                  SSPCON1   0x000fc6       data     extern E:\3.46\pic18-lt\cxx-framework\src\traditional\proc\p18f14k50.asm
                  SSPSTAT   0x000fc7       data     extern E:\3.46\pic18-lt\cxx-framework\src\traditional\proc\p18f14k50.asm
              SSPSTATbits   0x000fc7       data     extern E:\3.46\pic18-lt\cxx-framework\src\traditional\proc\p18f14k50.asm
                   SSPADD   0x000fc8       data     extern E:\3.46\pic18-lt\cxx-framework\src\traditional\proc\p18f14k50.asm
                   SSPBUF   0x000fc9       data     extern E:\3.46\pic18-lt\cxx-framework\src\traditional\proc\p18f14k50.asm
                    T2CON   0x000fca       data     extern E:\3.46\pic18-lt\cxx-framework\src\traditional\proc\p18f14k50.asm
                T2CONbits   0x000fca       data     extern E:\3.46\pic18-lt\cxx-framework\src\traditional\proc\p18f14k50.asm
                      PR2   0x000fcb       data     extern E:\3.46\pic18-lt\cxx-framework\src\traditional\proc\p18f14k50.asm
                     TMR2   0x000fcc       data     extern E:\3.46\pic18-lt\cxx-framework\src\traditional\proc\p18f14k50.asm
                    T1CON   0x000fcd       data     extern E:\3.46\pic18-lt\cxx-framework\src\traditional\proc\p18f14k50.asm
                T1CONbits   0x000fcd       data     extern E:\3.46\pic18-lt\cxx-framework\src\traditional\proc\p18f14k50.asm
                    TMR1L   0x000fce       data     extern E:\3.46\pic18-lt\cxx-framework\src\traditional\proc\p18f14k50.asm
                    TMR1H   0x000fcf       data     extern E:\3.46\pic18-lt\cxx-framework\src\traditional\proc\p18f14k50.asm
                     RCON   0x000fd0       data     extern E:\3.46\pic18-lt\cxx-framework\src\traditional\proc\p18f14k50.asm
                 RCONbits   0x000fd0       data     extern E:\3.46\pic18-lt\cxx-framework\src\traditional\proc\p18f14k50.asm
                   WDTCON   0x000fd1       data     extern E:\3.46\pic18-lt\cxx-framework\src\traditional\proc\p18f14k50.asm
               WDTCONbits   0x000fd1       data     extern E:\3.46\pic18-lt\cxx-framework\src\traditional\proc\p18f14k50.asm
                  OSCCON2   0x000fd2       data     extern E:\3.46\pic18-lt\cxx-framework\src\traditional\proc\p18f14k50.asm
              OSCCON2bits   0x000fd2       data     extern E:\3.46\pic18-lt\cxx-framework\src\traditional\proc\p18f14k50.asm
                   OSCCON   0x000fd3       data     extern E:\3.46\pic18-lt\cxx-framework\src\traditional\proc\p18f14k50.asm
               OSCCONbits   0x000fd3       data     extern E:\3.46\pic18-lt\cxx-framework\src\traditional\proc\p18f14k50.asm
                T0CONbits   0x000fd5       data     extern E:\3.46\pic18-lt\cxx-framework\src\traditional\proc\p18f14k50.asm
                    T0CON   0x000fd5       data     extern E:\3.46\pic18-lt\cxx-framework\src\traditional\proc\p18f14k50.asm
                    TMR0L   0x000fd6       data     extern E:\3.46\pic18-lt\cxx-framework\src\traditional\proc\p18f14k50.asm
                    TMR0H   0x000fd7       data     extern E:\3.46\pic18-lt\cxx-framework\src\traditional\proc\p18f14k50.asm
                   STATUS   0x000fd8       data     extern E:\3.46\pic18-lt\cxx-framework\src\traditional\proc\p18f14k50.asm
               STATUSbits   0x000fd8       data     extern E:\3.46\pic18-lt\cxx-framework\src\traditional\proc\p18f14k50.asm
                    FSR2L   0x000fd9       data     extern E:\3.46\pic18-lt\cxx-framework\src\traditional\proc\p18f14k50.asm
                     FSR2   0x000fd9       data     extern E:\3.46\pic18-lt\cxx-framework\src\traditional\proc\p18f14k50.asm
                    FSR2H   0x000fda       data     extern E:\3.46\pic18-lt\cxx-framework\src\traditional\proc\p18f14k50.asm
                   PLUSW2   0x000fdb       data     extern E:\3.46\pic18-lt\cxx-framework\src\traditional\proc\p18f14k50.asm
                  PREINC2   0x000fdc       data     extern E:\3.46\pic18-lt\cxx-framework\src\traditional\proc\p18f14k50.asm
                 POSTDEC2   0x000fdd       data     extern E:\3.46\pic18-lt\cxx-framework\src\traditional\proc\p18f14k50.asm
                 POSTINC2   0x000fde       data     extern E:\3.46\pic18-lt\cxx-framework\src\traditional\proc\p18f14k50.asm
                    INDF2   0x000fdf       data     extern E:\3.46\pic18-lt\cxx-framework\src\traditional\proc\p18f14k50.asm
                      BSR   0x000fe0       data     extern E:\3.46\pic18-lt\cxx-framework\src\traditional\proc\p18f14k50.asm
                    FSR1L   0x000fe1       data     extern E:\3.46\pic18-lt\cxx-framework\src\traditional\proc\p18f14k50.asm
                     FSR1   0x000fe1       data     extern E:\3.46\pic18-lt\cxx-framework\src\traditional\proc\p18f14k50.asm
                    FSR1H   0x000fe2       data     extern E:\3.46\pic18-lt\cxx-framework\src\traditional\proc\p18f14k50.asm
                   PLUSW1   0x000fe3       data     extern E:\3.46\pic18-lt\cxx-framework\src\traditional\proc\p18f14k50.asm
                  PREINC1   0x000fe4       data     extern E:\3.46\pic18-lt\cxx-framework\src\traditional\proc\p18f14k50.asm
                 POSTDEC1   0x000fe5       data     extern E:\3.46\pic18-lt\cxx-framework\src\traditional\proc\p18f14k50.asm
                 POSTINC1   0x000fe6       data     extern E:\3.46\pic18-lt\cxx-framework\src\traditional\proc\p18f14k50.asm
                    INDF1   0x000fe7       data     extern E:\3.46\pic18-lt\cxx-framework\src\traditional\proc\p18f14k50.asm
                     WREG   0x000fe8       data     extern E:\3.46\pic18-lt\cxx-framework\src\traditional\proc\p18f14k50.asm
                        W   0x000fe8       data     extern E:\3.46\pic18-lt\cxx-framework\src\traditional\proc\p18f14k50.asm
                     FSR0   0x000fe9       data     extern E:\3.46\pic18-lt\cxx-framework\src\traditional\proc\p18f14k50.asm
                    FSR0L   0x000fe9       data     extern E:\3.46\pic18-lt\cxx-framework\src\traditional\proc\p18f14k50.asm
                    FSR0H   0x000fea       data     extern E:\3.46\pic18-lt\cxx-framework\src\traditional\proc\p18f14k50.asm
                   PLUSW0   0x000feb       data     extern E:\3.46\pic18-lt\cxx-framework\src\traditional\proc\p18f14k50.asm
                  PREINC0   0x000fec       data     extern E:\3.46\pic18-lt\cxx-framework\src\traditional\proc\p18f14k50.asm
                 POSTDEC0   0x000fed       data     extern E:\3.46\pic18-lt\cxx-framework\src\traditional\proc\p18f14k50.asm
                 POSTINC0   0x000fee       data     extern E:\3.46\pic18-lt\cxx-framework\src\traditional\proc\p18f14k50.asm
                    INDF0   0x000fef       data     extern E:\3.46\pic18-lt\cxx-framework\src\traditional\proc\p18f14k50.asm
              INTCON3bits   0x000ff0       data     extern E:\3.46\pic18-lt\cxx-framework\src\traditional\proc\p18f14k50.asm
                  INTCON3   0x000ff0       data     extern E:\3.46\pic18-lt\cxx-framework\src\traditional\proc\p18f14k50.asm
              INTCON2bits   0x000ff1       data     extern E:\3.46\pic18-lt\cxx-framework\src\traditional\proc\p18f14k50.asm
                  INTCON2   0x000ff1       data     extern E:\3.46\pic18-lt\cxx-framework\src\traditional\proc\p18f14k50.asm
               INTCONbits   0x000ff2       data     extern E:\3.46\pic18-lt\cxx-framework\src\traditional\proc\p18f14k50.asm
                   INTCON   0x000ff2       data     extern E:\3.46\pic18-lt\cxx-framework\src\traditional\proc\p18f14k50.asm
                     PROD   0x000ff3       data     extern E:\3.46\pic18-lt\cxx-framework\src\traditional\proc\p18f14k50.asm
                    PRODL   0x000ff3       data     extern E:\3.46\pic18-lt\cxx-framework\src\traditional\proc\p18f14k50.asm
                    PRODH   0x000ff4       data     extern E:\3.46\pic18-lt\cxx-framework\src\traditional\proc\p18f14k50.asm
                   TABLAT   0x000ff5       data     extern E:\3.46\pic18-lt\cxx-framework\src\traditional\proc\p18f14k50.asm
                   TBLPTR   0x000ff6       data     extern E:\3.46\pic18-lt\cxx-framework\src\traditional\proc\p18f14k50.asm
                  TBLPTRL   0x000ff6       data     extern E:\3.46\pic18-lt\cxx-framework\src\traditional\proc\p18f14k50.asm
                  TBLPTRH   0x000ff7       data     extern E:\3.46\pic18-lt\cxx-framework\src\traditional\proc\p18f14k50.asm
                  TBLPTRU   0x000ff8       data     extern E:\3.46\pic18-lt\cxx-framework\src\traditional\proc\p18f14k50.asm
                      PCL   0x000ff9       data     extern E:\3.46\pic18-lt\cxx-framework\src\traditional\proc\p18f14k50.asm
                       PC   0x000ff9       data     extern E:\3.46\pic18-lt\cxx-framework\src\traditional\proc\p18f14k50.asm
                   PCLATH   0x000ffa       data     extern E:\3.46\pic18-lt\cxx-framework\src\traditional\proc\p18f14k50.asm
                   PCLATU   0x000ffb       data     extern E:\3.46\pic18-lt\cxx-framework\src\traditional\proc\p18f14k50.asm
               STKPTRbits   0x000ffc       data     extern E:\3.46\pic18-lt\cxx-framework\src\traditional\proc\p18f14k50.asm
                   STKPTR   0x000ffc       data     extern E:\3.46\pic18-lt\cxx-framework\src\traditional\proc\p18f14k50.asm
                      TOS   0x000ffd       data     extern E:\3.46\pic18-lt\cxx-framework\src\traditional\proc\p18f14k50.asm
                     TOSL   0x000ffd       data     extern E:\3.46\pic18-lt\cxx-framework\src\traditional\proc\p18f14k50.asm
                     TOSH   0x000ffe       data     extern E:\3.46\pic18-lt\cxx-framework\src\traditional\proc\p18f14k50.asm
                     TOSU   0x000fff       data     extern E:\3.46\pic18-lt\cxx-framework\src\traditional\proc\p18f14k50.asm


